******************************************************************************
            TI ARM Clang Linker PC v4.0.1                      
******************************************************************************
>> Linked Thu Feb 27 14:21:41 2025

OUTPUT FILE NAME:   <ECE319K_Lab4.out>
ENTRY POINT SYMBOL: "_c_int00_noargs"  address: 000014e1


MEMORY CONFIGURATION

         name            origin    length      used     unused   attr    fill
----------------------  --------  ---------  --------  --------  ----  --------
  FLASH                 00000000   00020000  00001e90  0001e170  R  X
  SRAM                  20200000   00008000  000006f8  00007908  RW X
  BCR_CONFIG            41c00000   00000080  00000000  00000080  R   
  BSL_CONFIG            41c00100   00000080  00000000  00000080  R   


SEGMENT ALLOCATION MAP

run origin  load origin   length   init length attrs members
----------  ----------- ---------- ----------- ----- -------
00000000    00000000    00001e90   00001e90    r-x
  00000000    00000000    000000c0   000000c0    r-- .intvecs
  000000c0    000000c0    000015d0   000015d0    r-x .text
  00001690    00001690    00000730   00000730    r-- .rodata
  00001dc0    00001dc0    000000d0   000000d0    r-- .cinit
20200000    20200000    000004f8   00000000    rw-
  20200000    20200000    00000260   00000000    rw- .data
  20200260    20200260    00000200   00000000    rw- .sysmem
  20200460    20200460    00000098   00000000    rw- .bss
20207e00    20207e00    00000200   00000000    rw-
  20207e00    20207e00    00000200   00000000    rw- .stack


SECTION ALLOCATION MAP

 output                                  attributes/
section   page    origin      length       input sections
--------  ----  ----------  ----------   ----------------
.intvecs   0    00000000    000000c0     
                  00000000    000000c0     startup_mspm0g3507_ticlang.o (.intvecs)

.text      0    000000c0    000015d0     
                  000000c0    0000031c     ECE319K_Lab4Grader.o (.text.TIMG7_IRQHandler)
                  000003dc    00000298     ECE319K_Lab4Grader.o (.text.CheckInitialization)
                  00000674    00000294     ECE319K_Lab4Grader.o (.text.Lab4Grader)
                  00000908    000001b4     Clock.o (.text.Clock_Init80MHz)
                  00000abc    00000130     UARTints.o (.text.UART_Init)
                  00000bec    000000a8     Timer.o (.text.TimerG7_IntArm)
                  00000c94    0000000c     Clock.o (.text.Clock_Freq)
                  00000ca0    00000088     libc.a : strcmp-armv6m.S.obj (.text:strcmp)
                  00000d28    0000007c     LaunchPad.o (.text.LaunchPad_Init)
                  00000da4    0000007c     ECE319K_Lab4Grader.o (.text.ReadSensor)
                  00000e20    0000007c     ECE319K_Lab4main.o (.text.Traffic_Init)
                  00000e9c    0000007c     libc.a : copy_decompress_lzss.c.obj (.text:decompress:lzss)
                  00000f18    00000064     ECE319K_Lab4Grader.o (.text.GetState)
                  00000f7c    0000005c     ECE319K_Lab4Grader.o (.text.ReadSouth)
                  00000fd8    0000005c     UARTints.o (.text.UART0_IRQHandler)
                  00001034    00000058     UARTints.o (.text.copyHardwareToSoftware)
                  0000108c    00000058     ECE319K_Lab4main.o (.text.main)
                  000010e4    0000004c     ECE319K_Lab4Grader.o (.text.ReadWest)
                  00001130    0000004c     FIFO.o (.text.RxFifo_Put)
                  0000117c    0000004c     FIFO.o (.text.TxFifo_Get)
                  000011c8    0000004c     FIFO.o (.text.TxFifo_Put)
                  00001214    0000004c     UARTints.o (.text.copySoftwareToHardware)
                  00001260    00000044     ECE319K_Lab4main.o (.text.Traffic_In)
                  000012a4    00000040     UARTints.o (.text.UART_OutChar)
                  000012e4    00000040     libclang_rt.builtins.a : aeabi_uidivmod.S.obj (.text.__aeabi_uidivmod)
                  00001324    0000003c     libc.a : autoinit.c.obj (.text:__TI_auto_init_nobinit_nopinit)
                  00001360    00000038     LaunchPad.o (.text.ActivatePortA_B)
                  00001398    00000036     UART.o (.text.UART_OutUDec)
                  000013ce    00000002     libclang_rt.builtins.a : aeabi_div0.c.obj (.text.__aeabi_idiv0)
                  000013d0    00000034     Clock.o (.text.SysTick_Wait)
                  00001404    00000034     ECE319K_Lab4Grader.o (.text.setUpper)
                  00001438    00000030     ECE319K_Lab4main.o (.text.Traffic_Out)
                  00001468    00000028     ECE319K_Lab4Grader.o (.text.Grader_Init)
                  00001490    00000028     ECE319K_Lab4Grader.o (.text.ReadWalk)
                  000014b8    00000028     Clock.o (.text.SysTick_Wait10ms)
                  000014e0    00000028     libc.a : boot_cortex_m.c.obj (.text:_c_int00_noargs)
                  00001508    00000026     UART.o (.text.UART_OutString)
                  0000152e    00000002     --HOLE-- [fill = 0]
                  00001530    00000020     ECE319K_Lab4Grader.o (.text.Random32)
                  00001550    00000020     Clock.o (.text.SysTick_Init)
                  00001570    0000001c     startup_mspm0g3507_ticlang.o (.text.Default_Handler)
                  0000158c    0000001c     startup_mspm0g3507_ticlang.o (.text.HardFault_Handler)
                  000015a8    00000018     FIFO.o (.text.RxFifo_Size)
                  000015c0    00000018     FIFO.o (.text.TxFifo_Size)
                  000015d8    00000016     libc.a : copy_zero_init.c.obj (.text:decompress:ZI:__TI_zero_init_nomemset)
                  000015ee    00000002     --HOLE-- [fill = 0]
                  000015f0    00000014     FIFO.o (.text.RxFifo_Init)
                  00001604    00000014     FIFO.o (.text.TxFifo_Init)
                  00001618    00000012     libc.a : memcpy16.S.obj (.text:TI_memcpy_small)
                  0000162a    00000012            : copy_decompress_none.c.obj (.text:decompress:none)
                  0000163c    00000010     Clock.o (.text.Clock_Delay)
                  0000164c    00000010     LaunchPad.o (.text.Delay)
                  0000165c    00000010     ECE319K_Lab4Grader.o (.text.OutCRLF)
                  0000166c    0000000c     LaunchPad.o (.text.LaunchPad_LED1off)
                  00001678    00000008     libclang_rt.builtins.a : aeabi_memcpy.S.obj (.text.__aeabi_memcpy)
                  00001680    00000004     startup_mspm0g3507_ticlang.o (.text.Reset_Handler)
                  00001684    00000004     libc.a : pre_init.c.obj (.text._system_pre_init)
                  00001688    00000004            : exit.c.obj (.text:abort)
                  0000168c    00000004     --HOLE-- [fill = 0]

.cinit     0    00001dc0    000000d0     
                  00001dc0    000000ac     (.cinit..data.load) [load image, compression = lzss]
                  00001e6c    0000000c     (__TI_handler_table)
                  00001e78    00000008     (.cinit..bss.load) [load image, compression = zero_init]
                  00001e80    00000010     (__TI_cinit_table)

.rodata    0    00001690    00000730     
                  00001690    00000140     ECE319K_Lab4Grader.o (.rodata.SensorProblem)
                  000017d0    000000f0     ECE319K_Lab4Grader.o (.rodata.SouthProblem)
                  000018c0    000000c8     ECE319K_Lab4Grader.o (.rodata.PatternProblem)
                  00001988    000000c4     ECE319K_Lab4Grader.o (.rodata.pat)
                  00001a4c    000000a0     ECE319K_Lab4Grader.o (.rodata.WestProblem)
                  00001aec    0000003c     ECE319K_Lab4Grader.o (.rodata.str1.33178702382128063511)
                  00001b28    0000003b     ECE319K_Lab4Grader.o (.rodata.str1.34338108663945114111)
                  00001b63    0000003b     ECE319K_Lab4Grader.o (.rodata.str1.83965500955376455081)
                  00001b9e    0000003a     ECE319K_Lab4Grader.o (.rodata.str1.46641900071989434961)
                  00001bd8    00000039     ECE319K_Lab4Grader.o (.rodata.str1.101786750012153853561)
                  00001c11    00000037     ECE319K_Lab4Grader.o (.rodata.str1.89826471332389254811)
                  00001c48    0000002f     ECE319K_Lab4Grader.o (.rodata.str1.72217892764431003391)
                  00001c77    0000002d     ECE319K_Lab4Grader.o (.rodata.str1.126612601997215824021)
                  00001ca4    0000001c     ECE319K_Lab4Grader.o (.rodata.validPatterns)
                  00001cc0    00000018     ECE319K_Lab4Grader.o (.rodata.Patterns)
                  00001cd8    00000015     ECE319K_Lab4Grader.o (.rodata.str1.116433098454076486001)
                  00001ced    00000014     ECE319K_Lab4Grader.o (.rodata.str1.144391106505873079501)
                  00001d01    00000014     ECE319K_Lab4Grader.o (.rodata.str1.6113954655642233881)
                  00001d15    00000011     ECE319K_Lab4Grader.o (.rodata.str1.114852366240512568111)
                  00001d26    00000011     ECE319K_Lab4Grader.o (.rodata.str1.159714553038272807631)
                  00001d37    00000011     ECE319K_Lab4Grader.o (.rodata.str1.26264556204412158021)
                  00001d48    00000010     ECE319K_Lab4Grader.o (.rodata.str1.100997235355534114531)
                  00001d58    00000010     ECE319K_Lab4Grader.o (.rodata.str1.178541419972375408971)
                  00001d68    0000000d     ECE319K_Lab4Grader.o (.rodata.str1.23889265132940433811)
                  00001d75    0000000a     ECE319K_Lab4Grader.o (.rodata.str1.26563150357451494811)
                  00001d7f    0000000a     ECE319K_Lab4Grader.o (.rodata.str1.69906889678196165881)
                  00001d89    00000008     ECE319K_Lab4main.o (.rodata.EID1)
                  00001d91    00000008     ECE319K_Lab4Grader.o (.rodata.str1.168399637756820142381)
                  00001d99    00000007     ECE319K_Lab4main.o (.rodata.EID2)
                  00001da0    00000007     ECE319K_Lab4Grader.o (.rodata.str1.142566647173898256291)
                  00001da7    00000007     ECE319K_Lab4Grader.o (.rodata.str1.80107736207525412591)
                  00001dae    00000007     ECE319K_Lab4Grader.o (.rodata.str1.85906719155229904161)
                  00001db5    00000006     ECE319K_Lab4Grader.o (.rodata.str1.133361453838061636321)
                  00001dbb    00000005     ECE319K_Lab4Grader.o (.rodata.str1.154730482690474842861)

.init_array 
*          0    00000000    00000000     UNINITIALIZED

.binit     0    00000000    00000000     

.data      0    20200000    00000260     UNINITIALIZED
                  20200000    00000240     ECE319K_Lab4main.o (.data.FSM)
                  20200240    00000004     Clock.o (.data.BusFreq)
                  20200244    00000004     ECE319K_Lab4Grader.o (.data.Fail)
                  20200248    00000004     ECE319K_Lab4Grader.o (.data.PatternMode)
                  2020024c    00000004     ECE319K_Lab4Grader.o (.data.Score)
                  20200250    00000004     ECE319K_Lab4Grader.o (.data.SensorMode)
                  20200254    00000004     ECE319K_Lab4Grader.o (.data.SouthMode)
                  20200258    00000004     ECE319K_Lab4Grader.o (.data.Time)
                  2020025c    00000004     ECE319K_Lab4Grader.o (.data.WestMode)

.sysmem    0    20200260    00000200     UNINITIALIZED
                  20200260    00000010     libc.a : memory.c.obj (.sysmem)
                  20200270    000001f0     --HOLE--

.bss       0    20200460    00000098     UNINITIALIZED
                  20200460    00000040     FIFO.o (.bss.TxFifo)
                  202004a0    00000010     FIFO.o (.bss.RxFifo)
                  202004b0    00000004     (.common:LastIn)
                  202004b4    00000004     (.common:LastOut)
                  202004b8    00000004     (.common:LastState)
                  202004bc    00000004     (.common:LookingFlag)
                  202004c0    00000004     (.common:LookingFor)
                  202004c4    00000004     (.common:M)
                  202004c8    00000004     (.common:NeedState)
                  202004cc    00000004     (.common:RxGetI)
                  202004d0    00000004     (.common:RxPutI)
                  202004d4    00000004     (.common:SouthInput)
                  202004d8    00000004     (.common:TxGetI)
                  202004dc    00000004     (.common:TxPutI)
                  202004e0    00000004     (.common:WalkInput)
                  202004e4    00000004     (.common:WestInput)
                  202004e8    00000004     (.common:WrongState)
                  202004ec    00000004     (.common:in)
                  202004f0    00000004     (.common:out)
                  202004f4    00000004     (.common:state)

.stack     0    20207e00    00000200     UNINITIALIZED
                  20207e00    00000004     libc.a : boot_cortex_m.c.obj (.stack)
                  20207e04    000001fc     --HOLE--

__llvm_prf_cnts 
*          0    20200000    00000000     UNINITIALIZED

__llvm_prf_bits 
*          0    20200000    00000000     UNINITIALIZED

MODULE SUMMARY

       Module                         code   ro data   rw data
       ------                         ----   -------   -------
    .\
       ECE319K_Lab4Grader.o           2692   1825      72     
       ECE319K_Lab4main.o             328    15        588    
       UARTints.o                     624    0         0      
       Clock.o                        588    0         4      
       FIFO.o                         316    0         96     
       LaunchPad.o                    208    0         0      
       Timer.o                        168    0         0      
       UART.o                         92     0         0      
    +--+------------------------------+------+---------+---------+
       Total:                         5016   1840      760    
                                                              
    .\ticlang\
       startup_mspm0g3507_ticlang.o   60     192       0      
    +--+------------------------------+------+---------+---------+
       Total:                         60     192       0      
                                                              
    C:\ti\ccs2000\ccs\tools\compiler\ti-cgt-armllvm_4.0.1.LTS\lib\armv6m-ti-none-eabi/c/libc.a
       strcmp-armv6m.S.obj            136    0         0      
       copy_decompress_lzss.c.obj     124    0         0      
       autoinit.c.obj                 60     0         0      
       boot_cortex_m.c.obj            40     0         0      
       copy_zero_init.c.obj           22     0         0      
       copy_decompress_none.c.obj     18     0         0      
       memcpy16.S.obj                 18     0         0      
       exit.c.obj                     4      0         0      
       pre_init.c.obj                 4      0         0      
    +--+------------------------------+------+---------+---------+
       Total:                         426    0         0      
                                                              
    C:\ti\ccs2000\ccs\tools\compiler\ti-cgt-armllvm_4.0.1.LTS\lib\armv6m-ti-none-eabi/libclang_rt.builtins.a
       aeabi_uidivmod.S.obj           64     0         0      
       aeabi_memcpy.S.obj             8      0         0      
       aeabi_div0.c.obj               2      0         0      
    +--+------------------------------+------+---------+---------+
       Total:                         74     0         0      
                                                              
       Heap:                          0      0         512    
       Stack:                         0      0         512    
       Linker Generated:              0      208       0      
    +--+------------------------------+------+---------+---------+
       Grand Total:                   5576   2240      1784   


LINKER GENERATED COPY TABLES

__TI_cinit_table @ 00001e80 records: 2, size/record: 8, table size: 16
	.data: load addr=00001dc0, load size=000000ac bytes, run addr=20200000, run size=00000260 bytes, compression=lzss
	.bss: load addr=00001e78, load size=00000008 bytes, run addr=20200460, run size=00000098 bytes, compression=zero_init


LINKER GENERATED HANDLER TABLE

__TI_handler_table @ 00001e6c records: 3, size/record: 4, table size: 12
	index: 0, handler: __TI_decompress_lzss
	index: 1, handler: __TI_decompress_none
	index: 2, handler: __TI_zero_init


GLOBAL SYMBOLS: SORTED ALPHABETICALLY BY Name 

address   name                          
-------   ----                          
00001571  ADC0_IRQHandler               
00001571  ADC1_IRQHandler               
00001571  AES_IRQHandler                
00001361  ActivatePortA_B               
20200240  BusFreq                       
00001688  C$$EXIT                       
00001571  CANFD0_IRQHandler             
000003dd  CheckInitialization           
0000163d  Clock_Delay                   
00000c95  Clock_Freq                    
00000909  Clock_Init80MHz               
00001571  DAC0_IRQHandler               
00001571  DMA_IRQHandler                
00001571  Default_Handler               
0000164d  Delay                         
00001d89  EID1                          
00001d99  EID2                          
20200000  FSM                           
00001571  GROUP0_IRQHandler             
00001571  GROUP1_IRQHandler             
00000f19  GetState                      
00001469  Grader_Init                   
0000158d  HardFault_Handler             
00001571  I2C0_IRQHandler               
00001571  I2C1_IRQHandler               
00000675  Lab4Grader                    
202004b0  LastIn                        
202004b4  LastOut                       
202004b8  LastState                     
00000d29  LaunchPad_Init                
0000166d  LaunchPad_LED1off             
202004bc  LookingFlag                   
202004c0  LookingFor                    
202004c4  M                             
00001571  NMI_Handler                   
202004c8  NeedState                     
0000165d  OutCRLF                       
000018c0  PatternProblem                
00001cc0  Patterns                      
00001571  PendSV_Handler                
00001571  RTC_IRQHandler                
00001531  Random32                      
00000da5  ReadSensor                    
00000f7d  ReadSouth                     
00001491  ReadWalk                      
000010e5  ReadWest                      
00001681  Reset_Handler                 
000015f1  RxFifo_Init                   
00001131  RxFifo_Put                    
000015a9  RxFifo_Size                   
202004cc  RxGetI                        
202004d0  RxPutI                        
00001571  SPI0_IRQHandler               
00001571  SPI1_IRQHandler               
00001571  SVC_Handler                   
00001690  SensorProblem                 
202004d4  SouthInput                    
000017d0  SouthProblem                  
00001571  SysTick_Handler               
00001551  SysTick_Init                  
000013d1  SysTick_Wait                  
000014b9  SysTick_Wait10ms              
00001571  TIMA0_IRQHandler              
00001571  TIMA1_IRQHandler              
00001571  TIMG0_IRQHandler              
00001571  TIMG12_IRQHandler             
00001571  TIMG6_IRQHandler              
000000c1  TIMG7_IRQHandler              
00001571  TIMG8_IRQHandler              
00001619  TI_memcpy_small               
20200258  Time                          
00000bed  TimerG7_IntArm                
00001261  Traffic_In                    
00000e21  Traffic_Init                  
00001439  Traffic_Out                   
0000117d  TxFifo_Get                    
00001605  TxFifo_Init                   
000011c9  TxFifo_Put                    
000015c1  TxFifo_Size                   
202004d8  TxGetI                        
202004dc  TxPutI                        
00000fd9  UART0_IRQHandler              
00001571  UART1_IRQHandler              
00001571  UART2_IRQHandler              
00001571  UART3_IRQHandler              
00000abd  UART_Init                     
000012a5  UART_OutChar                  
00001509  UART_OutString                
00001399  UART_OutUDec                  
202004e0  WalkInput                     
202004e4  WestInput                     
00001a4c  WestProblem                   
202004e8  WrongState                    
20208000  __STACK_END                   
00000200  __STACK_SIZE                  
00000200  __SYSMEM_SIZE                 
00000000  __TI_ATRegion0_region_sz      
00000000  __TI_ATRegion0_src_addr       
00000000  __TI_ATRegion0_trg_addr       
00000000  __TI_ATRegion1_region_sz      
00000000  __TI_ATRegion1_src_addr       
00000000  __TI_ATRegion1_trg_addr       
00000000  __TI_ATRegion2_region_sz      
00000000  __TI_ATRegion2_src_addr       
00000000  __TI_ATRegion2_trg_addr       
00001e80  __TI_CINIT_Base               
00001e90  __TI_CINIT_Limit              
00001e90  __TI_CINIT_Warm               
00001e6c  __TI_Handler_Table_Base       
00001e78  __TI_Handler_Table_Limit      
00001325  __TI_auto_init_nobinit_nopinit
00000e9d  __TI_decompress_lzss          
0000162b  __TI_decompress_none          
ffffffff  __TI_pprof_out_hndl           
ffffffff  __TI_prof_data_size           
ffffffff  __TI_prof_data_start          
00000000  __TI_static_base__            
000015d9  __TI_zero_init_nomemset       
000013cf  __aeabi_idiv0                 
00001679  __aeabi_memcpy                
00001679  __aeabi_memcpy4               
00001679  __aeabi_memcpy8               
000012e5  __aeabi_uidiv                 
000012e5  __aeabi_uidivmod              
ffffffff  __binit__                     
UNDEFED   __mpu_init                    
20207e00  __stack                       
20200000  __start___llvm_prf_bits       
20200000  __start___llvm_prf_cnts       
20200000  __stop___llvm_prf_bits        
20200000  __stop___llvm_prf_cnts        
000014e1  _c_int00_noargs               
20200260  _sys_memory                   
UNDEFED   _system_post_cinit            
00001685  _system_pre_init              
00001689  abort                         
ffffffff  binit                         
202004ec  in                            
00000000  interruptVectors              
0000108d  main                          
202004f0  out                           
00001988  pat                           
00001405  setUpper                      
202004f4  state                         
00000ca1  strcmp                        
00001ca4  validPatterns                 


GLOBAL SYMBOLS: SORTED BY Symbol Address 

address   name                          
-------   ----                          
00000000  __TI_ATRegion0_region_sz      
00000000  __TI_ATRegion0_src_addr       
00000000  __TI_ATRegion0_trg_addr       
00000000  __TI_ATRegion1_region_sz      
00000000  __TI_ATRegion1_src_addr       
00000000  __TI_ATRegion1_trg_addr       
00000000  __TI_ATRegion2_region_sz      
00000000  __TI_ATRegion2_src_addr       
00000000  __TI_ATRegion2_trg_addr       
00000000  __TI_static_base__            
00000000  interruptVectors              
000000c1  TIMG7_IRQHandler              
00000200  __STACK_SIZE                  
00000200  __SYSMEM_SIZE                 
000003dd  CheckInitialization           
00000675  Lab4Grader                    
00000909  Clock_Init80MHz               
00000abd  UART_Init                     
00000bed  TimerG7_IntArm                
00000c95  Clock_Freq                    
00000ca1  strcmp                        
00000d29  LaunchPad_Init                
00000da5  ReadSensor                    
00000e21  Traffic_Init                  
00000e9d  __TI_decompress_lzss          
00000f19  GetState                      
00000f7d  ReadSouth                     
00000fd9  UART0_IRQHandler              
0000108d  main                          
000010e5  ReadWest                      
00001131  RxFifo_Put                    
0000117d  TxFifo_Get                    
000011c9  TxFifo_Put                    
00001261  Traffic_In                    
000012a5  UART_OutChar                  
000012e5  __aeabi_uidiv                 
000012e5  __aeabi_uidivmod              
00001325  __TI_auto_init_nobinit_nopinit
00001361  ActivatePortA_B               
00001399  UART_OutUDec                  
000013cf  __aeabi_idiv0                 
000013d1  SysTick_Wait                  
00001405  setUpper                      
00001439  Traffic_Out                   
00001469  Grader_Init                   
00001491  ReadWalk                      
000014b9  SysTick_Wait10ms              
000014e1  _c_int00_noargs               
00001509  UART_OutString                
00001531  Random32                      
00001551  SysTick_Init                  
00001571  ADC0_IRQHandler               
00001571  ADC1_IRQHandler               
00001571  AES_IRQHandler                
00001571  CANFD0_IRQHandler             
00001571  DAC0_IRQHandler               
00001571  DMA_IRQHandler                
00001571  Default_Handler               
00001571  GROUP0_IRQHandler             
00001571  GROUP1_IRQHandler             
00001571  I2C0_IRQHandler               
00001571  I2C1_IRQHandler               
00001571  NMI_Handler                   
00001571  PendSV_Handler                
00001571  RTC_IRQHandler                
00001571  SPI0_IRQHandler               
00001571  SPI1_IRQHandler               
00001571  SVC_Handler                   
00001571  SysTick_Handler               
00001571  TIMA0_IRQHandler              
00001571  TIMA1_IRQHandler              
00001571  TIMG0_IRQHandler              
00001571  TIMG12_IRQHandler             
00001571  TIMG6_IRQHandler              
00001571  TIMG8_IRQHandler              
00001571  UART1_IRQHandler              
00001571  UART2_IRQHandler              
00001571  UART3_IRQHandler              
0000158d  HardFault_Handler             
000015a9  RxFifo_Size                   
000015c1  TxFifo_Size                   
000015d9  __TI_zero_init_nomemset       
000015f1  RxFifo_Init                   
00001605  TxFifo_Init                   
00001619  TI_memcpy_small               
0000162b  __TI_decompress_none          
0000163d  Clock_Delay                   
0000164d  Delay                         
0000165d  OutCRLF                       
0000166d  LaunchPad_LED1off             
00001679  __aeabi_memcpy                
00001679  __aeabi_memcpy4               
00001679  __aeabi_memcpy8               
00001681  Reset_Handler                 
00001685  _system_pre_init              
00001688  C$$EXIT                       
00001689  abort                         
00001690  SensorProblem                 
000017d0  SouthProblem                  
000018c0  PatternProblem                
00001988  pat                           
00001a4c  WestProblem                   
00001ca4  validPatterns                 
00001cc0  Patterns                      
00001d89  EID1                          
00001d99  EID2                          
00001e6c  __TI_Handler_Table_Base       
00001e78  __TI_Handler_Table_Limit      
00001e80  __TI_CINIT_Base               
00001e90  __TI_CINIT_Limit              
00001e90  __TI_CINIT_Warm               
20200000  FSM                           
20200000  __start___llvm_prf_bits       
20200000  __start___llvm_prf_cnts       
20200000  __stop___llvm_prf_bits        
20200000  __stop___llvm_prf_cnts        
20200240  BusFreq                       
20200258  Time                          
20200260  _sys_memory                   
202004b0  LastIn                        
202004b4  LastOut                       
202004b8  LastState                     
202004bc  LookingFlag                   
202004c0  LookingFor                    
202004c4  M                             
202004c8  NeedState                     
202004cc  RxGetI                        
202004d0  RxPutI                        
202004d4  SouthInput                    
202004d8  TxGetI                        
202004dc  TxPutI                        
202004e0  WalkInput                     
202004e4  WestInput                     
202004e8  WrongState                    
202004ec  in                            
202004f0  out                           
202004f4  state                         
20207e00  __stack                       
20208000  __STACK_END                   
ffffffff  __TI_pprof_out_hndl           
ffffffff  __TI_prof_data_size           
ffffffff  __TI_prof_data_start          
ffffffff  __binit__                     
ffffffff  binit                         
UNDEFED   __mpu_init                    
UNDEFED   _system_post_cinit            

[146 symbols]
