******************************************************************************
            TI ARM Clang Linker PC v4.0.1                      
******************************************************************************
>> Linked Thu Feb 13 14:16:24 2025

OUTPUT FILE NAME:   <ECE319K_Lab2H.out>
ENTRY POINT SYMBOL: "_c_int00_noargs"  address: 00001b8d


MEMORY CONFIGURATION

         name            origin    length      used     unused   attr    fill
----------------------  --------  ---------  --------  --------  ----  --------
  FLASH                 00000000   00020000  000021a0  0001de60  R  X
  SRAM                  20200000   00008000  000005e5  00007a1b  RW X
  BCR_CONFIG            41c00000   00000080  00000000  00000080  R   
  BSL_CONFIG            41c00100   00000080  00000000  00000080  R   


SEGMENT ALLOCATION MAP

run origin  load origin   length   init length attrs members
----------  ----------- ---------- ----------- ----- -------
00000000    00000000    000021a0   000021a0    r-x
  00000000    00000000    000000c0   000000c0    r-- .intvecs
  000000c0    000000c0    00001c30   00001c30    r-x .text
  00001cf0    00001cf0    00000480   00000480    r-- .rodata
  00002170    00002170    00000030   00000030    r-- .cinit
20200000    20200000    000003e8   00000000    rw-
  20200000    20200000    00000200   00000000    rw- .sysmem
  20200200    20200200    000001cd   00000000    rw- .bss
  202003d0    202003d0    00000018   00000000    rw- .data
20207e00    20207e00    00000200   00000000    rw-
  20207e00    20207e00    00000200   00000000    rw- .stack


SECTION ALLOCATION MAP

 output                                  attributes/
section   page    origin      length       input sections
--------  ----  ----------  ----------   ----------------
.intvecs   0    00000000    000000c0     
                  00000000    000000c0     startup_mspm0g3507_ticlang.o (.intvecs)

.text      0    000000c0    00001c30     
                  000000c0    00000344     ECE319K_Lab2H.o (.text)
                  00000404    000002fc     ECE319K_Lab2Hmain.o (.text.TIMG0_IRQHandler)
                  00000700    00000204     Dump.o (.text.Debug_Duty)
                  00000904    000001b4     Clock.o (.text.Clock_Init80MHz)
                  00000ab8    00000192     libclang_rt.builtins.a : adddf3.S.obj (.text.adddf3_subdf3)
                  00000c4a    00000002                            : aeabi_div0.c.obj (.text.__aeabi_idiv0)
                  00000c4c    00000158     ECE319K_Lab2Hmain.o (.text.Lab2Grader)
                  00000da4    00000134     ECE319K_Lab2Hmain.o (.text.ADC_Init)
                  00000ed8    00000124     Dump.o (.text.Debug_Period)
                  00000ffc    0000010c     libclang_rt.builtins.a : divdf3.S.obj (.text.__divdf3)
                  00001108    000000e8     UARTbusywait.o (.text.UART_Init)
                  000011f0    000000e4     libclang_rt.builtins.a : muldf3.S.obj (.text.__muldf3)
                  000012d4    000000e4     ECE319K_Lab2Hmain.o (.text.main)
                  000013b8    000000a8     Timer.o (.text.TimerG7_IntArm)
                  00001460    000000a4     ECE319K_Lab2Hmain.o (.text.CheckInit)
                  00001504    000000a4     Timer.o (.text.TimerG0_IntArm)
                  000015a8    00000008     libclang_rt.builtins.a : aeabi_memcpy.S.obj (.text.__aeabi_memcpy)
                  000015b0    00000088     libc.a : strcmp-armv6m.S.obj (.text:strcmp)
                  00001638    0000007c     LaunchPad.o (.text.LaunchPad_Init)
                  000016b4    0000007c     libc.a : copy_decompress_lzss.c.obj (.text:decompress:lzss)
                  00001730    00000060     Timer.o (.text.TimerG12_Init)
                  00001790    0000005c     ECE319K_Lab2Hmain.o (.text.TIMG7_IRQHandler)
                  000017ec    00000054     Dump.o (.text.Debug_Dump)
                  00001840    00000054     Dump.o (.text.Dump)
                  00001894    0000004a     libclang_rt.builtins.a : fixdfsi.S.obj (.text.__fixdfsi)
                  000018de    00000002     --HOLE-- [fill = 0]
                  000018e0    00000048     Dump.o (.text.Debug_Init)
                  00001928    00000042     libclang_rt.builtins.a : fixunsdfsi.S.obj (.text.__fixunsdfsi)
                  0000196a    00000002     --HOLE-- [fill = 0]
                  0000196c    00000040                            : aeabi_uidivmod.S.obj (.text.__aeabi_uidivmod)
                  000019ac    0000003c     ECE319K_Lab2Hmain.o (.text.ShowProblem)
                  000019e8    0000003c     libc.a : autoinit.c.obj (.text:__TI_auto_init_nobinit_nopinit)
                  00001a24    0000003a     libclang_rt.builtins.a : muldsi3.S.obj (.text.__muldsi3)
                  00001a5e    00000002     --HOLE-- [fill = 0]
                  00001a60    00000038     LaunchPad.o (.text.ActivatePortA_B)
                  00001a98    00000036     UART.o (.text.UART_OutUDec)
                  00001ace    00000002     --HOLE-- [fill = 0]
                  00001ad0    00000034     ECE319K_Lab2Hmain.o (.text.EndLab2)
                  00001b04    00000034     ECE319K_Lab2Hmain.o (.text.setUpper)
                  00001b38    0000002c     UARTbusywait.o (.text.UART_OutChar)
                  00001b64    00000028     ECE319K_Lab2Hmain.o (.text.ADC_Start)
                  00001b8c    00000028     libc.a : boot_cortex_m.c.obj (.text:_c_int00_noargs)
                  00001bb4    00000026     UART.o (.text.UART_OutString)
                  00001bda    00000002     --HOLE-- [fill = 0]
                  00001bdc    00000024     libclang_rt.builtins.a : floatunsidf.S.obj (.text.__floatunsidf)
                  00001c00    00000020     ECE319K_Lab2Hmain.o (.text.Random32)
                  00001c20    0000001c     startup_mspm0g3507_ticlang.o (.text.Default_Handler)
                  00001c3c    0000001c     startup_mspm0g3507_ticlang.o (.text.HardFault_Handler)
                  00001c58    00000018     ECE319K_Lab2Hmain.o (.text.Random)
                  00001c70    00000016     libc.a : copy_zero_init.c.obj (.text:decompress:ZI:__TI_zero_init_nomemset)
                  00001c86    00000012            : memcpy16.S.obj (.text:TI_memcpy_small)
                  00001c98    00000012            : copy_decompress_none.c.obj (.text:decompress:none)
                  00001caa    00000010     Clock.o (.text.Clock_Delay)
                  00001cba    00000010     LaunchPad.o (.text.Delay)
                  00001cca    00000002     --HOLE-- [fill = 0]
                  00001ccc    0000000c     Clock.o (.text.Clock_Freq)
                  00001cd8    00000004     startup_mspm0g3507_ticlang.o (.text.Reset_Handler)
                  00001cdc    00000004     libc.a : pre_init.c.obj (.text._system_pre_init)
                  00001ce0    00000004            : exit.c.obj (.text:abort)
                  00001ce4    0000000c     --HOLE-- [fill = 0]

.cinit     0    00002170    00000030     
                  00002170    0000000c     (.cinit..data.load) [load image, compression = lzss]
                  0000217c    0000000c     (__TI_handler_table)
                  00002188    00000008     (.cinit..bss.load) [load image, compression = zero_init]
                  00002190    00000010     (__TI_cinit_table)

.rodata    0    00001cf0    00000480     
                  00001cf0    00000140     ECE319K_Lab2Hmain.o (.rodata.StartProblem)
                  00001e30    000000f0     ECE319K_Lab2Hmain.o (.rodata.LEDProblem)
                  00001f20    000000d0     ECE319K_Lab2Hmain.o (.rodata.Table)
                  00001ff0    0000002d     ECE319K_Lab2Hmain.o (.rodata.str1.169577066232579836251)
                  0000201d    00000024     ECE319K_Lab2Hmain.o (.rodata.str1.155703307697723648131)
                  00002041    00000023     ECE319K_Lab2Hmain.o (.rodata.str1.162515654573159224661)
                  00002064    00000022     ECE319K_Lab2Hmain.o (.rodata.str1.165502521614982684671)
                  00002086    0000001f     ECE319K_Lab2Hmain.o (.rodata.str1.174930766036349337161)
                  000020a5    0000001c     ECE319K_Lab2Hmain.o (.rodata.str1.171016965458660467751)
                  000020c1    00000014     ECE319K_Lab2Hmain.o (.rodata.str1.163032562351843159361)
                  000020d5    00000013     Dump.o (.rodata.str1.107336542404823773421)
                  000020e8    00000010     ECE319K_Lab2Hmain.o (.rodata.InMux)
                  000020f8    00000010     ECE319K_Lab2Hmain.o (.rodata.StartMask)
                  00002108    0000000e     ECE319K_Lab2Hmain.o (.rodata.str1.79262121804255714941)
                  00002116    0000000d     ECE319K_Lab2Hmain.o (.rodata.str1.108713378209419762111)
                  00002123    00000001     --HOLE-- [fill = 0]
                  00002124    0000000c     ECE319K_Lab2Hmain.o (.rodata.LEDMask)
                  00002130    0000000c     ECE319K_Lab2Hmain.o (.rodata.OutMux)
                  0000213c    0000000b     ECE319K_Lab2Hmain.o (.rodata.str1.166008713790688936721)
                  00002147    0000000b     ECE319K_Lab2Hmain.o (.rodata.str1.3800786842121539981)
                  00002152    00000009     ECE319K_Lab2Hmain.o (.rodata.str1.150866421526066405821)
                  0000215b    00000008     ECE319K_Lab2Hmain.o (.rodata.str1.116571622258967589991)
                  00002163    00000007     ECE319K_Lab2Hmain.o (.rodata.str1.91545133318217054921)
                  0000216a    00000004     ECE319K_Lab2Hmain.o (.rodata.str1.84480763434980169371)
                  0000216e    00000002     --HOLE-- [fill = 0]

.init_array 
*          0    00000000    00000000     UNINITIALIZED

.binit     0    00000000    00000000     

.sysmem    0    20200000    00000200     UNINITIALIZED
                  20200000    00000010     libc.a : memory.c.obj (.sysmem)
                  20200010    000001f0     --HOLE--

.bss       0    20200200    000001cd     UNINITIALIZED
                  20200200    000000c8     (.common:DataBuffer)
                  202002c8    000000c8     (.common:TimeBuffer)
                  20200390    00000010     (.common:Wave)
                  202003a0    00000004     (.common:DebugCnt)
                  202003a4    00000004     (.common:FirstCount)
                  202003a8    00000004     (.common:M)
                  202003ac    00000004     (.common:Period)
                  202003b0    00000004     (.common:Phase)
                  202003b4    00000004     (.common:SizeofEID)
                  202003b8    00000004     (.common:StartCount)
                  202003bc    00000004     (.common:TExaSadc)
                  202003c0    00000004     (.common:Theperiod)
                  202003c4    00000004     (.common:WaveIndex)
                  202003c8    00000004     (.common:mode)
                  202003cc    00000001     (.common:Letter)

.data      0    202003d0    00000018     UNINITIALIZED
                  202003d0    00000004     Clock.o (.data.BusFreq)
                  202003d4    00000004     ECE319K_Lab2Hmain.o (.data.Mode0)
                  202003d8    00000004     ECE319K_Lab2Hmain.o (.data.Mode1)
                  202003dc    00000004     ECE319K_Lab2Hmain.o (.data.Score)
                  202003e0    00000004     ECE319K_Lab2Hmain.o (.data.Time)
                  202003e4    00000004     ECE319K_Lab2H.o (.data)

.stack     0    20207e00    00000200     UNINITIALIZED
                  20207e00    00000004     libc.a : boot_cortex_m.c.obj (.stack)
                  20207e04    000001fc     --HOLE--

__llvm_prf_cnts 
*          0    20200000    00000000     UNINITIALIZED

__llvm_prf_bits 
*          0    20200000    00000000     UNINITIALIZED

MODULE SUMMARY

       Module                         code   ro data   rw data
       ------                         ----   -------   -------
    .\
       ECE319K_Lab2Hmain.o            2160   1130      69     
       Dump.o                         1048   19        408    
       ECE319K_Lab2H.o                836    0         4      
       Clock.o                        464    0         4      
       Timer.o                        428    0         0      
       UARTbusywait.o                 276    0         0      
       LaunchPad.o                    196    0         0      
       UART.o                         92     0         0      
    +--+------------------------------+------+---------+---------+
       Total:                         5500   1149      485    
                                                              
    .\ticlang\
       startup_mspm0g3507_ticlang.o   60     192       0      
    +--+------------------------------+------+---------+---------+
       Total:                         60     192       0      
                                                              
    C:\ti\ccs2000\ccs\tools\compiler\ti-cgt-armllvm_4.0.1.LTS\lib\armv6m-ti-none-eabi/c/libc.a
       strcmp-armv6m.S.obj            136    0         0      
       copy_decompress_lzss.c.obj     124    0         0      
       autoinit.c.obj                 60     0         0      
       boot_cortex_m.c.obj            40     0         0      
       copy_zero_init.c.obj           22     0         0      
       copy_decompress_none.c.obj     18     0         0      
       memcpy16.S.obj                 18     0         0      
       exit.c.obj                     4      0         0      
       pre_init.c.obj                 4      0         0      
    +--+------------------------------+------+---------+---------+
       Total:                         426    0         0      
                                                              
    C:\ti\ccs2000\ccs\tools\compiler\ti-cgt-armllvm_4.0.1.LTS\lib\armv6m-ti-none-eabi/libclang_rt.builtins.a
       adddf3.S.obj                   402    0         0      
       divdf3.S.obj                   268    0         0      
       muldf3.S.obj                   228    0         0      
       fixdfsi.S.obj                  74     0         0      
       fixunsdfsi.S.obj               66     0         0      
       aeabi_uidivmod.S.obj           64     0         0      
       muldsi3.S.obj                  58     0         0      
       floatunsidf.S.obj              36     0         0      
       aeabi_memcpy.S.obj             8      0         0      
       aeabi_div0.c.obj               2      0         0      
    +--+------------------------------+------+---------+---------+
       Total:                         1206   0         0      
                                                              
       Heap:                          0      0         512    
       Stack:                         0      0         512    
       Linker Generated:              0      48        0      
    +--+------------------------------+------+---------+---------+
       Grand Total:                   7192   1389      1509   


LINKER GENERATED COPY TABLES

__TI_cinit_table @ 00002190 records: 2, size/record: 8, table size: 16
	.data: load addr=00002170, load size=0000000c bytes, run addr=202003d0, run size=00000018 bytes, compression=lzss
	.bss: load addr=00002188, load size=00000008 bytes, run addr=20200200, run size=000001cd bytes, compression=zero_init


LINKER GENERATED HANDLER TABLE

__TI_handler_table @ 0000217c records: 3, size/record: 4, table size: 12
	index: 0, handler: __TI_decompress_lzss
	index: 1, handler: __TI_decompress_none
	index: 2, handler: __TI_zero_init


GLOBAL SYMBOLS: SORTED ALPHABETICALLY BY Name 

address   name                          
-------   ----                          
00001c21  ADC0_IRQHandler               
00001c21  ADC1_IRQHandler               
00000da5  ADC_Init                      
00001b65  ADC_Start                     
00001c21  AES_IRQHandler                
00001a61  ActivatePortA_B               
202003d0  BusFreq                       
00001ce0  C$$EXIT                       
00001c21  CANFD0_IRQHandler             
00001461  CheckInit                     
00001cab  Clock_Delay                   
00001ccd  Clock_Freq                    
00000905  Clock_Init80MHz               
00001c21  DAC0_IRQHandler               
00001c21  DMA_IRQHandler                
20200200  DataBuffer                    
202003a0  DebugCnt                      
000017ed  Debug_Dump                    
00000701  Debug_Duty                    
000018e1  Debug_Init                    
00000ed9  Debug_Period                  
00001c21  Default_Handler               
00001cbb  Delay                         
00001841  Dump                          
000000c0  EID                           
00001ad1  EndLab2                       
202003a4  FirstCount                    
00001c21  GROUP0_IRQHandler             
00001c21  GROUP1_IRQHandler             
00001c3d  HardFault_Handler             
00001c21  I2C0_IRQHandler               
00001c21  I2C1_IRQHandler               
000020e8  InMux                         
00002124  LEDMask                       
00001e30  LEDProblem                    
000002d0  Lab2                          
00000c4d  Lab2Grader                    
00001639  LaunchPad_Init                
202003cc  Letter                        
202003a8  M                             
202003d4  Mode0                         
202003d8  Mode1                         
00001c21  NMI_Handler                   
00002130  OutMux                        
00001c21  PendSV_Handler                
202003ac  Period                        
202003b0  Phase                         
00001c21  RTC_IRQHandler                
00001c59  Random                        
00001c01  Random32                      
00001cd9  Reset_Handler                 
00001c21  SPI0_IRQHandler               
00001c21  SPI1_IRQHandler               
00001c21  SVC_Handler                   
202003dc  Score                         
000019ad  ShowProblem                   
202003b4  SizeofEID                     
202003b8  StartCount                    
000020f8  StartMask                     
00001cf0  StartProblem                  
00001c21  SysTick_Handler               
202003bc  TExaSadc                      
00001c21  TIMA0_IRQHandler              
00001c21  TIMA1_IRQHandler              
00000405  TIMG0_IRQHandler              
00001c21  TIMG12_IRQHandler             
00001c21  TIMG6_IRQHandler              
00001791  TIMG7_IRQHandler              
00001c21  TIMG8_IRQHandler              
00001c87  TI_memcpy_small               
00001f20  Table                         
202003c0  Theperiod                     
202003e0  Time                          
202002c8  TimeBuffer                    
00001505  TimerG0_IntArm                
00001731  TimerG12_Init                 
000013b9  TimerG7_IntArm                
00001c21  UART0_IRQHandler              
00001c21  UART1_IRQHandler              
00001c21  UART2_IRQHandler              
00001c21  UART3_IRQHandler              
00001109  UART_Init                     
00001b39  UART_OutChar                  
00001bb5  UART_OutString                
00001a99  UART_OutUDec                  
20200390  Wave                          
202003c4  WaveIndex                     
20208000  __STACK_END                   
00000200  __STACK_SIZE                  
00000200  __SYSMEM_SIZE                 
00000000  __TI_ATRegion0_region_sz      
00000000  __TI_ATRegion0_src_addr       
00000000  __TI_ATRegion0_trg_addr       
00000000  __TI_ATRegion1_region_sz      
00000000  __TI_ATRegion1_src_addr       
00000000  __TI_ATRegion1_trg_addr       
00000000  __TI_ATRegion2_region_sz      
00000000  __TI_ATRegion2_src_addr       
00000000  __TI_ATRegion2_trg_addr       
00002190  __TI_CINIT_Base               
000021a0  __TI_CINIT_Limit              
000021a0  __TI_CINIT_Warm               
0000217c  __TI_Handler_Table_Base       
00002188  __TI_Handler_Table_Limit      
000019e9  __TI_auto_init_nobinit_nopinit
000016b5  __TI_decompress_lzss          
00001c99  __TI_decompress_none          
ffffffff  __TI_pprof_out_hndl           
ffffffff  __TI_prof_data_size           
ffffffff  __TI_prof_data_start          
00000000  __TI_static_base__            
00001c71  __TI_zero_init_nomemset       
00000ac3  __adddf3                      
00001895  __aeabi_d2iz                  
00001929  __aeabi_d2uiz                 
00000ac3  __aeabi_dadd                  
00000ffd  __aeabi_ddiv                  
000011f1  __aeabi_dmul                  
00000ab9  __aeabi_dsub                  
00000c4b  __aeabi_idiv0                 
000015a9  __aeabi_memcpy                
000015a9  __aeabi_memcpy4               
000015a9  __aeabi_memcpy8               
00001bdd  __aeabi_ui2d                  
0000196d  __aeabi_uidiv                 
0000196d  __aeabi_uidivmod              
ffffffff  __binit__                     
00000ffd  __divdf3                      
00001895  __fixdfsi                     
00001929  __fixunsdfsi                  
00001bdd  __floatunsidf                 
UNDEFED   __mpu_init                    
000011f1  __muldf3                      
00001a25  __muldsi3                     
20207e00  __stack                       
20200000  __start___llvm_prf_bits       
20200000  __start___llvm_prf_cnts       
20200000  __stop___llvm_prf_bits        
20200000  __stop___llvm_prf_cnts        
00000ab9  __subdf3                      
00001b8d  _c_int00_noargs               
20200000  _sys_memory                   
UNDEFED   _system_post_cinit            
00001cdd  _system_pre_init              
00001ce1  abort                         
ffffffff  binit                         
00000000  interruptVectors              
000012d5  main                          
202003c8  mode                          
00001b05  setUpper                      
000015b1  strcmp                        


GLOBAL SYMBOLS: SORTED BY Symbol Address 

address   name                          
-------   ----                          
00000000  __TI_ATRegion0_region_sz      
00000000  __TI_ATRegion0_src_addr       
00000000  __TI_ATRegion0_trg_addr       
00000000  __TI_ATRegion1_region_sz      
00000000  __TI_ATRegion1_src_addr       
00000000  __TI_ATRegion1_trg_addr       
00000000  __TI_ATRegion2_region_sz      
00000000  __TI_ATRegion2_src_addr       
00000000  __TI_ATRegion2_trg_addr       
00000000  __TI_static_base__            
00000000  interruptVectors              
000000c0  EID                           
00000200  __STACK_SIZE                  
00000200  __SYSMEM_SIZE                 
000002d0  Lab2                          
00000405  TIMG0_IRQHandler              
00000701  Debug_Duty                    
00000905  Clock_Init80MHz               
00000ab9  __aeabi_dsub                  
00000ab9  __subdf3                      
00000ac3  __adddf3                      
00000ac3  __aeabi_dadd                  
00000c4b  __aeabi_idiv0                 
00000c4d  Lab2Grader                    
00000da5  ADC_Init                      
00000ed9  Debug_Period                  
00000ffd  __aeabi_ddiv                  
00000ffd  __divdf3                      
00001109  UART_Init                     
000011f1  __aeabi_dmul                  
000011f1  __muldf3                      
000012d5  main                          
000013b9  TimerG7_IntArm                
00001461  CheckInit                     
00001505  TimerG0_IntArm                
000015a9  __aeabi_memcpy                
000015a9  __aeabi_memcpy4               
000015a9  __aeabi_memcpy8               
000015b1  strcmp                        
00001639  LaunchPad_Init                
000016b5  __TI_decompress_lzss          
00001731  TimerG12_Init                 
00001791  TIMG7_IRQHandler              
000017ed  Debug_Dump                    
00001841  Dump                          
00001895  __aeabi_d2iz                  
00001895  __fixdfsi                     
000018e1  Debug_Init                    
00001929  __aeabi_d2uiz                 
00001929  __fixunsdfsi                  
0000196d  __aeabi_uidiv                 
0000196d  __aeabi_uidivmod              
000019ad  ShowProblem                   
000019e9  __TI_auto_init_nobinit_nopinit
00001a25  __muldsi3                     
00001a61  ActivatePortA_B               
00001a99  UART_OutUDec                  
00001ad1  EndLab2                       
00001b05  setUpper                      
00001b39  UART_OutChar                  
00001b65  ADC_Start                     
00001b8d  _c_int00_noargs               
00001bb5  UART_OutString                
00001bdd  __aeabi_ui2d                  
00001bdd  __floatunsidf                 
00001c01  Random32                      
00001c21  ADC0_IRQHandler               
00001c21  ADC1_IRQHandler               
00001c21  AES_IRQHandler                
00001c21  CANFD0_IRQHandler             
00001c21  DAC0_IRQHandler               
00001c21  DMA_IRQHandler                
00001c21  Default_Handler               
00001c21  GROUP0_IRQHandler             
00001c21  GROUP1_IRQHandler             
00001c21  I2C0_IRQHandler               
00001c21  I2C1_IRQHandler               
00001c21  NMI_Handler                   
00001c21  PendSV_Handler                
00001c21  RTC_IRQHandler                
00001c21  SPI0_IRQHandler               
00001c21  SPI1_IRQHandler               
00001c21  SVC_Handler                   
00001c21  SysTick_Handler               
00001c21  TIMA0_IRQHandler              
00001c21  TIMA1_IRQHandler              
00001c21  TIMG12_IRQHandler             
00001c21  TIMG6_IRQHandler              
00001c21  TIMG8_IRQHandler              
00001c21  UART0_IRQHandler              
00001c21  UART1_IRQHandler              
00001c21  UART2_IRQHandler              
00001c21  UART3_IRQHandler              
00001c3d  HardFault_Handler             
00001c59  Random                        
00001c71  __TI_zero_init_nomemset       
00001c87  TI_memcpy_small               
00001c99  __TI_decompress_none          
00001cab  Clock_Delay                   
00001cbb  Delay                         
00001ccd  Clock_Freq                    
00001cd9  Reset_Handler                 
00001cdd  _system_pre_init              
00001ce0  C$$EXIT                       
00001ce1  abort                         
00001cf0  StartProblem                  
00001e30  LEDProblem                    
00001f20  Table                         
000020e8  InMux                         
000020f8  StartMask                     
00002124  LEDMask                       
00002130  OutMux                        
0000217c  __TI_Handler_Table_Base       
00002188  __TI_Handler_Table_Limit      
00002190  __TI_CINIT_Base               
000021a0  __TI_CINIT_Limit              
000021a0  __TI_CINIT_Warm               
20200000  __start___llvm_prf_bits       
20200000  __start___llvm_prf_cnts       
20200000  __stop___llvm_prf_bits        
20200000  __stop___llvm_prf_cnts        
20200000  _sys_memory                   
20200200  DataBuffer                    
202002c8  TimeBuffer                    
20200390  Wave                          
202003a0  DebugCnt                      
202003a4  FirstCount                    
202003a8  M                             
202003ac  Period                        
202003b0  Phase                         
202003b4  SizeofEID                     
202003b8  StartCount                    
202003bc  TExaSadc                      
202003c0  Theperiod                     
202003c4  WaveIndex                     
202003c8  mode                          
202003cc  Letter                        
202003d0  BusFreq                       
202003d4  Mode0                         
202003d8  Mode1                         
202003dc  Score                         
202003e0  Time                          
20207e00  __stack                       
20208000  __STACK_END                   
ffffffff  __TI_pprof_out_hndl           
ffffffff  __TI_prof_data_size           
ffffffff  __TI_prof_data_start          
ffffffff  __binit__                     
ffffffff  binit                         
UNDEFED   __mpu_init                    
UNDEFED   _system_post_cinit            

[151 symbols]
