<?xml version="1.0" encoding="ISO-8859-1" ?>
<link_info>
   <banner>TI ARM Clang Linker PC v4.0.1.LTS</banner>
   <copyright>Copyright (c) 1996-2018 Texas Instruments Incorporated</copyright>
   <command_line>C:\ti\ccs2000\ccs\tools\compiler\ti-cgt-armllvm_4.0.1.LTS\bin\tiarmlnk -IC:\ti\ccs2000\ccs\tools\compiler\ti-cgt-armllvm_4.0.1.LTS\lib -o ECE319K_Lab2H.out -mECE319K_Lab2H.map --heap_size=512 --stack_size=512 -iC:/Users/Jpabusleme/Documents/UT AUSTIN/Spring 2025/319K/Valvanoware/ECE319K_Lab2H/Debug/syscfg -iC:/ti/ccs2000/ccs/tools/compiler/ti-cgt-armllvm_4.0.1.LTS/lib --diag_wrap=off --display_error_number --warn_sections --xml_link_info=ECE319K_Lab2H_linkInfo.xml --rom_model ./Clock.o ./Dump.o ./ECE319K_Lab2H.o ./ECE319K_Lab2Hmain.o ./LaunchPad.o ./Timer.o ./UART.o ./UARTbusywait.o ./ticlang/startup_mspm0g3507_ticlang.o ../mspm0g3507.cmd -lC:/ti/mspm0_sdk_2_03_00_07/source/ti/driverlib/lib/ticlang/m0p/mspm0g1x0x_g3x0x/driverlib.a -llibc.a --start-group -llibc++.a -llibc++abi.a -llibc.a -llibsys.a -llibsysbm.a -llibclang_rt.builtins.a -llibclang_rt.profile.a --end-group --cg_opt_level=0</command_line>
   <link_time>0x67ae5318</link_time>
   <link_errors>0x0</link_errors>
   <output_file>C:\Users\Jpabusleme\Documents\UT AUSTIN\Spring 2025\319K\Valvanoware\ECE319K_Lab2H\Debug\ECE319K_Lab2H.out</output_file>
   <entry_point>
      <name>_c_int00_noargs</name>
      <address>0x1b8d</address>
   </entry_point>
   <input_file_list>
      <input_file id="fl-1">
         <path>C:\Users\Jpabusleme\Documents\UT AUSTIN\Spring 2025\319K\Valvanoware\ECE319K_Lab2H\Debug\.\</path>
         <kind>object</kind>
         <file>Clock.o</file>
         <name>Clock.o</name>
      </input_file>
      <input_file id="fl-2">
         <path>C:\Users\Jpabusleme\Documents\UT AUSTIN\Spring 2025\319K\Valvanoware\ECE319K_Lab2H\Debug\.\</path>
         <kind>object</kind>
         <file>Dump.o</file>
         <name>Dump.o</name>
      </input_file>
      <input_file id="fl-3">
         <path>C:\Users\Jpabusleme\Documents\UT AUSTIN\Spring 2025\319K\Valvanoware\ECE319K_Lab2H\Debug\.\</path>
         <kind>object</kind>
         <file>ECE319K_Lab2H.o</file>
         <name>ECE319K_Lab2H.o</name>
      </input_file>
      <input_file id="fl-4">
         <path>C:\Users\Jpabusleme\Documents\UT AUSTIN\Spring 2025\319K\Valvanoware\ECE319K_Lab2H\Debug\.\</path>
         <kind>object</kind>
         <file>ECE319K_Lab2Hmain.o</file>
         <name>ECE319K_Lab2Hmain.o</name>
      </input_file>
      <input_file id="fl-5">
         <path>C:\Users\Jpabusleme\Documents\UT AUSTIN\Spring 2025\319K\Valvanoware\ECE319K_Lab2H\Debug\.\</path>
         <kind>object</kind>
         <file>LaunchPad.o</file>
         <name>LaunchPad.o</name>
      </input_file>
      <input_file id="fl-6">
         <path>C:\Users\Jpabusleme\Documents\UT AUSTIN\Spring 2025\319K\Valvanoware\ECE319K_Lab2H\Debug\.\</path>
         <kind>object</kind>
         <file>Timer.o</file>
         <name>Timer.o</name>
      </input_file>
      <input_file id="fl-7">
         <path>C:\Users\Jpabusleme\Documents\UT AUSTIN\Spring 2025\319K\Valvanoware\ECE319K_Lab2H\Debug\.\</path>
         <kind>object</kind>
         <file>UART.o</file>
         <name>UART.o</name>
      </input_file>
      <input_file id="fl-8">
         <path>C:\Users\Jpabusleme\Documents\UT AUSTIN\Spring 2025\319K\Valvanoware\ECE319K_Lab2H\Debug\.\</path>
         <kind>object</kind>
         <file>UARTbusywait.o</file>
         <name>UARTbusywait.o</name>
      </input_file>
      <input_file id="fl-9">
         <path>C:\Users\Jpabusleme\Documents\UT AUSTIN\Spring 2025\319K\Valvanoware\ECE319K_Lab2H\Debug\.\ticlang\</path>
         <kind>object</kind>
         <file>startup_mspm0g3507_ticlang.o</file>
         <name>startup_mspm0g3507_ticlang.o</name>
      </input_file>
      <input_file id="fl-15">
         <path>C:\Users\Jpabusleme\Documents\UT AUSTIN\Spring 2025\319K\Valvanoware\ECE319K_Lab2H\Debug\</path>
         <kind>object</kind>
         <file>&lt;internal&gt;</file>
         <name>&lt;internal&gt;</name>
      </input_file>
      <input_file id="fl-2a">
         <path>C:\ti\ccs2000\ccs\tools\compiler\ti-cgt-armllvm_4.0.1.LTS\lib\armv6m-ti-none-eabi\c\</path>
         <kind>archive</kind>
         <file>libc.a</file>
         <name>fopen.c.obj</name>
      </input_file>
      <input_file id="fl-2b">
         <path>C:\ti\ccs2000\ccs\tools\compiler\ti-cgt-armllvm_4.0.1.LTS\lib\armv6m-ti-none-eabi\c\</path>
         <kind>archive</kind>
         <file>libc.a</file>
         <name>setvbuf.c.obj</name>
      </input_file>
      <input_file id="fl-2c">
         <path>C:\ti\ccs2000\ccs\tools\compiler\ti-cgt-armllvm_4.0.1.LTS\lib\armv6m-ti-none-eabi\c\</path>
         <kind>archive</kind>
         <file>libc.a</file>
         <name>strcmp-armv6m.S.obj</name>
      </input_file>
      <input_file id="fl-2d">
         <path>C:\ti\ccs2000\ccs\tools\compiler\ti-cgt-armllvm_4.0.1.LTS\lib\armv6m-ti-none-eabi\c\</path>
         <kind>archive</kind>
         <file>libc.a</file>
         <name>aeabi_portable.c.obj</name>
      </input_file>
      <input_file id="fl-2e">
         <path>C:\ti\ccs2000\ccs\tools\compiler\ti-cgt-armllvm_4.0.1.LTS\lib\armv6m-ti-none-eabi\c\</path>
         <kind>archive</kind>
         <file>libc.a</file>
         <name>exit.c.obj</name>
      </input_file>
      <input_file id="fl-2f">
         <path>C:\ti\ccs2000\ccs\tools\compiler\ti-cgt-armllvm_4.0.1.LTS\lib\armv6m-ti-none-eabi\c\</path>
         <kind>archive</kind>
         <file>libc.a</file>
         <name>_lock.c.obj</name>
      </input_file>
      <input_file id="fl-30">
         <path>C:\ti\ccs2000\ccs\tools\compiler\ti-cgt-armllvm_4.0.1.LTS\lib\armv6m-ti-none-eabi\c\</path>
         <kind>archive</kind>
         <file>libc.a</file>
         <name>assert.c.obj</name>
      </input_file>
      <input_file id="fl-31">
         <path>C:\ti\ccs2000\ccs\tools\compiler\ti-cgt-armllvm_4.0.1.LTS\lib\armv6m-ti-none-eabi\c\</path>
         <kind>archive</kind>
         <file>libc.a</file>
         <name>defs.c.obj</name>
      </input_file>
      <input_file id="fl-32">
         <path>C:\ti\ccs2000\ccs\tools\compiler\ti-cgt-armllvm_4.0.1.LTS\lib\armv6m-ti-none-eabi\c\</path>
         <kind>archive</kind>
         <file>libc.a</file>
         <name>memory.c.obj</name>
      </input_file>
      <input_file id="fl-33">
         <path>C:\ti\ccs2000\ccs\tools\compiler\ti-cgt-armllvm_4.0.1.LTS\lib\armv6m-ti-none-eabi\c\</path>
         <kind>archive</kind>
         <file>libc.a</file>
         <name>copy_zero_init.c.obj</name>
      </input_file>
      <input_file id="fl-34">
         <path>C:\ti\ccs2000\ccs\tools\compiler\ti-cgt-armllvm_4.0.1.LTS\lib\armv6m-ti-none-eabi\c\</path>
         <kind>archive</kind>
         <file>libc.a</file>
         <name>copy_decompress_none.c.obj</name>
      </input_file>
      <input_file id="fl-35">
         <path>C:\ti\ccs2000\ccs\tools\compiler\ti-cgt-armllvm_4.0.1.LTS\lib\armv6m-ti-none-eabi\c\</path>
         <kind>archive</kind>
         <file>libc.a</file>
         <name>copy_decompress_lzss.c.obj</name>
      </input_file>
      <input_file id="fl-36">
         <path>C:\ti\ccs2000\ccs\tools\compiler\ti-cgt-armllvm_4.0.1.LTS\lib\armv6m-ti-none-eabi\c\</path>
         <kind>archive</kind>
         <file>libc.a</file>
         <name>boot_cortex_m.c.obj</name>
      </input_file>
      <input_file id="fl-37">
         <path>C:\ti\ccs2000\ccs\tools\compiler\ti-cgt-armllvm_4.0.1.LTS\lib\armv6m-ti-none-eabi\c\</path>
         <kind>archive</kind>
         <file>libc.a</file>
         <name>mathacl_init.c.obj</name>
      </input_file>
      <input_file id="fl-38">
         <path>C:\ti\ccs2000\ccs\tools\compiler\ti-cgt-armllvm_4.0.1.LTS\lib\armv6m-ti-none-eabi\c\</path>
         <kind>archive</kind>
         <file>libc.a</file>
         <name>sprintf.c.obj</name>
      </input_file>
      <input_file id="fl-39">
         <path>C:\ti\ccs2000\ccs\tools\compiler\ti-cgt-armllvm_4.0.1.LTS\lib\armv6m-ti-none-eabi\c\</path>
         <kind>archive</kind>
         <file>libc.a</file>
         <name>fclose.c.obj</name>
      </input_file>
      <input_file id="fl-3a">
         <path>C:\ti\ccs2000\ccs\tools\compiler\ti-cgt-armllvm_4.0.1.LTS\lib\armv6m-ti-none-eabi\c\</path>
         <kind>archive</kind>
         <file>libc.a</file>
         <name>fflush.c.obj</name>
      </input_file>
      <input_file id="fl-3b">
         <path>C:\ti\ccs2000\ccs\tools\compiler\ti-cgt-armllvm_4.0.1.LTS\lib\armv6m-ti-none-eabi\c\</path>
         <kind>archive</kind>
         <file>libc.a</file>
         <name>fputs.c.obj</name>
      </input_file>
      <input_file id="fl-3c">
         <path>C:\ti\ccs2000\ccs\tools\compiler\ti-cgt-armllvm_4.0.1.LTS\lib\armv6m-ti-none-eabi\c\</path>
         <kind>archive</kind>
         <file>libc.a</file>
         <name>_io_perm.c.obj</name>
      </input_file>
      <input_file id="fl-3d">
         <path>C:\ti\ccs2000\ccs\tools\compiler\ti-cgt-armllvm_4.0.1.LTS\lib\armv6m-ti-none-eabi\c\</path>
         <kind>archive</kind>
         <file>libc.a</file>
         <name>args_main.c.obj</name>
      </input_file>
      <input_file id="fl-3e">
         <path>C:\ti\ccs2000\ccs\tools\compiler\ti-cgt-armllvm_4.0.1.LTS\lib\armv6m-ti-none-eabi\c\</path>
         <kind>archive</kind>
         <file>libc.a</file>
         <name>autoinit.c.obj</name>
      </input_file>
      <input_file id="fl-3f">
         <path>C:\ti\ccs2000\ccs\tools\compiler\ti-cgt-armllvm_4.0.1.LTS\lib\armv6m-ti-none-eabi\c\</path>
         <kind>archive</kind>
         <file>libc.a</file>
         <name>pre_init.c.obj</name>
      </input_file>
      <input_file id="fl-40">
         <path>C:\ti\ccs2000\ccs\tools\compiler\ti-cgt-armllvm_4.0.1.LTS\lib\armv6m-ti-none-eabi\c\</path>
         <kind>archive</kind>
         <file>libc.a</file>
         <name>cpy_tbl.c.obj</name>
      </input_file>
      <input_file id="fl-41">
         <path>C:\ti\ccs2000\ccs\tools\compiler\ti-cgt-armllvm_4.0.1.LTS\lib\armv6m-ti-none-eabi\c\</path>
         <kind>archive</kind>
         <file>libc.a</file>
         <name>_printfi.c.obj</name>
      </input_file>
      <input_file id="fl-42">
         <path>C:\ti\ccs2000\ccs\tools\compiler\ti-cgt-armllvm_4.0.1.LTS\lib\armv6m-ti-none-eabi\c\</path>
         <kind>archive</kind>
         <file>libc.a</file>
         <name>fseek.c.obj</name>
      </input_file>
      <input_file id="fl-43">
         <path>C:\ti\ccs2000\ccs\tools\compiler\ti-cgt-armllvm_4.0.1.LTS\lib\armv6m-ti-none-eabi\c\</path>
         <kind>archive</kind>
         <file>libc.a</file>
         <name>wcslen.c.obj</name>
      </input_file>
      <input_file id="fl-44">
         <path>C:\ti\ccs2000\ccs\tools\compiler\ti-cgt-armllvm_4.0.1.LTS\lib\armv6m-ti-none-eabi\c\</path>
         <kind>archive</kind>
         <file>libc.a</file>
         <name>_ltoa.c.obj</name>
      </input_file>
      <input_file id="fl-45">
         <path>C:\ti\ccs2000\ccs\tools\compiler\ti-cgt-armllvm_4.0.1.LTS\lib\armv6m-ti-none-eabi\c\</path>
         <kind>archive</kind>
         <file>libc.a</file>
         <name>atoi.c.obj</name>
      </input_file>
      <input_file id="fl-46">
         <path>C:\ti\ccs2000\ccs\tools\compiler\ti-cgt-armllvm_4.0.1.LTS\lib\armv6m-ti-none-eabi\c\</path>
         <kind>archive</kind>
         <file>libc.a</file>
         <name>memccpy.c.obj</name>
      </input_file>
      <input_file id="fl-47">
         <path>C:\ti\ccs2000\ccs\tools\compiler\ti-cgt-armllvm_4.0.1.LTS\lib\armv6m-ti-none-eabi\c\</path>
         <kind>archive</kind>
         <file>libc.a</file>
         <name>s_frexp.c.obj</name>
      </input_file>
      <input_file id="fl-48">
         <path>C:\ti\ccs2000\ccs\tools\compiler\ti-cgt-armllvm_4.0.1.LTS\lib\armv6m-ti-none-eabi\c\</path>
         <kind>archive</kind>
         <file>libc.a</file>
         <name>s_scalbn.c.obj</name>
      </input_file>
      <input_file id="fl-49">
         <path>C:\ti\ccs2000\ccs\tools\compiler\ti-cgt-armllvm_4.0.1.LTS\lib\armv6m-ti-none-eabi\c\</path>
         <kind>archive</kind>
         <file>libc.a</file>
         <name>aeabi_ctype.S.obj</name>
      </input_file>
      <input_file id="fl-df">
         <path>C:\ti\ccs2000\ccs\tools\compiler\ti-cgt-armllvm_4.0.1.LTS\lib\armv6m-ti-none-eabi\c\</path>
         <kind>archive</kind>
         <file>libsysbm.a</file>
         <name>write.c.obj</name>
      </input_file>
      <input_file id="fl-e0">
         <path>C:\ti\ccs2000\ccs\tools\compiler\ti-cgt-armllvm_4.0.1.LTS\lib\armv6m-ti-none-eabi\c\</path>
         <kind>archive</kind>
         <file>libsysbm.a</file>
         <name>host_device.c.obj</name>
      </input_file>
      <input_file id="fl-e1">
         <path>C:\ti\ccs2000\ccs\tools\compiler\ti-cgt-armllvm_4.0.1.LTS\lib\armv6m-ti-none-eabi\c\</path>
         <kind>archive</kind>
         <file>libsysbm.a</file>
         <name>remove.c.obj</name>
      </input_file>
      <input_file id="fl-e2">
         <path>C:\ti\ccs2000\ccs\tools\compiler\ti-cgt-armllvm_4.0.1.LTS\lib\armv6m-ti-none-eabi\c\</path>
         <kind>archive</kind>
         <file>libsysbm.a</file>
         <name>open.c.obj</name>
      </input_file>
      <input_file id="fl-e3">
         <path>C:\ti\ccs2000\ccs\tools\compiler\ti-cgt-armllvm_4.0.1.LTS\lib\armv6m-ti-none-eabi\c\</path>
         <kind>archive</kind>
         <file>libsysbm.a</file>
         <name>lseek.c.obj</name>
      </input_file>
      <input_file id="fl-e4">
         <path>C:\ti\ccs2000\ccs\tools\compiler\ti-cgt-armllvm_4.0.1.LTS\lib\armv6m-ti-none-eabi\c\</path>
         <kind>archive</kind>
         <file>libsysbm.a</file>
         <name>close.c.obj</name>
      </input_file>
      <input_file id="fl-e5">
         <path>C:\ti\ccs2000\ccs\tools\compiler\ti-cgt-armllvm_4.0.1.LTS\lib\armv6m-ti-none-eabi\c\</path>
         <kind>archive</kind>
         <file>libsysbm.a</file>
         <name>add_device.c.obj</name>
      </input_file>
      <input_file id="fl-e6">
         <path>C:\ti\ccs2000\ccs\tools\compiler\ti-cgt-armllvm_4.0.1.LTS\lib\armv6m-ti-none-eabi\c\</path>
         <kind>archive</kind>
         <file>libsysbm.a</file>
         <name>unlink.c.obj</name>
      </input_file>
      <input_file id="fl-e7">
         <path>C:\ti\ccs2000\ccs\tools\compiler\ti-cgt-armllvm_4.0.1.LTS\lib\armv6m-ti-none-eabi\c\</path>
         <kind>archive</kind>
         <file>libsysbm.a</file>
         <name>hostclose.c.obj</name>
      </input_file>
      <input_file id="fl-e8">
         <path>C:\ti\ccs2000\ccs\tools\compiler\ti-cgt-armllvm_4.0.1.LTS\lib\armv6m-ti-none-eabi\c\</path>
         <kind>archive</kind>
         <file>libsysbm.a</file>
         <name>hostlseek.c.obj</name>
      </input_file>
      <input_file id="fl-e9">
         <path>C:\ti\ccs2000\ccs\tools\compiler\ti-cgt-armllvm_4.0.1.LTS\lib\armv6m-ti-none-eabi\c\</path>
         <kind>archive</kind>
         <file>libsysbm.a</file>
         <name>hostopen.c.obj</name>
      </input_file>
      <input_file id="fl-ea">
         <path>C:\ti\ccs2000\ccs\tools\compiler\ti-cgt-armllvm_4.0.1.LTS\lib\armv6m-ti-none-eabi\c\</path>
         <kind>archive</kind>
         <file>libsysbm.a</file>
         <name>hostread.c.obj</name>
      </input_file>
      <input_file id="fl-eb">
         <path>C:\ti\ccs2000\ccs\tools\compiler\ti-cgt-armllvm_4.0.1.LTS\lib\armv6m-ti-none-eabi\c\</path>
         <kind>archive</kind>
         <file>libsysbm.a</file>
         <name>hostrename.c.obj</name>
      </input_file>
      <input_file id="fl-ec">
         <path>C:\ti\ccs2000\ccs\tools\compiler\ti-cgt-armllvm_4.0.1.LTS\lib\armv6m-ti-none-eabi\c\</path>
         <kind>archive</kind>
         <file>libsysbm.a</file>
         <name>hostunlink.c.obj</name>
      </input_file>
      <input_file id="fl-ed">
         <path>C:\ti\ccs2000\ccs\tools\compiler\ti-cgt-armllvm_4.0.1.LTS\lib\armv6m-ti-none-eabi\c\</path>
         <kind>archive</kind>
         <file>libsysbm.a</file>
         <name>hostwrite.c.obj</name>
      </input_file>
      <input_file id="fl-ee">
         <path>C:\ti\ccs2000\ccs\tools\compiler\ti-cgt-armllvm_4.0.1.LTS\lib\armv6m-ti-none-eabi\c\</path>
         <kind>archive</kind>
         <file>libsysbm.a</file>
         <name>trgmsg.c.obj</name>
      </input_file>
      <input_file id="fl-ef">
         <path>C:\ti\ccs2000\ccs\tools\compiler\ti-cgt-armllvm_4.0.1.LTS\lib\armv6m-ti-none-eabi\</path>
         <kind>archive</kind>
         <file>libclang_rt.builtins.a</file>
         <name>adddf3.S.obj</name>
      </input_file>
      <input_file id="fl-f0">
         <path>C:\ti\ccs2000\ccs\tools\compiler\ti-cgt-armllvm_4.0.1.LTS\lib\armv6m-ti-none-eabi\</path>
         <kind>archive</kind>
         <file>libclang_rt.builtins.a</file>
         <name>muldf3.S.obj</name>
      </input_file>
      <input_file id="fl-f1">
         <path>C:\ti\ccs2000\ccs\tools\compiler\ti-cgt-armllvm_4.0.1.LTS\lib\armv6m-ti-none-eabi\</path>
         <kind>archive</kind>
         <file>libclang_rt.builtins.a</file>
         <name>muldsi3.S.obj</name>
      </input_file>
      <input_file id="fl-f2">
         <path>C:\ti\ccs2000\ccs\tools\compiler\ti-cgt-armllvm_4.0.1.LTS\lib\armv6m-ti-none-eabi\</path>
         <kind>archive</kind>
         <file>libclang_rt.builtins.a</file>
         <name>divdf3.S.obj</name>
      </input_file>
      <input_file id="fl-f3">
         <path>C:\ti\ccs2000\ccs\tools\compiler\ti-cgt-armllvm_4.0.1.LTS\lib\armv6m-ti-none-eabi\</path>
         <kind>archive</kind>
         <file>libclang_rt.builtins.a</file>
         <name>fixdfsi.S.obj</name>
      </input_file>
      <input_file id="fl-f4">
         <path>C:\ti\ccs2000\ccs\tools\compiler\ti-cgt-armllvm_4.0.1.LTS\lib\armv6m-ti-none-eabi\</path>
         <kind>archive</kind>
         <file>libclang_rt.builtins.a</file>
         <name>fixunsdfsi.S.obj</name>
      </input_file>
      <input_file id="fl-f5">
         <path>C:\ti\ccs2000\ccs\tools\compiler\ti-cgt-armllvm_4.0.1.LTS\lib\armv6m-ti-none-eabi\</path>
         <kind>archive</kind>
         <file>libclang_rt.builtins.a</file>
         <name>floatsidf.S.obj</name>
      </input_file>
      <input_file id="fl-f6">
         <path>C:\ti\ccs2000\ccs\tools\compiler\ti-cgt-armllvm_4.0.1.LTS\lib\armv6m-ti-none-eabi\</path>
         <kind>archive</kind>
         <file>libclang_rt.builtins.a</file>
         <name>floatunsidf.S.obj</name>
      </input_file>
      <input_file id="fl-f7">
         <path>C:\ti\ccs2000\ccs\tools\compiler\ti-cgt-armllvm_4.0.1.LTS\lib\armv6m-ti-none-eabi\</path>
         <kind>archive</kind>
         <file>libclang_rt.builtins.a</file>
         <name>muldi3.S.obj</name>
      </input_file>
      <input_file id="fl-f8">
         <path>C:\ti\ccs2000\ccs\tools\compiler\ti-cgt-armllvm_4.0.1.LTS\lib\armv6m-ti-none-eabi\</path>
         <kind>archive</kind>
         <file>libclang_rt.builtins.a</file>
         <name>aeabi_dcmp.S.obj</name>
      </input_file>
      <input_file id="fl-f9">
         <path>C:\ti\ccs2000\ccs\tools\compiler\ti-cgt-armllvm_4.0.1.LTS\lib\armv6m-ti-none-eabi\</path>
         <kind>archive</kind>
         <file>libclang_rt.builtins.a</file>
         <name>aeabi_idivmod.S.obj</name>
      </input_file>
      <input_file id="fl-fa">
         <path>C:\ti\ccs2000\ccs\tools\compiler\ti-cgt-armllvm_4.0.1.LTS\lib\armv6m-ti-none-eabi\</path>
         <kind>archive</kind>
         <file>libclang_rt.builtins.a</file>
         <name>aeabi_memcpy.S.obj</name>
      </input_file>
      <input_file id="fl-fb">
         <path>C:\ti\ccs2000\ccs\tools\compiler\ti-cgt-armllvm_4.0.1.LTS\lib\armv6m-ti-none-eabi\</path>
         <kind>archive</kind>
         <file>libclang_rt.builtins.a</file>
         <name>aeabi_memset.S.obj</name>
      </input_file>
      <input_file id="fl-fc">
         <path>C:\ti\ccs2000\ccs\tools\compiler\ti-cgt-armllvm_4.0.1.LTS\lib\armv6m-ti-none-eabi\</path>
         <kind>archive</kind>
         <file>libclang_rt.builtins.a</file>
         <name>aeabi_uidivmod.S.obj</name>
      </input_file>
      <input_file id="fl-fd">
         <path>C:\ti\ccs2000\ccs\tools\compiler\ti-cgt-armllvm_4.0.1.LTS\lib\armv6m-ti-none-eabi\</path>
         <kind>archive</kind>
         <file>libclang_rt.builtins.a</file>
         <name>aeabi_uldivmod.S.obj</name>
      </input_file>
      <input_file id="fl-fe">
         <path>C:\ti\ccs2000\ccs\tools\compiler\ti-cgt-armllvm_4.0.1.LTS\lib\armv6m-ti-none-eabi\</path>
         <kind>archive</kind>
         <file>libclang_rt.builtins.a</file>
         <name>udivmoddi4.S.obj</name>
      </input_file>
      <input_file id="fl-ff">
         <path>C:\ti\ccs2000\ccs\tools\compiler\ti-cgt-armllvm_4.0.1.LTS\lib\armv6m-ti-none-eabi\</path>
         <kind>archive</kind>
         <file>libclang_rt.builtins.a</file>
         <name>ashldi3.S.obj</name>
      </input_file>
      <input_file id="fl-100">
         <path>C:\ti\ccs2000\ccs\tools\compiler\ti-cgt-armllvm_4.0.1.LTS\lib\armv6m-ti-none-eabi\</path>
         <kind>archive</kind>
         <file>libclang_rt.builtins.a</file>
         <name>comparedf2.c.obj</name>
      </input_file>
      <input_file id="fl-101">
         <path>C:\ti\ccs2000\ccs\tools\compiler\ti-cgt-armllvm_4.0.1.LTS\lib\armv6m-ti-none-eabi\</path>
         <kind>archive</kind>
         <file>libclang_rt.builtins.a</file>
         <name>aeabi_div0.c.obj</name>
      </input_file>
      <input_file id="fl-102">
         <path>C:\ti\ccs2000\ccs\tools\compiler\ti-cgt-armllvm_4.0.1.LTS\lib\armv6m-ti-none-eabi\c\</path>
         <kind>archive</kind>
         <file>libc.a</file>
         <name>getdevice.c.obj</name>
      </input_file>
      <input_file id="fl-103">
         <path>C:\ti\ccs2000\ccs\tools\compiler\ti-cgt-armllvm_4.0.1.LTS\lib\armv6m-ti-none-eabi\c\</path>
         <kind>archive</kind>
         <file>libc.a</file>
         <name>memcpy16.S.obj</name>
      </input_file>
      <input_file id="fl-104">
         <path>C:\ti\ccs2000\ccs\tools\compiler\ti-cgt-armllvm_4.0.1.LTS\lib\armv6m-ti-none-eabi\c\</path>
         <kind>archive</kind>
         <file>libc.a</file>
         <name>memset16.S.obj</name>
      </input_file>
   </input_file_list>
   <object_component_list>
      <object_component id="oc-18">
         <name>.intvecs</name>
         <load_address>0x0</load_address>
         <readonly>true</readonly>
         <run_address>0x0</run_address>
         <size>0xc0</size>
         <alignment>0x4</alignment>
         <input_file_ref idref="fl-9"/>
      </object_component>
      <object_component id="oc-c9">
         <name>.text</name>
         <load_address>0xc0</load_address>
         <readonly>true</readonly>
         <executable>true</executable>
         <run_address>0xc0</run_address>
         <size>0x344</size>
         <alignment>0x4</alignment>
         <input_file_ref idref="fl-3"/>
      </object_component>
      <object_component id="oc-37">
         <name>.text.TIMG0_IRQHandler</name>
         <load_address>0x404</load_address>
         <readonly>true</readonly>
         <executable>true</executable>
         <run_address>0x404</run_address>
         <size>0x2fc</size>
         <alignment>0x4</alignment>
         <input_file_ref idref="fl-4"/>
      </object_component>
      <object_component id="oc-107">
         <name>.text.Debug_Duty</name>
         <load_address>0x700</load_address>
         <readonly>true</readonly>
         <executable>true</executable>
         <run_address>0x700</run_address>
         <size>0x204</size>
         <alignment>0x4</alignment>
         <input_file_ref idref="fl-2"/>
      </object_component>
      <object_component id="oc-bc">
         <name>.text.Clock_Init80MHz</name>
         <load_address>0x904</load_address>
         <readonly>true</readonly>
         <executable>true</executable>
         <run_address>0x904</run_address>
         <size>0x1b4</size>
         <alignment>0x4</alignment>
         <input_file_ref idref="fl-1"/>
      </object_component>
      <object_component id="oc-13b">
         <name>.text.adddf3_subdf3</name>
         <load_address>0xab8</load_address>
         <readonly>true</readonly>
         <executable>true</executable>
         <run_address>0xab8</run_address>
         <size>0x192</size>
         <alignment>0x4</alignment>
         <input_file_ref idref="fl-ef"/>
      </object_component>
      <object_component id="oc-eb">
         <name>.text.__aeabi_idiv0</name>
         <load_address>0xc4a</load_address>
         <readonly>true</readonly>
         <executable>true</executable>
         <run_address>0xc4a</run_address>
         <size>0x2</size>
         <alignment>0x2</alignment>
         <input_file_ref idref="fl-101"/>
      </object_component>
      <object_component id="oc-106">
         <name>.text.Lab2Grader</name>
         <load_address>0xc4c</load_address>
         <readonly>true</readonly>
         <executable>true</executable>
         <run_address>0xc4c</run_address>
         <size>0x158</size>
         <alignment>0x4</alignment>
         <input_file_ref idref="fl-4"/>
      </object_component>
      <object_component id="oc-128">
         <name>.text.ADC_Init</name>
         <load_address>0xda4</load_address>
         <readonly>true</readonly>
         <executable>true</executable>
         <run_address>0xda4</run_address>
         <size>0x134</size>
         <alignment>0x4</alignment>
         <input_file_ref idref="fl-4"/>
      </object_component>
      <object_component id="oc-149">
         <name>.text.Debug_Period</name>
         <load_address>0xed8</load_address>
         <readonly>true</readonly>
         <executable>true</executable>
         <run_address>0xed8</run_address>
         <size>0x124</size>
         <alignment>0x4</alignment>
         <input_file_ref idref="fl-2"/>
      </object_component>
      <object_component id="oc-137">
         <name>.text.__divdf3</name>
         <load_address>0xffc</load_address>
         <readonly>true</readonly>
         <executable>true</executable>
         <run_address>0xffc</run_address>
         <size>0x10c</size>
         <alignment>0x4</alignment>
         <input_file_ref idref="fl-f2"/>
      </object_component>
      <object_component id="oc-c6">
         <name>.text.UART_Init</name>
         <load_address>0x1108</load_address>
         <readonly>true</readonly>
         <executable>true</executable>
         <run_address>0x1108</run_address>
         <size>0xe8</size>
         <alignment>0x4</alignment>
         <input_file_ref idref="fl-8"/>
      </object_component>
      <object_component id="oc-133">
         <name>.text.__muldf3</name>
         <load_address>0x11f0</load_address>
         <readonly>true</readonly>
         <executable>true</executable>
         <run_address>0x11f0</run_address>
         <size>0xe4</size>
         <alignment>0x4</alignment>
         <input_file_ref idref="fl-f0"/>
      </object_component>
      <object_component id="oc-97">
         <name>.text.main</name>
         <load_address>0x12d4</load_address>
         <readonly>true</readonly>
         <executable>true</executable>
         <run_address>0x12d4</run_address>
         <size>0xe4</size>
         <alignment>0x4</alignment>
         <input_file_ref idref="fl-4"/>
      </object_component>
      <object_component id="oc-127">
         <name>.text.TimerG7_IntArm</name>
         <load_address>0x13b8</load_address>
         <readonly>true</readonly>
         <executable>true</executable>
         <run_address>0x13b8</run_address>
         <size>0xa8</size>
         <alignment>0x4</alignment>
         <input_file_ref idref="fl-6"/>
      </object_component>
      <object_component id="oc-64">
         <name>.text.CheckInit</name>
         <load_address>0x1460</load_address>
         <readonly>true</readonly>
         <executable>true</executable>
         <run_address>0x1460</run_address>
         <size>0xa4</size>
         <alignment>0x4</alignment>
         <input_file_ref idref="fl-4"/>
      </object_component>
      <object_component id="oc-12a">
         <name>.text.TimerG0_IntArm</name>
         <load_address>0x1504</load_address>
         <readonly>true</readonly>
         <executable>true</executable>
         <run_address>0x1504</run_address>
         <size>0xa4</size>
         <alignment>0x4</alignment>
         <input_file_ref idref="fl-6"/>
      </object_component>
      <object_component id="oc-48">
         <name>.text.__aeabi_memcpy</name>
         <load_address>0x15a8</load_address>
         <readonly>true</readonly>
         <executable>true</executable>
         <run_address>0x15a8</run_address>
         <size>0x8</size>
         <alignment>0x4</alignment>
         <input_file_ref idref="fl-fa"/>
      </object_component>
      <object_component id="oc-70">
         <name>.text:strcmp</name>
         <load_address>0x15b0</load_address>
         <readonly>true</readonly>
         <executable>true</executable>
         <run_address>0x15b0</run_address>
         <size>0x88</size>
         <alignment>0x10</alignment>
         <input_file_ref idref="fl-2c"/>
      </object_component>
      <object_component id="oc-c1">
         <name>.text.LaunchPad_Init</name>
         <load_address>0x1638</load_address>
         <readonly>true</readonly>
         <executable>true</executable>
         <run_address>0x1638</run_address>
         <size>0x7c</size>
         <alignment>0x4</alignment>
         <input_file_ref idref="fl-5"/>
      </object_component>
      <object_component id="oc-1c">
         <name>.text:decompress:lzss</name>
         <load_address>0x16b4</load_address>
         <readonly>true</readonly>
         <executable>true</executable>
         <run_address>0x16b4</run_address>
         <size>0x7c</size>
         <alignment>0x4</alignment>
         <input_file_ref idref="fl-35"/>
      </object_component>
      <object_component id="oc-11c">
         <name>.text.TimerG12_Init</name>
         <load_address>0x1730</load_address>
         <readonly>true</readonly>
         <executable>true</executable>
         <run_address>0x1730</run_address>
         <size>0x60</size>
         <alignment>0x4</alignment>
         <input_file_ref idref="fl-6"/>
      </object_component>
      <object_component id="oc-3c">
         <name>.text.TIMG7_IRQHandler</name>
         <load_address>0x1790</load_address>
         <readonly>true</readonly>
         <executable>true</executable>
         <run_address>0x1790</run_address>
         <size>0x5c</size>
         <alignment>0x4</alignment>
         <input_file_ref idref="fl-4"/>
      </object_component>
      <object_component id="oc-148">
         <name>.text.Debug_Dump</name>
         <load_address>0x17ec</load_address>
         <readonly>true</readonly>
         <executable>true</executable>
         <run_address>0x17ec</run_address>
         <size>0x54</size>
         <alignment>0x4</alignment>
         <input_file_ref idref="fl-2"/>
      </object_component>
      <object_component id="oc-108">
         <name>.text.Dump</name>
         <load_address>0x1840</load_address>
         <readonly>true</readonly>
         <executable>true</executable>
         <run_address>0x1840</run_address>
         <size>0x54</size>
         <alignment>0x4</alignment>
         <input_file_ref idref="fl-2"/>
      </object_component>
      <object_component id="oc-13f">
         <name>.text.__fixdfsi</name>
         <load_address>0x1894</load_address>
         <readonly>true</readonly>
         <executable>true</executable>
         <run_address>0x1894</run_address>
         <size>0x4a</size>
         <alignment>0x4</alignment>
         <input_file_ref idref="fl-f3"/>
      </object_component>
      <object_component id="oc-101">
         <name>.text.Debug_Init</name>
         <load_address>0x18e0</load_address>
         <readonly>true</readonly>
         <executable>true</executable>
         <run_address>0x18e0</run_address>
         <size>0x48</size>
         <alignment>0x4</alignment>
         <input_file_ref idref="fl-2"/>
      </object_component>
      <object_component id="oc-143">
         <name>.text.__fixunsdfsi</name>
         <load_address>0x1928</load_address>
         <readonly>true</readonly>
         <executable>true</executable>
         <run_address>0x1928</run_address>
         <size>0x42</size>
         <alignment>0x4</alignment>
         <input_file_ref idref="fl-f4"/>
      </object_component>
      <object_component id="oc-ae">
         <name>.text.__aeabi_uidivmod</name>
         <load_address>0x196c</load_address>
         <readonly>true</readonly>
         <executable>true</executable>
         <run_address>0x196c</run_address>
         <size>0x40</size>
         <alignment>0x4</alignment>
         <input_file_ref idref="fl-fc"/>
      </object_component>
      <object_component id="oc-126">
         <name>.text.ShowProblem</name>
         <load_address>0x19ac</load_address>
         <readonly>true</readonly>
         <executable>true</executable>
         <run_address>0x19ac</run_address>
         <size>0x3c</size>
         <alignment>0x4</alignment>
         <input_file_ref idref="fl-4"/>
      </object_component>
      <object_component id="oc-d9">
         <name>.text:__TI_auto_init_nobinit_nopinit</name>
         <load_address>0x19e8</load_address>
         <readonly>true</readonly>
         <executable>true</executable>
         <run_address>0x19e8</run_address>
         <size>0x3c</size>
         <alignment>0x4</alignment>
         <input_file_ref idref="fl-3e"/>
      </object_component>
      <object_component id="oc-159">
         <name>.text.__muldsi3</name>
         <load_address>0x1a24</load_address>
         <readonly>true</readonly>
         <executable>true</executable>
         <run_address>0x1a24</run_address>
         <size>0x3a</size>
         <alignment>0x4</alignment>
         <input_file_ref idref="fl-f1"/>
      </object_component>
      <object_component id="oc-fb">
         <name>.text.ActivatePortA_B</name>
         <load_address>0x1a60</load_address>
         <readonly>true</readonly>
         <executable>true</executable>
         <run_address>0x1a60</run_address>
         <size>0x38</size>
         <alignment>0x4</alignment>
         <input_file_ref idref="fl-5"/>
      </object_component>
      <object_component id="oc-74">
         <name>.text.UART_OutUDec</name>
         <load_address>0x1a98</load_address>
         <readonly>true</readonly>
         <executable>true</executable>
         <run_address>0x1a98</run_address>
         <size>0x36</size>
         <alignment>0x2</alignment>
         <input_file_ref idref="fl-7"/>
      </object_component>
      <object_component id="oc-6f">
         <name>.text.EndLab2</name>
         <load_address>0x1ad0</load_address>
         <readonly>true</readonly>
         <executable>true</executable>
         <run_address>0x1ad0</run_address>
         <size>0x34</size>
         <alignment>0x4</alignment>
         <input_file_ref idref="fl-4"/>
      </object_component>
      <object_component id="oc-c7">
         <name>.text.setUpper</name>
         <load_address>0x1b04</load_address>
         <readonly>true</readonly>
         <executable>true</executable>
         <run_address>0x1b04</run_address>
         <size>0x34</size>
         <alignment>0x2</alignment>
         <input_file_ref idref="fl-4"/>
      </object_component>
      <object_component id="oc-65">
         <name>.text.UART_OutChar</name>
         <load_address>0x1b38</load_address>
         <readonly>true</readonly>
         <executable>true</executable>
         <run_address>0x1b38</run_address>
         <size>0x2c</size>
         <alignment>0x4</alignment>
         <input_file_ref idref="fl-8"/>
      </object_component>
      <object_component id="oc-129">
         <name>.text.ADC_Start</name>
         <load_address>0x1b64</load_address>
         <readonly>true</readonly>
         <executable>true</executable>
         <run_address>0x1b64</run_address>
         <size>0x28</size>
         <alignment>0x4</alignment>
         <input_file_ref idref="fl-4"/>
      </object_component>
      <object_component id="oc-58">
         <name>.text:_c_int00_noargs</name>
         <load_address>0x1b8c</load_address>
         <readonly>true</readonly>
         <executable>true</executable>
         <run_address>0x1b8c</run_address>
         <size>0x28</size>
         <alignment>0x4</alignment>
         <input_file_ref idref="fl-36"/>
      </object_component>
      <object_component id="oc-6a">
         <name>.text.UART_OutString</name>
         <load_address>0x1bb4</load_address>
         <readonly>true</readonly>
         <executable>true</executable>
         <run_address>0x1bb4</run_address>
         <size>0x26</size>
         <alignment>0x2</alignment>
         <input_file_ref idref="fl-7"/>
      </object_component>
      <object_component id="oc-12f">
         <name>.text.__floatunsidf</name>
         <load_address>0x1bdc</load_address>
         <readonly>true</readonly>
         <executable>true</executable>
         <run_address>0x1bdc</run_address>
         <size>0x24</size>
         <alignment>0x4</alignment>
         <input_file_ref idref="fl-f6"/>
      </object_component>
      <object_component id="oc-100">
         <name>.text.Random32</name>
         <load_address>0x1c00</load_address>
         <readonly>true</readonly>
         <executable>true</executable>
         <run_address>0x1c00</run_address>
         <size>0x20</size>
         <alignment>0x4</alignment>
         <input_file_ref idref="fl-4"/>
      </object_component>
      <object_component id="oc-35">
         <name>.text.Default_Handler</name>
         <load_address>0x1c20</load_address>
         <readonly>true</readonly>
         <executable>true</executable>
         <run_address>0x1c20</run_address>
         <size>0x1c</size>
         <alignment>0x4</alignment>
         <input_file_ref idref="fl-9"/>
      </object_component>
      <object_component id="oc-36">
         <name>.text.HardFault_Handler</name>
         <load_address>0x1c3c</load_address>
         <readonly>true</readonly>
         <executable>true</executable>
         <run_address>0x1c3c</run_address>
         <size>0x1c</size>
         <alignment>0x4</alignment>
         <input_file_ref idref="fl-9"/>
      </object_component>
      <object_component id="oc-c8">
         <name>.text.Random</name>
         <load_address>0x1c58</load_address>
         <readonly>true</readonly>
         <executable>true</executable>
         <run_address>0x1c58</run_address>
         <size>0x18</size>
         <alignment>0x2</alignment>
         <input_file_ref idref="fl-4"/>
      </object_component>
      <object_component id="oc-4f">
         <name>.text:decompress:ZI:__TI_zero_init_nomemset</name>
         <load_address>0x1c70</load_address>
         <readonly>true</readonly>
         <executable>true</executable>
         <run_address>0x1c70</run_address>
         <size>0x16</size>
         <alignment>0x2</alignment>
         <input_file_ref idref="fl-33"/>
      </object_component>
      <object_component id="oc-b2">
         <name>.text:TI_memcpy_small</name>
         <load_address>0x1c86</load_address>
         <readonly>true</readonly>
         <executable>true</executable>
         <run_address>0x1c86</run_address>
         <size>0x12</size>
         <alignment>0x1</alignment>
         <input_file_ref idref="fl-103"/>
      </object_component>
      <object_component id="oc-20">
         <name>.text:decompress:none</name>
         <load_address>0x1c98</load_address>
         <readonly>true</readonly>
         <executable>true</executable>
         <run_address>0x1c98</run_address>
         <size>0x12</size>
         <alignment>0x2</alignment>
         <input_file_ref idref="fl-34"/>
      </object_component>
      <object_component id="oc-fe">
         <name>.text.Clock_Delay</name>
         <load_address>0x1caa</load_address>
         <readonly>true</readonly>
         <executable>true</executable>
         <run_address>0x1caa</run_address>
         <size>0x10</size>
         <alignment>0x2</alignment>
         <input_file_ref idref="fl-1"/>
      </object_component>
      <object_component id="oc-11b">
         <name>.text.Delay</name>
         <load_address>0x1cba</load_address>
         <readonly>true</readonly>
         <executable>true</executable>
         <run_address>0x1cba</run_address>
         <size>0x10</size>
         <alignment>0x2</alignment>
         <input_file_ref idref="fl-5"/>
      </object_component>
      <object_component id="oc-ff">
         <name>.text.Clock_Freq</name>
         <load_address>0x1ccc</load_address>
         <readonly>true</readonly>
         <executable>true</executable>
         <run_address>0x1ccc</run_address>
         <size>0xc</size>
         <alignment>0x4</alignment>
         <input_file_ref idref="fl-1"/>
      </object_component>
      <object_component id="oc-31">
         <name>.text.Reset_Handler</name>
         <load_address>0x1cd8</load_address>
         <readonly>true</readonly>
         <executable>true</executable>
         <run_address>0x1cd8</run_address>
         <size>0x4</size>
         <alignment>0x2</alignment>
         <input_file_ref idref="fl-9"/>
      </object_component>
      <object_component id="oc-93">
         <name>.text._system_pre_init</name>
         <load_address>0x1cdc</load_address>
         <readonly>true</readonly>
         <executable>true</executable>
         <run_address>0x1cdc</run_address>
         <size>0x4</size>
         <alignment>0x2</alignment>
         <input_file_ref idref="fl-3f"/>
      </object_component>
      <object_component id="oc-d2">
         <name>.text:abort</name>
         <load_address>0x1ce0</load_address>
         <readonly>true</readonly>
         <executable>true</executable>
         <run_address>0x1ce0</run_address>
         <size>0x4</size>
         <alignment>0x2</alignment>
         <input_file_ref idref="fl-2e"/>
      </object_component>
      <object_component id="oc-1a4">
         <name>.cinit..data.load</name>
         <load_address>0x2170</load_address>
         <readonly>true</readonly>
         <run_address>0x2170</run_address>
         <size>0xc</size>
         <alignment>0x1</alignment>
      </object_component>
      <object_component id="oc-1a2">
         <name>__TI_handler_table</name>
         <load_address>0x217c</load_address>
         <readonly>true</readonly>
         <run_address>0x217c</run_address>
         <size>0xc</size>
         <alignment>0x4</alignment>
      </object_component>
      <object_component id="oc-1a5">
         <name>.cinit..bss.load</name>
         <load_address>0x2188</load_address>
         <readonly>true</readonly>
         <run_address>0x2188</run_address>
         <size>0x8</size>
         <alignment>0x4</alignment>
      </object_component>
      <object_component id="oc-1a3">
         <name>__TI_cinit_table</name>
         <load_address>0x2190</load_address>
         <readonly>true</readonly>
         <run_address>0x2190</run_address>
         <size>0x10</size>
         <alignment>0x4</alignment>
      </object_component>
      <object_component id="oc-156">
         <name>.rodata.StartProblem</name>
         <load_address>0x1cf0</load_address>
         <readonly>true</readonly>
         <run_address>0x1cf0</run_address>
         <size>0x140</size>
         <alignment>0x1</alignment>
         <input_file_ref idref="fl-4"/>
      </object_component>
      <object_component id="oc-157">
         <name>.rodata.LEDProblem</name>
         <load_address>0x1e30</load_address>
         <readonly>true</readonly>
         <run_address>0x1e30</run_address>
         <size>0xf0</size>
         <alignment>0x1</alignment>
         <input_file_ref idref="fl-4"/>
      </object_component>
      <object_component id="oc-82">
         <name>.rodata.Table</name>
         <load_address>0x1f20</load_address>
         <readonly>true</readonly>
         <run_address>0x1f20</run_address>
         <size>0xd0</size>
         <alignment>0x1</alignment>
         <input_file_ref idref="fl-4"/>
      </object_component>
      <object_component id="oc-12c">
         <name>.rodata.str1.169577066232579836251</name>
         <load_address>0x1ff0</load_address>
         <readonly>true</readonly>
         <run_address>0x1ff0</run_address>
         <size>0x2d</size>
         <alignment>0x1</alignment>
         <input_file_ref idref="fl-4"/>
      </object_component>
      <object_component id="oc-cf">
         <name>.rodata.str1.155703307697723648131</name>
         <load_address>0x201d</load_address>
         <readonly>true</readonly>
         <run_address>0x201d</run_address>
         <size>0x24</size>
         <alignment>0x1</alignment>
         <input_file_ref idref="fl-4"/>
      </object_component>
      <object_component id="oc-a5">
         <name>.rodata.str1.162515654573159224661</name>
         <load_address>0x2041</load_address>
         <readonly>true</readonly>
         <run_address>0x2041</run_address>
         <size>0x23</size>
         <alignment>0x1</alignment>
         <input_file_ref idref="fl-4"/>
      </object_component>
      <object_component id="oc-a4">
         <name>.rodata.str1.165502521614982684671</name>
         <load_address>0x2064</load_address>
         <readonly>true</readonly>
         <run_address>0x2064</run_address>
         <size>0x22</size>
         <alignment>0x1</alignment>
         <input_file_ref idref="fl-4"/>
      </object_component>
      <object_component id="oc-ac">
         <name>.rodata.str1.174930766036349337161</name>
         <load_address>0x2086</load_address>
         <readonly>true</readonly>
         <run_address>0x2086</run_address>
         <size>0x1f</size>
         <alignment>0x1</alignment>
         <input_file_ref idref="fl-4"/>
      </object_component>
      <object_component id="oc-a6">
         <name>.rodata.str1.171016965458660467751</name>
         <load_address>0x20a5</load_address>
         <readonly>true</readonly>
         <run_address>0x20a5</run_address>
         <size>0x1c</size>
         <alignment>0x1</alignment>
         <input_file_ref idref="fl-4"/>
      </object_component>
      <object_component id="oc-12d">
         <name>.rodata.str1.163032562351843159361</name>
         <load_address>0x20c1</load_address>
         <readonly>true</readonly>
         <run_address>0x20c1</run_address>
         <size>0x14</size>
         <alignment>0x1</alignment>
         <input_file_ref idref="fl-4"/>
      </object_component>
      <object_component id="oc-147">
         <name>.rodata.str1.107336542404823773421</name>
         <load_address>0x20d5</load_address>
         <readonly>true</readonly>
         <run_address>0x20d5</run_address>
         <size>0x13</size>
         <alignment>0x1</alignment>
         <input_file_ref idref="fl-2"/>
      </object_component>
      <object_component id="oc-a2">
         <name>.rodata.InMux</name>
         <load_address>0x20e8</load_address>
         <readonly>true</readonly>
         <run_address>0x20e8</run_address>
         <size>0x10</size>
         <alignment>0x4</alignment>
         <input_file_ref idref="fl-4"/>
      </object_component>
      <object_component id="oc-77">
         <name>.rodata.StartMask</name>
         <load_address>0x20f8</load_address>
         <readonly>true</readonly>
         <run_address>0x20f8</run_address>
         <size>0x10</size>
         <alignment>0x4</alignment>
         <input_file_ref idref="fl-4"/>
      </object_component>
      <object_component id="oc-d1">
         <name>.rodata.str1.79262121804255714941</name>
         <load_address>0x2108</load_address>
         <readonly>true</readonly>
         <run_address>0x2108</run_address>
         <size>0xe</size>
         <alignment>0x1</alignment>
         <input_file_ref idref="fl-4"/>
      </object_component>
      <object_component id="oc-85">
         <name>.rodata.str1.108713378209419762111</name>
         <load_address>0x2116</load_address>
         <readonly>true</readonly>
         <run_address>0x2116</run_address>
         <size>0xd</size>
         <alignment>0x1</alignment>
         <input_file_ref idref="fl-4"/>
      </object_component>
      <object_component id="oc-79">
         <name>.rodata.LEDMask</name>
         <load_address>0x2124</load_address>
         <readonly>true</readonly>
         <run_address>0x2124</run_address>
         <size>0xc</size>
         <alignment>0x4</alignment>
         <input_file_ref idref="fl-4"/>
      </object_component>
      <object_component id="oc-a3">
         <name>.rodata.OutMux</name>
         <load_address>0x2130</load_address>
         <readonly>true</readonly>
         <run_address>0x2130</run_address>
         <size>0xc</size>
         <alignment>0x4</alignment>
         <input_file_ref idref="fl-4"/>
      </object_component>
      <object_component id="oc-80">
         <name>.rodata.str1.166008713790688936721</name>
         <load_address>0x213c</load_address>
         <readonly>true</readonly>
         <run_address>0x213c</run_address>
         <size>0xb</size>
         <alignment>0x1</alignment>
         <input_file_ref idref="fl-4"/>
      </object_component>
      <object_component id="oc-84">
         <name>.rodata.str1.3800786842121539981</name>
         <load_address>0x2147</load_address>
         <readonly>true</readonly>
         <run_address>0x2147</run_address>
         <size>0xb</size>
         <alignment>0x1</alignment>
         <input_file_ref idref="fl-4"/>
      </object_component>
      <object_component id="oc-12e">
         <name>.rodata.str1.150866421526066405821</name>
         <load_address>0x2152</load_address>
         <readonly>true</readonly>
         <run_address>0x2152</run_address>
         <size>0x9</size>
         <alignment>0x1</alignment>
         <input_file_ref idref="fl-4"/>
      </object_component>
      <object_component id="oc-ab">
         <name>.rodata.str1.116571622258967589991</name>
         <load_address>0x215b</load_address>
         <readonly>true</readonly>
         <run_address>0x215b</run_address>
         <size>0x8</size>
         <alignment>0x1</alignment>
         <input_file_ref idref="fl-4"/>
      </object_component>
      <object_component id="oc-ce">
         <name>.rodata.str1.91545133318217054921</name>
         <load_address>0x2163</load_address>
         <readonly>true</readonly>
         <run_address>0x2163</run_address>
         <size>0x7</size>
         <alignment>0x1</alignment>
         <input_file_ref idref="fl-4"/>
      </object_component>
      <object_component id="oc-86">
         <name>.rodata.str1.84480763434980169371</name>
         <load_address>0x216a</load_address>
         <readonly>true</readonly>
         <run_address>0x216a</run_address>
         <size>0x4</size>
         <alignment>0x1</alignment>
         <input_file_ref idref="fl-4"/>
      </object_component>
      <object_component id="oc-16c">
         <name>.binit</name>
         <load_address>0x0</load_address>
         <readonly>true</readonly>
         <run_address>0x0</run_address>
         <size>0x0</size>
         <alignment>0x4</alignment>
      </object_component>
      <object_component id="oc-f8">
         <name>.data.BusFreq</name>
         <load_address>0x202003d0</load_address>
         <readwrite>true</readwrite>
         <run_address>0x202003d0</run_address>
         <size>0x4</size>
         <alignment>0x4</alignment>
         <input_file_ref idref="fl-1"/>
      </object_component>
      <object_component id="oc-109">
         <name>.data</name>
         <load_address>0x202003e4</load_address>
         <readwrite>true</readwrite>
         <run_address>0x202003e4</run_address>
         <size>0x4</size>
         <alignment>0x4</alignment>
         <input_file_ref idref="fl-3"/>
      </object_component>
      <object_component id="oc-76">
         <name>.data.Mode0</name>
         <load_address>0x202003d4</load_address>
         <readwrite>true</readwrite>
         <run_address>0x202003d4</run_address>
         <size>0x4</size>
         <alignment>0x4</alignment>
         <input_file_ref idref="fl-4"/>
      </object_component>
      <object_component id="oc-78">
         <name>.data.Mode1</name>
         <load_address>0x202003d8</load_address>
         <readwrite>true</readwrite>
         <run_address>0x202003d8</run_address>
         <size>0x4</size>
         <alignment>0x4</alignment>
         <input_file_ref idref="fl-4"/>
      </object_component>
      <object_component id="oc-75">
         <name>.data.Time</name>
         <load_address>0x202003e0</load_address>
         <readwrite>true</readwrite>
         <run_address>0x202003e0</run_address>
         <size>0x4</size>
         <alignment>0x4</alignment>
         <input_file_ref idref="fl-4"/>
      </object_component>
      <object_component id="oc-83">
         <name>.data.Score</name>
         <load_address>0x202003dc</load_address>
         <readwrite>true</readwrite>
         <run_address>0x202003dc</run_address>
         <size>0x4</size>
         <alignment>0x4</alignment>
         <input_file_ref idref="fl-4"/>
      </object_component>
      <object_component id="oc-121">
         <name>.common:DebugCnt</name>
         <uninitialized>true</uninitialized>
         <readwrite>true</readwrite>
         <run_address>0x202003a0</run_address>
         <size>0x4</size>
         <alignment>0x4</alignment>
      </object_component>
      <object_component id="oc-122">
         <name>.common:DataBuffer</name>
         <uninitialized>true</uninitialized>
         <readwrite>true</readwrite>
         <run_address>0x20200200</run_address>
         <size>0xc8</size>
         <alignment>0x4</alignment>
      </object_component>
      <object_component id="oc-123">
         <name>.common:TimeBuffer</name>
         <uninitialized>true</uninitialized>
         <readwrite>true</readwrite>
         <run_address>0x202002c8</run_address>
         <size>0xc8</size>
         <alignment>0x4</alignment>
      </object_component>
      <object_component id="oc-14a">
         <name>.common:Theperiod</name>
         <uninitialized>true</uninitialized>
         <readwrite>true</readwrite>
         <run_address>0x202003c0</run_address>
         <size>0x4</size>
         <alignment>0x4</alignment>
      </object_component>
      <object_component id="oc-cd">
         <name>.common:M</name>
         <uninitialized>true</uninitialized>
         <readwrite>true</readwrite>
         <run_address>0x202003a8</run_address>
         <size>0x4</size>
         <alignment>0x4</alignment>
      </object_component>
      <object_component id="oc-7a">
         <name>.common:mode</name>
         <uninitialized>true</uninitialized>
         <readwrite>true</readwrite>
         <run_address>0x202003c8</run_address>
         <size>0x4</size>
         <alignment>0x4</alignment>
      </object_component>
      <object_component id="oc-7b">
         <name>.common:FirstCount</name>
         <uninitialized>true</uninitialized>
         <readwrite>true</readwrite>
         <run_address>0x202003a4</run_address>
         <size>0x4</size>
         <alignment>0x4</alignment>
      </object_component>
      <object_component id="oc-7c">
         <name>.common:Period</name>
         <uninitialized>true</uninitialized>
         <readwrite>true</readwrite>
         <run_address>0x202003ac</run_address>
         <size>0x4</size>
         <alignment>0x4</alignment>
      </object_component>
      <object_component id="oc-7d">
         <name>.common:WaveIndex</name>
         <uninitialized>true</uninitialized>
         <readwrite>true</readwrite>
         <run_address>0x202003c4</run_address>
         <size>0x4</size>
         <alignment>0x4</alignment>
      </object_component>
      <object_component id="oc-7e">
         <name>.common:Wave</name>
         <uninitialized>true</uninitialized>
         <readwrite>true</readwrite>
         <run_address>0x20200390</run_address>
         <size>0x10</size>
         <alignment>0x1</alignment>
      </object_component>
      <object_component id="oc-7f">
         <name>.common:StartCount</name>
         <uninitialized>true</uninitialized>
         <readwrite>true</readwrite>
         <run_address>0x202003b8</run_address>
         <size>0x4</size>
         <alignment>0x4</alignment>
      </object_component>
      <object_component id="oc-81">
         <name>.common:Letter</name>
         <uninitialized>true</uninitialized>
         <readwrite>true</readwrite>
         <run_address>0x202003cc</run_address>
         <size>0x1</size>
         <alignment>0x1</alignment>
      </object_component>
      <object_component id="oc-89">
         <name>.common:TExaSadc</name>
         <uninitialized>true</uninitialized>
         <readwrite>true</readwrite>
         <run_address>0x202003bc</run_address>
         <size>0x4</size>
         <alignment>0x4</alignment>
      </object_component>
      <object_component id="oc-d0">
         <name>.common:SizeofEID</name>
         <uninitialized>true</uninitialized>
         <readwrite>true</readwrite>
         <run_address>0x202003b4</run_address>
         <size>0x4</size>
         <alignment>0x4</alignment>
      </object_component>
      <object_component id="oc-12b">
         <name>.common:Phase</name>
         <uninitialized>true</uninitialized>
         <readwrite>true</readwrite>
         <run_address>0x202003b0</run_address>
         <size>0x4</size>
         <alignment>0x4</alignment>
      </object_component>
      <object_component id="oc-2f">
         <name>.sysmem</name>
         <uninitialized>true</uninitialized>
         <readwrite>true</readwrite>
         <run_address>0x20200000</run_address>
         <size>0x10</size>
         <alignment>0x8</alignment>
         <input_file_ref idref="fl-32"/>
      </object_component>
      <object_component id="oc-1a8">
         <name>.sysmem</name>
         <uninitialized>true</uninitialized>
         <readwrite>true</readwrite>
         <run_address>0x20200000</run_address>
         <size>0x0</size>
         <alignment>0x4</alignment>
      </object_component>
      <object_component id="oc-1a">
         <name>.stack</name>
         <uninitialized>true</uninitialized>
         <readwrite>true</readwrite>
         <run_address>0x20207e00</run_address>
         <size>0x4</size>
         <alignment>0x4</alignment>
         <input_file_ref idref="fl-36"/>
      </object_component>
      <object_component id="oc-1a7">
         <name>.stack</name>
         <uninitialized>true</uninitialized>
         <readwrite>true</readwrite>
         <run_address>0x20207e00</run_address>
         <size>0x0</size>
         <alignment>0x8</alignment>
      </object_component>
      <object_component id="oc-f9">
         <name>.debug_abbrev</name>
         <load_address>0x0</load_address>
         <run_address>0x0</run_address>
         <size>0x16c</size>
         <alignment>0x1</alignment>
         <input_file_ref idref="fl-1"/>
      </object_component>
      <object_component id="oc-124">
         <name>.debug_abbrev</name>
         <load_address>0x16c</load_address>
         <run_address>0x16c</run_address>
         <size>0x11c</size>
         <alignment>0x1</alignment>
         <input_file_ref idref="fl-2"/>
      </object_component>
      <object_component id="oc-10a">
         <name>.debug_abbrev</name>
         <load_address>0x288</load_address>
         <run_address>0x288</run_address>
         <size>0x21</size>
         <alignment>0x1</alignment>
         <input_file_ref idref="fl-3"/>
      </object_component>
      <object_component id="oc-87">
         <name>.debug_abbrev</name>
         <load_address>0x2a9</load_address>
         <run_address>0x2a9</run_address>
         <size>0x203</size>
         <alignment>0x1</alignment>
         <input_file_ref idref="fl-4"/>
      </object_component>
      <object_component id="oc-fc">
         <name>.debug_abbrev</name>
         <load_address>0x4ac</load_address>
         <run_address>0x4ac</run_address>
         <size>0x10d</size>
         <alignment>0x1</alignment>
         <input_file_ref idref="fl-5"/>
      </object_component>
      <object_component id="oc-154">
         <name>.debug_abbrev</name>
         <load_address>0x5b9</load_address>
         <run_address>0x5b9</run_address>
         <size>0xf3</size>
         <alignment>0x1</alignment>
         <input_file_ref idref="fl-6"/>
      </object_component>
      <object_component id="oc-a9">
         <name>.debug_abbrev</name>
         <load_address>0x6ac</load_address>
         <run_address>0x6ac</run_address>
         <size>0xdc</size>
         <alignment>0x1</alignment>
         <input_file_ref idref="fl-7"/>
      </object_component>
      <object_component id="oc-a7">
         <name>.debug_abbrev</name>
         <load_address>0x788</load_address>
         <run_address>0x788</run_address>
         <size>0xe6</size>
         <alignment>0x1</alignment>
         <input_file_ref idref="fl-8"/>
      </object_component>
      <object_component id="oc-3d">
         <name>.debug_abbrev</name>
         <load_address>0x86e</load_address>
         <run_address>0x86e</run_address>
         <size>0x6d</size>
         <alignment>0x1</alignment>
         <input_file_ref idref="fl-9"/>
      </object_component>
      <object_component id="oc-ad">
         <name>.debug_abbrev</name>
         <load_address>0x8db</load_address>
         <run_address>0x8db</run_address>
         <size>0x21</size>
         <alignment>0x1</alignment>
         <input_file_ref idref="fl-2c"/>
      </object_component>
      <object_component id="oc-10b">
         <name>.debug_abbrev</name>
         <load_address>0x8fc</load_address>
         <run_address>0x8fc</run_address>
         <size>0xb3</size>
         <alignment>0x1</alignment>
         <input_file_ref idref="fl-2e"/>
      </object_component>
      <object_component id="oc-5f">
         <name>.debug_abbrev</name>
         <load_address>0x9af</load_address>
         <run_address>0x9af</run_address>
         <size>0x299</size>
         <alignment>0x1</alignment>
         <input_file_ref idref="fl-32"/>
      </object_component>
      <object_component id="oc-8c">
         <name>.debug_abbrev</name>
         <load_address>0xc48</load_address>
         <run_address>0xc48</run_address>
         <size>0xc2</size>
         <alignment>0x1</alignment>
         <input_file_ref idref="fl-33"/>
      </object_component>
      <object_component id="oc-4c">
         <name>.debug_abbrev</name>
         <load_address>0xd0a</load_address>
         <run_address>0xd0a</run_address>
         <size>0x70</size>
         <alignment>0x1</alignment>
         <input_file_ref idref="fl-34"/>
      </object_component>
      <object_component id="oc-44">
         <name>.debug_abbrev</name>
         <load_address>0xd7a</load_address>
         <run_address>0xd7a</run_address>
         <size>0x8d</size>
         <alignment>0x1</alignment>
         <input_file_ref idref="fl-35"/>
      </object_component>
      <object_component id="oc-3f">
         <name>.debug_abbrev</name>
         <load_address>0xe07</load_address>
         <run_address>0xe07</run_address>
         <size>0xaf</size>
         <alignment>0x1</alignment>
         <input_file_ref idref="fl-36"/>
      </object_component>
      <object_component id="oc-111">
         <name>.debug_abbrev</name>
         <load_address>0xeb6</load_address>
         <run_address>0xeb6</run_address>
         <size>0x170</size>
         <alignment>0x1</alignment>
         <input_file_ref idref="fl-3e"/>
      </object_component>
      <object_component id="oc-ba">
         <name>.debug_abbrev</name>
         <load_address>0x1026</load_address>
         <run_address>0x1026</run_address>
         <size>0x39</size>
         <alignment>0x1</alignment>
         <input_file_ref idref="fl-3f"/>
      </object_component>
      <object_component id="oc-15f">
         <name>.debug_abbrev</name>
         <load_address>0x105f</load_address>
         <run_address>0x105f</run_address>
         <size>0x27</size>
         <alignment>0x1</alignment>
         <input_file_ref idref="fl-ef"/>
      </object_component>
      <object_component id="oc-15d">
         <name>.debug_abbrev</name>
         <load_address>0x1086</load_address>
         <run_address>0x1086</run_address>
         <size>0x27</size>
         <alignment>0x1</alignment>
         <input_file_ref idref="fl-f0"/>
      </object_component>
      <object_component id="oc-162">
         <name>.debug_abbrev</name>
         <load_address>0x10ad</load_address>
         <run_address>0x10ad</run_address>
         <size>0x27</size>
         <alignment>0x1</alignment>
         <input_file_ref idref="fl-f1"/>
      </object_component>
      <object_component id="oc-15e">
         <name>.debug_abbrev</name>
         <load_address>0x10d4</load_address>
         <run_address>0x10d4</run_address>
         <size>0x27</size>
         <alignment>0x1</alignment>
         <input_file_ref idref="fl-f2"/>
      </object_component>
      <object_component id="oc-160">
         <name>.debug_abbrev</name>
         <load_address>0x10fb</load_address>
         <run_address>0x10fb</run_address>
         <size>0x27</size>
         <alignment>0x1</alignment>
         <input_file_ref idref="fl-f3"/>
      </object_component>
      <object_component id="oc-161">
         <name>.debug_abbrev</name>
         <load_address>0x1122</load_address>
         <run_address>0x1122</run_address>
         <size>0x27</size>
         <alignment>0x1</alignment>
         <input_file_ref idref="fl-f4"/>
      </object_component>
      <object_component id="oc-158">
         <name>.debug_abbrev</name>
         <load_address>0x1149</load_address>
         <run_address>0x1149</run_address>
         <size>0x27</size>
         <alignment>0x1</alignment>
         <input_file_ref idref="fl-f6"/>
      </object_component>
      <object_component id="oc-8b">
         <name>.debug_abbrev</name>
         <load_address>0x1170</load_address>
         <run_address>0x1170</run_address>
         <size>0x27</size>
         <alignment>0x1</alignment>
         <input_file_ref idref="fl-fa"/>
      </object_component>
      <object_component id="oc-f0">
         <name>.debug_abbrev</name>
         <load_address>0x1197</load_address>
         <run_address>0x1197</run_address>
         <size>0x27</size>
         <alignment>0x1</alignment>
         <input_file_ref idref="fl-fc"/>
      </object_component>
      <object_component id="oc-117">
         <name>.debug_abbrev</name>
         <load_address>0x11be</load_address>
         <run_address>0x11be</run_address>
         <size>0x59</size>
         <alignment>0x1</alignment>
         <input_file_ref idref="fl-101"/>
      </object_component>
      <object_component id="oc-f1">
         <name>.debug_abbrev</name>
         <load_address>0x1217</load_address>
         <run_address>0x1217</run_address>
         <size>0x25</size>
         <alignment>0x1</alignment>
         <input_file_ref idref="fl-103"/>
      </object_component>
      <object_component id="oc-1aa">
         <name>.debug_abbrev</name>
         <load_address>0x123c</load_address>
         <run_address>0x123c</run_address>
         <size>0xf</size>
         <alignment>0x0</alignment>
      </object_component>
      <object_component id="oc-c0">
         <name>.debug_info</name>
         <load_address>0x0</load_address>
         <run_address>0x0</run_address>
         <size>0x1363</size>
         <alignment>0x1</alignment>
         <input_file_ref idref="fl-1"/>
      </object_component>
      <object_component id="oc-102">
         <name>.debug_info</name>
         <load_address>0x1363</load_address>
         <run_address>0x1363</run_address>
         <size>0xfaf</size>
         <alignment>0x1</alignment>
         <input_file_ref idref="fl-2"/>
      </object_component>
      <object_component id="oc-cc">
         <name>.debug_info</name>
         <load_address>0x2312</load_address>
         <run_address>0x2312</run_address>
         <size>0x28c</size>
         <alignment>0x1</alignment>
         <input_file_ref idref="fl-3"/>
      </object_component>
      <object_component id="oc-3a">
         <name>.debug_info</name>
         <load_address>0x259e</load_address>
         <run_address>0x259e</run_address>
         <size>0x1fbf</size>
         <alignment>0x1</alignment>
         <input_file_ref idref="fl-4"/>
      </object_component>
      <object_component id="oc-c4">
         <name>.debug_info</name>
         <load_address>0x455d</load_address>
         <run_address>0x455d</run_address>
         <size>0x879</size>
         <alignment>0x1</alignment>
         <input_file_ref idref="fl-5"/>
      </object_component>
      <object_component id="oc-11f">
         <name>.debug_info</name>
         <load_address>0x4dd6</load_address>
         <run_address>0x4dd6</run_address>
         <size>0x9b1</size>
         <alignment>0x1</alignment>
         <input_file_ref idref="fl-6"/>
      </object_component>
      <object_component id="oc-6c">
         <name>.debug_info</name>
         <load_address>0x5787</load_address>
         <run_address>0x5787</run_address>
         <size>0x5da</size>
         <alignment>0x1</alignment>
         <input_file_ref idref="fl-7"/>
      </object_component>
      <object_component id="oc-68">
         <name>.debug_info</name>
         <load_address>0x5d61</load_address>
         <run_address>0x5d61</run_address>
         <size>0x63f</size>
         <alignment>0x1</alignment>
         <input_file_ref idref="fl-8"/>
      </object_component>
      <object_component id="oc-19">
         <name>.debug_info</name>
         <load_address>0x63a0</load_address>
         <run_address>0x63a0</run_address>
         <size>0x94</size>
         <alignment>0x1</alignment>
         <input_file_ref idref="fl-9"/>
      </object_component>
      <object_component id="oc-71">
         <name>.debug_info</name>
         <load_address>0x6434</load_address>
         <run_address>0x6434</run_address>
         <size>0x114</size>
         <alignment>0x1</alignment>
         <input_file_ref idref="fl-2c"/>
      </object_component>
      <object_component id="oc-d4">
         <name>.debug_info</name>
         <load_address>0x6548</load_address>
         <run_address>0x6548</run_address>
         <size>0xed</size>
         <alignment>0x1</alignment>
         <input_file_ref idref="fl-2e"/>
      </object_component>
      <object_component id="oc-30">
         <name>.debug_info</name>
         <load_address>0x6635</load_address>
         <run_address>0x6635</run_address>
         <size>0xae7</size>
         <alignment>0x1</alignment>
         <input_file_ref idref="fl-32"/>
      </object_component>
      <object_component id="oc-52">
         <name>.debug_info</name>
         <load_address>0x711c</load_address>
         <run_address>0x711c</run_address>
         <size>0x192</size>
         <alignment>0x1</alignment>
         <input_file_ref idref="fl-33"/>
      </object_component>
      <object_component id="oc-22">
         <name>.debug_info</name>
         <load_address>0x72ae</load_address>
         <run_address>0x72ae</run_address>
         <size>0xc6</size>
         <alignment>0x1</alignment>
         <input_file_ref idref="fl-34"/>
      </object_component>
      <object_component id="oc-1d">
         <name>.debug_info</name>
         <load_address>0x7374</load_address>
         <run_address>0x7374</run_address>
         <size>0x17c</size>
         <alignment>0x1</alignment>
         <input_file_ref idref="fl-35"/>
      </object_component>
      <object_component id="oc-1b">
         <name>.debug_info</name>
         <load_address>0x74f0</load_address>
         <run_address>0x74f0</run_address>
         <size>0x423</size>
         <alignment>0x1</alignment>
         <input_file_ref idref="fl-36"/>
      </object_component>
      <object_component id="oc-da">
         <name>.debug_info</name>
         <load_address>0x7913</load_address>
         <run_address>0x7913</run_address>
         <size>0x744</size>
         <alignment>0x1</alignment>
         <input_file_ref idref="fl-3e"/>
      </object_component>
      <object_component id="oc-94">
         <name>.debug_info</name>
         <load_address>0x8057</load_address>
         <run_address>0x8057</run_address>
         <size>0x46</size>
         <alignment>0x1</alignment>
         <input_file_ref idref="fl-3f"/>
      </object_component>
      <object_component id="oc-13e">
         <name>.debug_info</name>
         <load_address>0x809d</load_address>
         <run_address>0x809d</run_address>
         <size>0x1a7</size>
         <alignment>0x1</alignment>
         <input_file_ref idref="fl-ef"/>
      </object_component>
      <object_component id="oc-136">
         <name>.debug_info</name>
         <load_address>0x8244</load_address>
         <run_address>0x8244</run_address>
         <size>0x18d</size>
         <alignment>0x1</alignment>
         <input_file_ref idref="fl-f0"/>
      </object_component>
      <object_component id="oc-15b">
         <name>.debug_info</name>
         <load_address>0x83d1</load_address>
         <run_address>0x83d1</run_address>
         <size>0x18f</size>
         <alignment>0x1</alignment>
         <input_file_ref idref="fl-f1"/>
      </object_component>
      <object_component id="oc-139">
         <name>.debug_info</name>
         <load_address>0x8560</load_address>
         <run_address>0x8560</run_address>
         <size>0x18d</size>
         <alignment>0x1</alignment>
         <input_file_ref idref="fl-f2"/>
      </object_component>
      <object_component id="oc-142">
         <name>.debug_info</name>
         <load_address>0x86ed</load_address>
         <run_address>0x86ed</run_address>
         <size>0x18f</size>
         <alignment>0x1</alignment>
         <input_file_ref idref="fl-f3"/>
      </object_component>
      <object_component id="oc-144">
         <name>.debug_info</name>
         <load_address>0x887c</load_address>
         <run_address>0x887c</run_address>
         <size>0x195</size>
         <alignment>0x1</alignment>
         <input_file_ref idref="fl-f4"/>
      </object_component>
      <object_component id="oc-132">
         <name>.debug_info</name>
         <load_address>0x8a11</load_address>
         <run_address>0x8a11</run_address>
         <size>0x197</size>
         <alignment>0x1</alignment>
         <input_file_ref idref="fl-f6"/>
      </object_component>
      <object_component id="oc-49">
         <name>.debug_info</name>
         <load_address>0x8ba8</load_address>
         <run_address>0x8ba8</run_address>
         <size>0x199</size>
         <alignment>0x1</alignment>
         <input_file_ref idref="fl-fa"/>
      </object_component>
      <object_component id="oc-b1">
         <name>.debug_info</name>
         <load_address>0x8d41</load_address>
         <run_address>0x8d41</run_address>
         <size>0x1bc</size>
         <alignment>0x1</alignment>
         <input_file_ref idref="fl-fc"/>
      </object_component>
      <object_component id="oc-ec">
         <name>.debug_info</name>
         <load_address>0x8efd</load_address>
         <run_address>0x8efd</run_address>
         <size>0x85</size>
         <alignment>0x1</alignment>
         <input_file_ref idref="fl-101"/>
      </object_component>
      <object_component id="oc-b3">
         <name>.debug_info</name>
         <load_address>0x8f82</load_address>
         <run_address>0x8f82</run_address>
         <size>0x2fa</size>
         <alignment>0x1</alignment>
         <input_file_ref idref="fl-103"/>
      </object_component>
      <object_component id="oc-1a9">
         <name>.debug_info</name>
         <load_address>0x927c</load_address>
         <run_address>0x927c</run_address>
         <size>0xcc</size>
         <alignment>0x0</alignment>
      </object_component>
      <object_component id="oc-bf">
         <name>.debug_ranges</name>
         <load_address>0x0</load_address>
         <run_address>0x0</run_address>
         <size>0x58</size>
         <alignment>0x1</alignment>
         <input_file_ref idref="fl-1"/>
      </object_component>
      <object_component id="oc-104">
         <name>.debug_ranges</name>
         <load_address>0x58</load_address>
         <run_address>0x58</run_address>
         <size>0x38</size>
         <alignment>0x1</alignment>
         <input_file_ref idref="fl-2"/>
      </object_component>
      <object_component id="oc-3b">
         <name>.debug_ranges</name>
         <load_address>0x90</load_address>
         <run_address>0x90</run_address>
         <size>0x70</size>
         <alignment>0x1</alignment>
         <input_file_ref idref="fl-4"/>
      </object_component>
      <object_component id="oc-c2">
         <name>.debug_ranges</name>
         <load_address>0x100</load_address>
         <run_address>0x100</run_address>
         <size>0x60</size>
         <alignment>0x1</alignment>
         <input_file_ref idref="fl-5"/>
      </object_component>
      <object_component id="oc-11e">
         <name>.debug_ranges</name>
         <load_address>0x160</load_address>
         <run_address>0x160</run_address>
         <size>0x48</size>
         <alignment>0x1</alignment>
         <input_file_ref idref="fl-6"/>
      </object_component>
      <object_component id="oc-6d">
         <name>.debug_ranges</name>
         <load_address>0x1a8</load_address>
         <run_address>0x1a8</run_address>
         <size>0x80</size>
         <alignment>0x1</alignment>
         <input_file_ref idref="fl-7"/>
      </object_component>
      <object_component id="oc-69">
         <name>.debug_ranges</name>
         <load_address>0x228</load_address>
         <run_address>0x228</run_address>
         <size>0x38</size>
         <alignment>0x1</alignment>
         <input_file_ref idref="fl-8"/>
      </object_component>
      <object_component id="oc-33">
         <name>.debug_ranges</name>
         <load_address>0x260</load_address>
         <run_address>0x260</run_address>
         <size>0x20</size>
         <alignment>0x1</alignment>
         <input_file_ref idref="fl-9"/>
      </object_component>
      <object_component id="oc-d3">
         <name>.debug_ranges</name>
         <load_address>0x280</load_address>
         <run_address>0x280</run_address>
         <size>0x18</size>
         <alignment>0x1</alignment>
         <input_file_ref idref="fl-2e"/>
      </object_component>
      <object_component id="oc-62">
         <name>.debug_ranges</name>
         <load_address>0x298</load_address>
         <run_address>0x298</run_address>
         <size>0xa0</size>
         <alignment>0x1</alignment>
         <input_file_ref idref="fl-32"/>
      </object_component>
      <object_component id="oc-51">
         <name>.debug_ranges</name>
         <load_address>0x338</load_address>
         <run_address>0x338</run_address>
         <size>0x18</size>
         <alignment>0x1</alignment>
         <input_file_ref idref="fl-33"/>
      </object_component>
      <object_component id="oc-47">
         <name>.debug_ranges</name>
         <load_address>0x350</load_address>
         <run_address>0x350</run_address>
         <size>0x50</size>
         <alignment>0x1</alignment>
         <input_file_ref idref="fl-35"/>
      </object_component>
      <object_component id="oc-42">
         <name>.debug_ranges</name>
         <load_address>0x3a0</load_address>
         <run_address>0x3a0</run_address>
         <size>0x48</size>
         <alignment>0x1</alignment>
         <input_file_ref idref="fl-36"/>
      </object_component>
      <object_component id="oc-dc">
         <name>.debug_ranges</name>
         <load_address>0x3e8</load_address>
[...]
      <symbol id="sm-10">
         <name>__TI_prof_data_start</name>
         <value>0xffffffff</value>
      </symbol>
      <symbol id="sm-11">
         <name>__TI_prof_data_size</name>
         <value>0xffffffff</value>
      </symbol>
      <symbol id="sm-43">
         <name>Clock_Freq</name>
         <value>0x1ccd</value>
         <object_component_ref idref="oc-ff"/>
      </symbol>
      <symbol id="sm-44">
         <name>BusFreq</name>
         <value>0x202003d0</value>
         <object_component_ref idref="oc-f8"/>
      </symbol>
      <symbol id="sm-45">
         <name>Clock_Init80MHz</name>
         <value>0x905</value>
         <object_component_ref idref="oc-bc"/>
      </symbol>
      <symbol id="sm-46">
         <name>Clock_Delay</name>
         <value>0x1cab</value>
         <object_component_ref idref="oc-fe"/>
      </symbol>
      <symbol id="sm-5d">
         <name>Debug_Init</name>
         <value>0x18e1</value>
         <object_component_ref idref="oc-101"/>
      </symbol>
      <symbol id="sm-5e">
         <name>DebugCnt</name>
         <value>0x202003a0</value>
      </symbol>
      <symbol id="sm-5f">
         <name>DataBuffer</name>
         <value>0x20200200</value>
      </symbol>
      <symbol id="sm-60">
         <name>TimeBuffer</name>
         <value>0x202002c8</value>
      </symbol>
      <symbol id="sm-61">
         <name>Debug_Dump</name>
         <value>0x17ed</value>
         <object_component_ref idref="oc-148"/>
      </symbol>
      <symbol id="sm-62">
         <name>Debug_Period</name>
         <value>0xed9</value>
         <object_component_ref idref="oc-149"/>
      </symbol>
      <symbol id="sm-63">
         <name>Debug_Duty</name>
         <value>0x701</value>
         <object_component_ref idref="oc-107"/>
      </symbol>
      <symbol id="sm-64">
         <name>Dump</name>
         <value>0x1841</value>
         <object_component_ref idref="oc-108"/>
      </symbol>
      <symbol id="sm-65">
         <name>Theperiod</name>
         <value>0x202003c0</value>
      </symbol>
      <symbol id="sm-80">
         <name>EID</name>
         <value>0xc0</value>
         <object_component_ref idref="oc-c9"/>
      </symbol>
      <symbol id="sm-81">
         <name>Lab2</name>
         <value>0x2d0</value>
         <object_component_ref idref="oc-c9"/>
      </symbol>
      <symbol id="sm-bd">
         <name>Random32</name>
         <value>0x1c01</value>
         <object_component_ref idref="oc-100"/>
      </symbol>
      <symbol id="sm-be">
         <name>M</name>
         <value>0x202003a8</value>
      </symbol>
      <symbol id="sm-bf">
         <name>Random</name>
         <value>0x1c59</value>
         <object_component_ref idref="oc-c8"/>
      </symbol>
      <symbol id="sm-c0">
         <name>setUpper</name>
         <value>0x1b05</value>
         <object_component_ref idref="oc-c7"/>
      </symbol>
      <symbol id="sm-c1">
         <name>ShowProblem</name>
         <value>0x19ad</value>
         <object_component_ref idref="oc-126"/>
      </symbol>
      <symbol id="sm-c2">
         <name>Mode0</name>
         <value>0x202003d4</value>
         <object_component_ref idref="oc-76"/>
      </symbol>
      <symbol id="sm-c3">
         <name>StartProblem</name>
         <value>0x1cf0</value>
         <object_component_ref idref="oc-156"/>
      </symbol>
      <symbol id="sm-c4">
         <name>Mode1</name>
         <value>0x202003d8</value>
         <object_component_ref idref="oc-78"/>
      </symbol>
      <symbol id="sm-c5">
         <name>LEDProblem</name>
         <value>0x1e30</value>
         <object_component_ref idref="oc-157"/>
      </symbol>
      <symbol id="sm-c6">
         <name>EndLab2</name>
         <value>0x1ad1</value>
         <object_component_ref idref="oc-6f"/>
      </symbol>
      <symbol id="sm-c7">
         <name>Score</name>
         <value>0x202003dc</value>
         <object_component_ref idref="oc-83"/>
      </symbol>
      <symbol id="sm-c8">
         <name>CheckInit</name>
         <value>0x1461</value>
         <object_component_ref idref="oc-64"/>
      </symbol>
      <symbol id="sm-c9">
         <name>InMux</name>
         <value>0x20e8</value>
         <object_component_ref idref="oc-a2"/>
      </symbol>
      <symbol id="sm-ca">
         <name>OutMux</name>
         <value>0x2130</value>
         <object_component_ref idref="oc-a3"/>
      </symbol>
      <symbol id="sm-cb">
         <name>LEDMask</name>
         <value>0x2124</value>
         <object_component_ref idref="oc-79"/>
      </symbol>
      <symbol id="sm-cc">
         <name>TIMG0_IRQHandler</name>
         <value>0x405</value>
         <object_component_ref idref="oc-37"/>
      </symbol>
      <symbol id="sm-cd">
         <name>Time</name>
         <value>0x202003e0</value>
         <object_component_ref idref="oc-75"/>
      </symbol>
      <symbol id="sm-ce">
         <name>StartMask</name>
         <value>0x20f8</value>
         <object_component_ref idref="oc-77"/>
      </symbol>
      <symbol id="sm-cf">
         <name>mode</name>
         <value>0x202003c8</value>
      </symbol>
      <symbol id="sm-d0">
         <name>FirstCount</name>
         <value>0x202003a4</value>
      </symbol>
      <symbol id="sm-d1">
         <name>Period</name>
         <value>0x202003ac</value>
      </symbol>
      <symbol id="sm-d2">
         <name>WaveIndex</name>
         <value>0x202003c4</value>
      </symbol>
      <symbol id="sm-d3">
         <name>Wave</name>
         <value>0x20200390</value>
      </symbol>
      <symbol id="sm-d4">
         <name>StartCount</name>
         <value>0x202003b8</value>
      </symbol>
      <symbol id="sm-d5">
         <name>Letter</name>
         <value>0x202003cc</value>
      </symbol>
      <symbol id="sm-d6">
         <name>Table</name>
         <value>0x1f20</value>
         <object_component_ref idref="oc-82"/>
      </symbol>
      <symbol id="sm-d7">
         <name>ADC_Init</name>
         <value>0xda5</value>
         <object_component_ref idref="oc-128"/>
      </symbol>
      <symbol id="sm-d8">
         <name>TExaSadc</name>
         <value>0x202003bc</value>
      </symbol>
      <symbol id="sm-d9">
         <name>ADC_Start</name>
         <value>0x1b65</value>
         <object_component_ref idref="oc-129"/>
      </symbol>
      <symbol id="sm-da">
         <name>TIMG7_IRQHandler</name>
         <value>0x1791</value>
         <object_component_ref idref="oc-3c"/>
      </symbol>
      <symbol id="sm-db">
         <name>main</name>
         <value>0x12d5</value>
         <object_component_ref idref="oc-97"/>
      </symbol>
      <symbol id="sm-dc">
         <name>SizeofEID</name>
         <value>0x202003b4</value>
      </symbol>
      <symbol id="sm-dd">
         <name>Lab2Grader</name>
         <value>0xc4d</value>
         <object_component_ref idref="oc-106"/>
      </symbol>
      <symbol id="sm-de">
         <name>Phase</name>
         <value>0x202003b0</value>
      </symbol>
      <symbol id="sm-ee">
         <name>Delay</name>
         <value>0x1cbb</value>
         <object_component_ref idref="oc-11b"/>
      </symbol>
      <symbol id="sm-ef">
         <name>ActivatePortA_B</name>
         <value>0x1a61</value>
         <object_component_ref idref="oc-fb"/>
      </symbol>
      <symbol id="sm-f0">
         <name>LaunchPad_Init</name>
         <value>0x1639</value>
         <object_component_ref idref="oc-c1"/>
      </symbol>
      <symbol id="sm-100">
         <name>TimerG0_IntArm</name>
         <value>0x1505</value>
         <object_component_ref idref="oc-12a"/>
      </symbol>
      <symbol id="sm-101">
         <name>TimerG7_IntArm</name>
         <value>0x13b9</value>
         <object_component_ref idref="oc-127"/>
      </symbol>
      <symbol id="sm-102">
         <name>TimerG12_Init</name>
         <value>0x1731</value>
         <object_component_ref idref="oc-11c"/>
      </symbol>
      <symbol id="sm-10d">
         <name>UART_OutString</name>
         <value>0x1bb5</value>
         <object_component_ref idref="oc-6a"/>
      </symbol>
      <symbol id="sm-10e">
         <name>UART_OutUDec</name>
         <value>0x1a99</value>
         <object_component_ref idref="oc-74"/>
      </symbol>
      <symbol id="sm-11b">
         <name>UART_Init</name>
         <value>0x1109</value>
         <object_component_ref idref="oc-c6"/>
      </symbol>
      <symbol id="sm-11c">
         <name>UART_OutChar</name>
         <value>0x1b39</value>
         <object_component_ref idref="oc-65"/>
      </symbol>
      <symbol id="sm-12d">
         <name>Default_Handler</name>
         <value>0x1c21</value>
         <object_component_ref idref="oc-35"/>
      </symbol>
      <symbol id="sm-12e">
         <name>Reset_Handler</name>
         <value>0x1cd9</value>
         <object_component_ref idref="oc-31"/>
      </symbol>
      <symbol id="sm-12f">
         <name>HardFault_Handler</name>
         <value>0x1c3d</value>
         <object_component_ref idref="oc-36"/>
      </symbol>
      <symbol id="sm-130">
         <name>interruptVectors</name>
         <value>0x0</value>
         <object_component_ref idref="oc-18"/>
      </symbol>
      <symbol id="sm-131">
         <name>NMI_Handler</name>
         <value>0x1c21</value>
         <object_component_ref idref="oc-35"/>
      </symbol>
      <symbol id="sm-132">
         <name>SVC_Handler</name>
         <value>0x1c21</value>
         <object_component_ref idref="oc-35"/>
      </symbol>
      <symbol id="sm-133">
         <name>PendSV_Handler</name>
         <value>0x1c21</value>
         <object_component_ref idref="oc-35"/>
      </symbol>
      <symbol id="sm-134">
         <name>SysTick_Handler</name>
         <value>0x1c21</value>
         <object_component_ref idref="oc-35"/>
      </symbol>
      <symbol id="sm-135">
         <name>GROUP0_IRQHandler</name>
         <value>0x1c21</value>
         <object_component_ref idref="oc-35"/>
      </symbol>
      <symbol id="sm-136">
         <name>GROUP1_IRQHandler</name>
         <value>0x1c21</value>
         <object_component_ref idref="oc-35"/>
      </symbol>
      <symbol id="sm-137">
         <name>TIMG8_IRQHandler</name>
         <value>0x1c21</value>
         <object_component_ref idref="oc-35"/>
      </symbol>
      <symbol id="sm-138">
         <name>UART3_IRQHandler</name>
         <value>0x1c21</value>
         <object_component_ref idref="oc-35"/>
      </symbol>
      <symbol id="sm-139">
         <name>ADC0_IRQHandler</name>
         <value>0x1c21</value>
         <object_component_ref idref="oc-35"/>
      </symbol>
      <symbol id="sm-13a">
         <name>ADC1_IRQHandler</name>
         <value>0x1c21</value>
         <object_component_ref idref="oc-35"/>
      </symbol>
      <symbol id="sm-13b">
         <name>CANFD0_IRQHandler</name>
         <value>0x1c21</value>
         <object_component_ref idref="oc-35"/>
      </symbol>
      <symbol id="sm-13c">
         <name>DAC0_IRQHandler</name>
         <value>0x1c21</value>
         <object_component_ref idref="oc-35"/>
      </symbol>
      <symbol id="sm-13d">
         <name>SPI0_IRQHandler</name>
         <value>0x1c21</value>
         <object_component_ref idref="oc-35"/>
      </symbol>
      <symbol id="sm-13e">
         <name>SPI1_IRQHandler</name>
         <value>0x1c21</value>
         <object_component_ref idref="oc-35"/>
      </symbol>
      <symbol id="sm-13f">
         <name>UART1_IRQHandler</name>
         <value>0x1c21</value>
         <object_component_ref idref="oc-35"/>
      </symbol>
      <symbol id="sm-140">
         <name>UART2_IRQHandler</name>
         <value>0x1c21</value>
         <object_component_ref idref="oc-35"/>
      </symbol>
      <symbol id="sm-141">
         <name>UART0_IRQHandler</name>
         <value>0x1c21</value>
         <object_component_ref idref="oc-35"/>
      </symbol>
      <symbol id="sm-142">
         <name>TIMG6_IRQHandler</name>
         <value>0x1c21</value>
         <object_component_ref idref="oc-35"/>
      </symbol>
      <symbol id="sm-143">
         <name>TIMA0_IRQHandler</name>
         <value>0x1c21</value>
         <object_component_ref idref="oc-35"/>
      </symbol>
      <symbol id="sm-144">
         <name>TIMA1_IRQHandler</name>
         <value>0x1c21</value>
         <object_component_ref idref="oc-35"/>
      </symbol>
      <symbol id="sm-145">
         <name>TIMG12_IRQHandler</name>
         <value>0x1c21</value>
         <object_component_ref idref="oc-35"/>
      </symbol>
      <symbol id="sm-146">
         <name>I2C0_IRQHandler</name>
         <value>0x1c21</value>
         <object_component_ref idref="oc-35"/>
      </symbol>
      <symbol id="sm-147">
         <name>I2C1_IRQHandler</name>
         <value>0x1c21</value>
         <object_component_ref idref="oc-35"/>
      </symbol>
      <symbol id="sm-148">
         <name>AES_IRQHandler</name>
         <value>0x1c21</value>
         <object_component_ref idref="oc-35"/>
      </symbol>
      <symbol id="sm-149">
         <name>RTC_IRQHandler</name>
         <value>0x1c21</value>
         <object_component_ref idref="oc-35"/>
      </symbol>
      <symbol id="sm-14a">
         <name>DMA_IRQHandler</name>
         <value>0x1c21</value>
         <object_component_ref idref="oc-35"/>
      </symbol>
      <symbol id="sm-14b">
         <name>__TI_ATRegion0_src_addr</name>
         <value>0x0</value>
      </symbol>
      <symbol id="sm-14c">
         <name>__TI_ATRegion0_trg_addr</name>
         <value>0x0</value>
      </symbol>
      <symbol id="sm-14d">
         <name>__TI_ATRegion0_region_sz</name>
         <value>0x0</value>
      </symbol>
      <symbol id="sm-14e">
         <name>__TI_ATRegion1_src_addr</name>
         <value>0x0</value>
      </symbol>
      <symbol id="sm-14f">
         <name>__TI_ATRegion1_trg_addr</name>
         <value>0x0</value>
      </symbol>
      <symbol id="sm-150">
         <name>__TI_ATRegion1_region_sz</name>
         <value>0x0</value>
      </symbol>
      <symbol id="sm-151">
         <name>__TI_ATRegion2_src_addr</name>
         <value>0x0</value>
      </symbol>
      <symbol id="sm-152">
         <name>__TI_ATRegion2_trg_addr</name>
         <value>0x0</value>
      </symbol>
      <symbol id="sm-153">
         <name>__TI_ATRegion2_region_sz</name>
         <value>0x0</value>
      </symbol>
      <symbol id="sm-15d">
         <name>strcmp</name>
         <value>0x15b1</value>
         <object_component_ref idref="oc-70"/>
      </symbol>
      <symbol id="sm-168">
         <name>abort</name>
         <value>0x1ce1</value>
         <object_component_ref idref="oc-d2"/>
      </symbol>
      <symbol id="sm-169">
         <name>C$$EXIT</name>
         <value>0x1ce0</value>
         <object_component_ref idref="oc-d2"/>
      </symbol>
      <symbol id="sm-173">
         <name>_sys_memory</name>
         <value>0x20200000</value>
         <object_component_ref idref="oc-2f"/>
      </symbol>
      <symbol id="sm-17d">
         <name>__TI_zero_init_nomemset</name>
         <value>0x1c71</value>
         <object_component_ref idref="oc-4f"/>
      </symbol>
      <symbol id="sm-186">
         <name>__TI_decompress_none</name>
         <value>0x1c99</value>
         <object_component_ref idref="oc-20"/>
      </symbol>
      <symbol id="sm-191">
         <name>__TI_decompress_lzss</name>
         <value>0x16b5</value>
         <object_component_ref idref="oc-1c"/>
      </symbol>
      <symbol id="sm-19c">
         <name>_c_int00_noargs</name>
         <value>0x1b8d</value>
         <object_component_ref idref="oc-58"/>
      </symbol>
      <symbol id="sm-19d">
         <name>__stack</name>
         <value>0x20207e00</value>
         <object_component_ref idref="oc-1a"/>
      </symbol>
      <symbol id="sm-1af">
         <name>__TI_auto_init_nobinit_nopinit</name>
         <value>0x19e9</value>
         <object_component_ref idref="oc-d9"/>
      </symbol>
      <symbol id="sm-1b7">
         <name>_system_pre_init</name>
         <value>0x1cdd</value>
         <object_component_ref idref="oc-93"/>
      </symbol>
      <symbol id="sm-1d6">
         <name>__aeabi_dadd</name>
         <value>0xac3</value>
         <object_component_ref idref="oc-13b"/>
      </symbol>
      <symbol id="sm-1d7">
         <name>__adddf3</name>
         <value>0xac3</value>
         <object_component_ref idref="oc-13b"/>
      </symbol>
      <symbol id="sm-1d8">
         <name>__aeabi_dsub</name>
         <value>0xab9</value>
         <object_component_ref idref="oc-13b"/>
      </symbol>
      <symbol id="sm-1d9">
         <name>__subdf3</name>
         <value>0xab9</value>
         <object_component_ref idref="oc-13b"/>
      </symbol>
      <symbol id="sm-1df">
         <name>__aeabi_dmul</name>
         <value>0x11f1</value>
         <object_component_ref idref="oc-133"/>
      </symbol>
      <symbol id="sm-1e0">
         <name>__muldf3</name>
         <value>0x11f1</value>
         <object_component_ref idref="oc-133"/>
      </symbol>
      <symbol id="sm-1e6">
         <name>__muldsi3</name>
         <value>0x1a25</value>
         <object_component_ref idref="oc-159"/>
      </symbol>
      <symbol id="sm-1ec">
         <name>__aeabi_ddiv</name>
         <value>0xffd</value>
         <object_component_ref idref="oc-137"/>
      </symbol>
      <symbol id="sm-1ed">
         <name>__divdf3</name>
         <value>0xffd</value>
         <object_component_ref idref="oc-137"/>
      </symbol>
      <symbol id="sm-1f3">
         <name>__aeabi_d2iz</name>
         <value>0x1895</value>
         <object_component_ref idref="oc-13f"/>
      </symbol>
      <symbol id="sm-1f4">
         <name>__fixdfsi</name>
         <value>0x1895</value>
         <object_component_ref idref="oc-13f"/>
      </symbol>
      <symbol id="sm-1fa">
         <name>__aeabi_d2uiz</name>
         <value>0x1929</value>
         <object_component_ref idref="oc-143"/>
      </symbol>
      <symbol id="sm-1fb">
         <name>__fixunsdfsi</name>
         <value>0x1929</value>
         <object_component_ref idref="oc-143"/>
      </symbol>
      <symbol id="sm-201">
         <name>__aeabi_ui2d</name>
         <value>0x1bdd</value>
         <object_component_ref idref="oc-12f"/>
      </symbol>
      <symbol id="sm-202">
         <name>__floatunsidf</name>
         <value>0x1bdd</value>
         <object_component_ref idref="oc-12f"/>
      </symbol>
      <symbol id="sm-208">
         <name>__aeabi_memcpy</name>
         <value>0x15a9</value>
         <object_component_ref idref="oc-48"/>
      </symbol>
      <symbol id="sm-209">
         <name>__aeabi_memcpy4</name>
         <value>0x15a9</value>
         <object_component_ref idref="oc-48"/>
      </symbol>
      <symbol id="sm-20a">
         <name>__aeabi_memcpy8</name>
         <value>0x15a9</value>
         <object_component_ref idref="oc-48"/>
      </symbol>
      <symbol id="sm-210">
         <name>__aeabi_uidiv</name>
         <value>0x196d</value>
         <object_component_ref idref="oc-ae"/>
      </symbol>
      <symbol id="sm-211">
         <name>__aeabi_uidivmod</name>
         <value>0x196d</value>
         <object_component_ref idref="oc-ae"/>
      </symbol>
      <symbol id="sm-21c">
         <name>__aeabi_idiv0</name>
         <value>0xc4b</value>
         <object_component_ref idref="oc-eb"/>
      </symbol>
      <symbol id="sm-226">
         <name>TI_memcpy_small</name>
         <value>0x1c87</value>
         <object_component_ref idref="oc-b2"/>
      </symbol>
      <symbol id="sm-227">
         <name>__TI_static_base__</name>
         <value>0x0</value>
      </symbol>
      <symbol id="sm-22a">
         <name>__mpu_init</name>
         <value>0x0</value>
      </symbol>
      <symbol id="sm-22b">
         <name>_system_post_cinit</name>
         <value>0x0</value>
      </symbol>
   </symbol_table>
   <title>Link successful</title>
</link_info>
