******************************************************************************
            TI ARM Clang Linker PC v4.0.1                      
******************************************************************************
>> Linked Thu Jan 30 11:56:48 2025

OUTPUT FILE NAME:   <ECE319K_Lab1.out>
ENTRY POINT SYMBOL: "_c_int00_noargs"  address: 00001555


MEMORY CONFIGURATION

         name            origin    length      used     unused   attr    fill
----------------------  --------  ---------  --------  --------  ----  --------
  FLASH                 00000000   00020000  00001bd8  0001e428  R  X
  SRAM                  20200000   00008000  00000595  00007a6b  RW X
  BCR_CONFIG            41c00000   00000080  00000000  00000080  R   
  BSL_CONFIG            41c00100   00000080  00000000  00000080  R   


SEGMENT ALLOCATION MAP

run origin  load origin   length   init length attrs members
----------  ----------- ---------- ----------- ----- -------
00000000    00000000    00001bd8   00001bd8    r-x
  00000000    00000000    000000c0   000000c0    r-- .intvecs
  000000c0    000000c0    00001610   00001610    r-x .text
  000016d0    000016d0    000004d8   000004d8    r-- .rodata
  00001ba8    00001ba8    00000030   00000030    r-- .cinit
20200000    20200000    00000398   00000000    rw-
  20200000    20200000    00000200   00000000    rw- .sysmem
  20200200    20200200    00000191   00000000    rw- .bss
  20200394    20200394    00000004   00000000    rw- .data
20207e00    20207e00    00000200   00000000    rw-
  20207e00    20207e00    00000200   00000000    rw- .stack


SECTION ALLOCATION MAP

 output                                  attributes/
section   page    origin      length       input sections
--------  ----  ----------  ----------   ----------------
.intvecs   0    00000000    000000c0     
                  00000000    000000c0     startup_mspm0g3507_ticlang.o (.intvecs)

.text      0    000000c0    00001610     
                  000000c0    000005c8     ECE319K_Lab1main.o (.text.Run)
                  00000688    00000264     ECE319K_Lab1main.o (.text.main)
                  000008ec    000001b4     Clock.o (.text.Clock_Init80MHz)
                  00000aa0    000000f4     ECE319K_Lab1main.o (.text.BuildEID)
                  00000b94    000000ec     ECE319K_Lab1main.o (.text.OptFill2)
                  00000c80    000000e8     ECE319K_Lab1main.o (.text.OptFill6)
                  00000d68    000000e8     ECE319K_Lab1main.o (.text.OptFill7)
                  00000e50    000000e8     UARTbusywait.o (.text.UART_Init)
                  00000f38    000000d0     ECE319K_Lab1main.o (.text.OptFill1)
                  00001008    000000b0     ECE319K_Lab1.o (.text)
                  000010b8    000000a4     ECE319K_Lab1main.o (.text.Show)
                  0000115c    00000098     ECE319K_Lab1main.o (.text.OptFill3)
                  000011f4    00000098     ECE319K_Lab1main.o (.text.OptFill4)
                  0000128c    00000004     startup_mspm0g3507_ticlang.o (.text.Reset_Handler)
                  00001290    00000088     libc.a : strcmp-armv6m.S.obj (.text:strcmp)
                  00001318    0000007c     LaunchPad.o (.text.LaunchPad_Init)
                  00001394    0000007c     libc.a : copy_decompress_lzss.c.obj (.text:decompress:lzss)
                  00001410    00000040     libclang_rt.builtins.a : aeabi_uidivmod.S.obj (.text.__aeabi_uidivmod)
                  00001450    0000003c     libc.a : autoinit.c.obj (.text:__TI_auto_init_nobinit_nopinit)
                  0000148c    00000038     LaunchPad.o (.text.ActivatePortA_B)
                  000014c4    00000036     UART.o (.text.UART_OutUDec)
                  000014fa    00000002     libclang_rt.builtins.a : aeabi_div0.c.obj (.text.__aeabi_idiv0)
                  000014fc    0000002c     ECE319K_Lab1main.o (.text.OptFill5)
                  00001528    0000002c     UARTbusywait.o (.text.UART_OutChar)
                  00001554    00000028     libc.a : boot_cortex_m.c.obj (.text:_c_int00_noargs)
                  0000157c    00000026     UART.o (.text.UART_OutSDec)
                  000015a2    00000026     UART.o (.text.UART_OutString)
                  000015c8    00000020     ECE319K_Lab1main.o (.text.Random32)
                  000015e8    0000001c     startup_mspm0g3507_ticlang.o (.text.Default_Handler)
                  00001604    0000001c     startup_mspm0g3507_ticlang.o (.text.HardFault_Handler)
                  00001620    00000018     ECE319K_Lab1main.o (.text.Random)
                  00001638    00000016     libc.a : copy_zero_init.c.obj (.text:decompress:ZI:__TI_zero_init_nomemset)
                  0000164e    00000012            : memcpy16.S.obj (.text:TI_memcpy_small)
                  00001660    00000012            : copy_decompress_none.c.obj (.text:decompress:none)
                  00001672    00000010     Clock.o (.text.Clock_Delay)
                  00001682    00000010     LaunchPad.o (.text.Delay)
                  00001692    00000002     --HOLE-- [fill = 0]
                  00001694    00000010     ECE319K_Lab1main.o (.text.EndLab1)
                  000016a4    0000000e     libc.a : strcpy.c.obj (.text.strcpy)
                  000016b2    00000002     --HOLE-- [fill = 0]
                  000016b4    0000000c     Clock.o (.text.Clock_Freq)
                  000016c0    00000008     libclang_rt.builtins.a : aeabi_memcpy.S.obj (.text.__aeabi_memcpy)
                  000016c8    00000004     libc.a : pre_init.c.obj (.text._system_pre_init)
                  000016cc    00000004            : exit.c.obj (.text:abort)

.cinit     0    00001ba8    00000030     
                  00001ba8    0000000c     (__TI_handler_table)
                  00001bb4    00000008     (.cinit..bss.load) [load image, compression = zero_init]
                  00001bbc    00000008     (.cinit..data.load) [load image, compression = lzss]
                  00001bc4    00000010     (__TI_cinit_table)
                  00001bd4    00000004     --HOLE-- [fill = 0]

.rodata    0    000016d0    000004d8     
                  000016d0    00000063     ECE319K_Lab1main.o (.rodata.Opt6)
                  00001733    0000005e     ECE319K_Lab1main.o (.rodata.Opt1)
                  00001791    0000005e     ECE319K_Lab1main.o (.rodata.Opt2)
                  000017ef    0000004c     ECE319K_Lab1main.o (.rodata.Opt3)
                  0000183b    0000004c     ECE319K_Lab1main.o (.rodata.Opt5)
                  00001887    0000004b     ECE319K_Lab1main.o (.rodata.Opt4)
                  000018d2    00000041     ECE319K_Lab1main.o (.rodata.str1.14907444161188492881)
                  00001913    0000003b     ECE319K_Lab1main.o (.rodata.str1.174968909855757889851)
                  0000194e    0000002e     ECE319K_Lab1main.o (.rodata.str1.25123411960812927781)
                  0000197c    0000002c     ECE319K_Lab1main.o (.rodata.str1.105994660290464284291)
                  000019a8    00000026     ECE319K_Lab1main.o (.rodata.str1.173015216602574785681)
                  000019ce    00000023     ECE319K_Lab1main.o (.rodata.str1.115786798028627018741)
                  000019f1    00000022     ECE319K_Lab1main.o (.rodata.str1.123863109781946824881)
                  00001a13    0000001e     ECE319K_Lab1main.o (.rodata.str1.13111733484638686681)
                  00001a31    0000001d     ECE319K_Lab1main.o (.rodata.str1.153427449249806072541)
                  00001a4e    00000017     ECE319K_Lab1main.o (.rodata.str1.173144816678474603411)
                  00001a65    00000013     ECE319K_Lab1main.o (.rodata.str1.105843112077125860781)
                  00001a78    00000013     ECE319K_Lab1main.o (.rodata.str1.130129757941887488171)
                  00001a8b    00000013     ECE319K_Lab1main.o (.rodata.str1.133278369624012696151)
                  00001a9e    00000013     ECE319K_Lab1main.o (.rodata.str1.147463257331976199511)
                  00001ab1    00000013     ECE319K_Lab1main.o (.rodata.str1.167265984993550080161)
                  00001ac4    00000013     ECE319K_Lab1main.o (.rodata.str1.176489910093065534241)
                  00001ad7    00000013     ECE319K_Lab1main.o (.rodata.str1.50039327454235857261)
                  00001aea    0000000d     ECE319K_Lab1main.o (.rodata.str1.132761355448877019561)
                  00001af7    0000000d     ECE319K_Lab1main.o (.rodata.str1.135189736433828579561)
                  00001b04    0000000c     ECE319K_Lab1main.o (.rodata.str1.97827626779793609701)
                  00001b10    0000000b     ECE319K_Lab1main.o (.rodata.str1.108380555965561733071)
                  00001b1b    0000000b     ECE319K_Lab1main.o (.rodata.str1.119172299335262043921)
                  00001b26    0000000b     ECE319K_Lab1main.o (.rodata.str1.176741685711326443371)
                  00001b31    0000000b     ECE319K_Lab1main.o (.rodata.str1.34366569147586579351)
                  00001b3c    0000000b     ECE319K_Lab1main.o (.rodata.str1.44935379669446951011)
                  00001b47    0000000b     ECE319K_Lab1main.o (.rodata.str1.55615562674089563771)
                  00001b52    0000000b     ECE319K_Lab1main.o (.rodata.str1.94399031292045592581)
                  00001b5d    0000000a     ECE319K_Lab1main.o (.rodata.str1.103455414388382641741)
                  00001b67    0000000a     ECE319K_Lab1main.o (.rodata.str1.15916253157235073151)
                  00001b71    00000009     ECE319K_Lab1main.o (.rodata.str1.147571127859885539721)
                  00001b7a    00000008     ECE319K_Lab1main.o (.rodata.str1.104900006407503988891)
                  00001b82    00000008     ECE319K_Lab1main.o (.rodata.str1.168307019098171422041)
                  00001b8a    00000007     ECE319K_Lab1main.o (.rodata.str1.87789522382212470371)
                  00001b91    00000004     ECE319K_Lab1main.o (.rodata.str1.76686131798211646901)
                  00001b95    00000004     ECE319K_Lab1main.o (.rodata.str1.92281712884622164221)
                  00001b99    00000003     ECE319K_Lab1main.o (.rodata.str1.127690967042737267101)
                  00001b9c    00000003     ECE319K_Lab1main.o (.rodata.str1.165310916837628524151)
                  00001b9f    00000003     ECE319K_Lab1main.o (.rodata.str1.77469027821698099141)
                  00001ba2    00000006     --HOLE-- [fill = 0]

.init_array 
*          0    00000000    00000000     UNINITIALIZED

.binit     0    00000000    00000000     

.sysmem    0    20200000    00000200     UNINITIALIZED
                  20200000    00000010     libc.a : memory.c.obj (.sysmem)
                  20200010    000001f0     --HOLE--

.bss       0    20200200    00000191     UNINITIALIZED
                  20200200    000000c8     (.common:EIDs)
                  202002c8    00000050     (.common:List)
                  20200318    00000020     (.common:Correct)
                  20200338    00000014     (.common:student)
                  2020034c    00000014     (.common:student1)
                  20200360    00000014     (.common:student2)
                  20200374    00000004     (.common:Dummy)
                  20200378    00000004     (.common:IndexAtNumber)
                  2020037c    00000004     (.common:M)
                  20200380    00000004     (.common:Option)
                  20200384    00000004     (.common:Score)
                  20200388    00000004     (.common:SizeofEID)
                  2020038c    00000004     (.common:YourAns)
                  20200390    00000001     (.common:SecondLetter)

.data      0    20200394    00000004     UNINITIALIZED
                  20200394    00000004     Clock.o (.data.BusFreq)

.stack     0    20207e00    00000200     UNINITIALIZED
                  20207e00    00000004     libc.a : boot_cortex_m.c.obj (.stack)
                  20207e04    000001fc     --HOLE--

__llvm_prf_cnts 
*          0    20200000    00000000     UNINITIALIZED

__llvm_prf_bits 
*          0    20200000    00000000     UNINITIALIZED

MODULE SUMMARY

       Module                         code   ro data   rw data
       ------                         ----   -------   -------
    .\
       ECE319K_Lab1main.o             3828   1234      401    
       Clock.o                        464    0         4      
       UARTbusywait.o                 276    0         0      
       LaunchPad.o                    196    0         0      
       ECE319K_Lab1.o                 176    0         0      
       UART.o                         130    0         0      
    +--+------------------------------+------+---------+---------+
       Total:                         5070   1234      405    
                                                              
    .\ticlang\
       startup_mspm0g3507_ticlang.o   60     192       0      
    +--+------------------------------+------+---------+---------+
       Total:                         60     192       0      
                                                              
    C:\ti\ccs2000\ccs\tools\compiler\ti-cgt-armllvm_4.0.1.LTS\lib\armv6m-ti-none-eabi/c/libc.a
       strcmp-armv6m.S.obj            136    0         0      
       copy_decompress_lzss.c.obj     124    0         0      
       autoinit.c.obj                 60     0         0      
       boot_cortex_m.c.obj            40     0         0      
       copy_zero_init.c.obj           22     0         0      
       copy_decompress_none.c.obj     18     0         0      
       memcpy16.S.obj                 18     0         0      
       strcpy.c.obj                   14     0         0      
       exit.c.obj                     4      0         0      
       pre_init.c.obj                 4      0         0      
    +--+------------------------------+------+---------+---------+
       Total:                         440    0         0      
                                                              
    C:\ti\ccs2000\ccs\tools\compiler\ti-cgt-armllvm_4.0.1.LTS\lib\armv6m-ti-none-eabi/libclang_rt.builtins.a
       aeabi_uidivmod.S.obj           64     0         0      
       aeabi_memcpy.S.obj             8      0         0      
       aeabi_div0.c.obj               2      0         0      
    +--+------------------------------+------+---------+---------+
       Total:                         74     0         0      
                                                              
       Heap:                          0      0         512    
       Stack:                         0      0         512    
       Linker Generated:              0      44        0      
    +--+------------------------------+------+---------+---------+
       Grand Total:                   5644   1470      1429   


LINKER GENERATED COPY TABLES

__TI_cinit_table @ 00001bc4 records: 2, size/record: 8, table size: 16
	.bss: load addr=00001bb4, load size=00000008 bytes, run addr=20200200, run size=00000191 bytes, compression=zero_init
	.data: load addr=00001bbc, load size=00000008 bytes, run addr=20200394, run size=00000004 bytes, compression=lzss


LINKER GENERATED HANDLER TABLE

__TI_handler_table @ 00001ba8 records: 3, size/record: 4, table size: 12
	index: 0, handler: __TI_decompress_lzss
	index: 1, handler: __TI_decompress_none
	index: 2, handler: __TI_zero_init


GLOBAL SYMBOLS: SORTED ALPHABETICALLY BY Name 

address   name                          
-------   ----                          
000015e9  ADC0_IRQHandler               
000015e9  ADC1_IRQHandler               
000015e9  AES_IRQHandler                
0000148d  ActivatePortA_B               
00000aa1  BuildEID                      
20200394  BusFreq                       
000016cc  C$$EXIT                       
000015e9  CANFD0_IRQHandler             
00001673  Clock_Delay                   
000016b5  Clock_Freq                    
000008ed  Clock_Init80MHz               
20200318  Correct                       
000015e9  DAC0_IRQHandler               
000015e9  DMA_IRQHandler                
000015e9  Default_Handler               
00001683  Delay                         
20200374  Dummy                         
00001008  EID                           
20200200  EIDs                          
00001695  EndLab1                       
000015e9  GROUP0_IRQHandler             
000015e9  GROUP1_IRQHandler             
00001605  HardFault_Handler             
000015e9  I2C0_IRQHandler               
000015e9  I2C1_IRQHandler               
20200378  IndexAtNumber                 
00001014  Lab1                          
00001319  LaunchPad_Init                
202002c8  List                          
2020037c  M                             
000015e9  NMI_Handler                   
00001733  Opt1                          
00001791  Opt2                          
000017ef  Opt3                          
00001887  Opt4                          
0000183b  Opt5                          
000016d0  Opt6                          
00000f39  OptFill1                      
00000b95  OptFill2                      
0000115d  OptFill3                      
000011f5  OptFill4                      
000014fd  OptFill5                      
00000c81  OptFill6                      
00000d69  OptFill7                      
20200380  Option                        
000015e9  PendSV_Handler                
00001010  Phase                         
000015e9  RTC_IRQHandler                
00001621  Random                        
000015c9  Random32                      
0000128d  Reset_Handler                 
000000c1  Run                           
000015e9  SPI0_IRQHandler               
000015e9  SPI1_IRQHandler               
000015e9  SVC_Handler                   
20200384  Score                         
20200390  SecondLetter                  
000010b9  Show                          
20200388  SizeofEID                     
000015e9  SysTick_Handler               
000015e9  TIMA0_IRQHandler              
000015e9  TIMA1_IRQHandler              
000015e9  TIMG0_IRQHandler              
000015e9  TIMG12_IRQHandler             
000015e9  TIMG6_IRQHandler              
000015e9  TIMG7_IRQHandler              
000015e9  TIMG8_IRQHandler              
0000164f  TI_memcpy_small               
000015e9  UART0_IRQHandler              
000015e9  UART1_IRQHandler              
000015e9  UART2_IRQHandler              
000015e9  UART3_IRQHandler              
00000e51  UART_Init                     
00001529  UART_OutChar                  
0000157d  UART_OutSDec                  
000015a3  UART_OutString                
000014c5  UART_OutUDec                  
2020038c  YourAns                       
20208000  __STACK_END                   
00000200  __STACK_SIZE                  
00000200  __SYSMEM_SIZE                 
00000000  __TI_ATRegion0_region_sz      
00000000  __TI_ATRegion0_src_addr       
00000000  __TI_ATRegion0_trg_addr       
00000000  __TI_ATRegion1_region_sz      
00000000  __TI_ATRegion1_src_addr       
00000000  __TI_ATRegion1_trg_addr       
00000000  __TI_ATRegion2_region_sz      
00000000  __TI_ATRegion2_src_addr       
00000000  __TI_ATRegion2_trg_addr       
00001bc4  __TI_CINIT_Base               
00001bd4  __TI_CINIT_Limit              
00001bd4  __TI_CINIT_Warm               
00001ba8  __TI_Handler_Table_Base       
00001bb4  __TI_Handler_Table_Limit      
00001451  __TI_auto_init_nobinit_nopinit
00001395  __TI_decompress_lzss          
00001661  __TI_decompress_none          
ffffffff  __TI_pprof_out_hndl           
ffffffff  __TI_prof_data_size           
ffffffff  __TI_prof_data_start          
00000000  __TI_static_base__            
00001639  __TI_zero_init_nomemset       
000014fb  __aeabi_idiv0                 
000016c1  __aeabi_memcpy                
000016c1  __aeabi_memcpy4               
000016c1  __aeabi_memcpy8               
00001411  __aeabi_uidiv                 
00001411  __aeabi_uidivmod              
ffffffff  __binit__                     
UNDEFED   __mpu_init                    
20207e00  __stack                       
20200000  __start___llvm_prf_bits       
20200000  __start___llvm_prf_cnts       
20200000  __stop___llvm_prf_bits        
20200000  __stop___llvm_prf_cnts        
00001555  _c_int00_noargs               
20200000  _sys_memory                   
UNDEFED   _system_post_cinit            
000016c9  _system_pre_init              
000016cd  abort                         
ffffffff  binit                         
00000000  interruptVectors              
00000689  main                          
0000107c  myClass                       
00001291  strcmp                        
000016a5  strcpy                        
20200338  student                       
2020034c  student1                      
20200360  student2                      


GLOBAL SYMBOLS: SORTED BY Symbol Address 

address   name                          
-------   ----                          
00000000  __TI_ATRegion0_region_sz      
00000000  __TI_ATRegion0_src_addr       
00000000  __TI_ATRegion0_trg_addr       
00000000  __TI_ATRegion1_region_sz      
00000000  __TI_ATRegion1_src_addr       
00000000  __TI_ATRegion1_trg_addr       
00000000  __TI_ATRegion2_region_sz      
00000000  __TI_ATRegion2_src_addr       
00000000  __TI_ATRegion2_trg_addr       
00000000  __TI_static_base__            
00000000  interruptVectors              
000000c1  Run                           
00000200  __STACK_SIZE                  
00000200  __SYSMEM_SIZE                 
00000689  main                          
000008ed  Clock_Init80MHz               
00000aa1  BuildEID                      
00000b95  OptFill2                      
00000c81  OptFill6                      
00000d69  OptFill7                      
00000e51  UART_Init                     
00000f39  OptFill1                      
00001008  EID                           
00001010  Phase                         
00001014  Lab1                          
0000107c  myClass                       
000010b9  Show                          
0000115d  OptFill3                      
000011f5  OptFill4                      
0000128d  Reset_Handler                 
00001291  strcmp                        
00001319  LaunchPad_Init                
00001395  __TI_decompress_lzss          
00001411  __aeabi_uidiv                 
00001411  __aeabi_uidivmod              
00001451  __TI_auto_init_nobinit_nopinit
0000148d  ActivatePortA_B               
000014c5  UART_OutUDec                  
000014fb  __aeabi_idiv0                 
000014fd  OptFill5                      
00001529  UART_OutChar                  
00001555  _c_int00_noargs               
0000157d  UART_OutSDec                  
000015a3  UART_OutString                
000015c9  Random32                      
000015e9  ADC0_IRQHandler               
000015e9  ADC1_IRQHandler               
000015e9  AES_IRQHandler                
000015e9  CANFD0_IRQHandler             
000015e9  DAC0_IRQHandler               
000015e9  DMA_IRQHandler                
000015e9  Default_Handler               
000015e9  GROUP0_IRQHandler             
000015e9  GROUP1_IRQHandler             
000015e9  I2C0_IRQHandler               
000015e9  I2C1_IRQHandler               
000015e9  NMI_Handler                   
000015e9  PendSV_Handler                
000015e9  RTC_IRQHandler                
000015e9  SPI0_IRQHandler               
000015e9  SPI1_IRQHandler               
000015e9  SVC_Handler                   
000015e9  SysTick_Handler               
000015e9  TIMA0_IRQHandler              
000015e9  TIMA1_IRQHandler              
000015e9  TIMG0_IRQHandler              
000015e9  TIMG12_IRQHandler             
000015e9  TIMG6_IRQHandler              
000015e9  TIMG7_IRQHandler              
000015e9  TIMG8_IRQHandler              
000015e9  UART0_IRQHandler              
000015e9  UART1_IRQHandler              
000015e9  UART2_IRQHandler              
000015e9  UART3_IRQHandler              
00001605  HardFault_Handler             
00001621  Random                        
00001639  __TI_zero_init_nomemset       
0000164f  TI_memcpy_small               
00001661  __TI_decompress_none          
00001673  Clock_Delay                   
00001683  Delay                         
00001695  EndLab1                       
000016a5  strcpy                        
000016b5  Clock_Freq                    
000016c1  __aeabi_memcpy                
000016c1  __aeabi_memcpy4               
000016c1  __aeabi_memcpy8               
000016c9  _system_pre_init              
000016cc  C$$EXIT                       
000016cd  abort                         
000016d0  Opt6                          
00001733  Opt1                          
00001791  Opt2                          
000017ef  Opt3                          
0000183b  Opt5                          
00001887  Opt4                          
00001ba8  __TI_Handler_Table_Base       
00001bb4  __TI_Handler_Table_Limit      
00001bc4  __TI_CINIT_Base               
00001bd4  __TI_CINIT_Limit              
00001bd4  __TI_CINIT_Warm               
20200000  __start___llvm_prf_bits       
20200000  __start___llvm_prf_cnts       
20200000  __stop___llvm_prf_bits        
20200000  __stop___llvm_prf_cnts        
20200000  _sys_memory                   
20200200  EIDs                          
202002c8  List                          
20200318  Correct                       
20200338  student                       
2020034c  student1                      
20200360  student2                      
20200374  Dummy                         
20200378  IndexAtNumber                 
2020037c  M                             
20200380  Option                        
20200384  Score                         
20200388  SizeofEID                     
2020038c  YourAns                       
20200390  SecondLetter                  
20200394  BusFreq                       
20207e00  __stack                       
20208000  __STACK_END                   
ffffffff  __TI_pprof_out_hndl           
ffffffff  __TI_prof_data_size           
ffffffff  __TI_prof_data_start          
ffffffff  __binit__                     
ffffffff  binit                         
UNDEFED   __mpu_init                    
UNDEFED   _system_post_cinit            

[130 symbols]
