******************************************************************************
            TI ARM Clang Linker PC v4.0.1                      
******************************************************************************
>> Linked Thu Mar  6 14:36:04 2025

OUTPUT FILE NAME:   <ECE319K_Lab5.out>
ENTRY POINT SYMBOL: "_c_int00_noargs"  address: 00001661


MEMORY CONFIGURATION

         name            origin    length      used     unused   attr    fill
----------------------  --------  ---------  --------  --------  ----  --------
  FLASH                 00000000   00020000  00002e30  0001d1d0  R  X
  SRAM                  20200000   00008000  0000066c  00007994  RW X
  BCR_CONFIG            41c00000   00000080  00000000  00000080  R   
  BSL_CONFIG            41c00100   00000080  00000000  00000080  R   


SEGMENT ALLOCATION MAP

run origin  load origin   length   init length attrs members
----------  ----------- ---------- ----------- ----- -------
00000000    00000000    00002e30   00002e30    r-x
  00000000    00000000    000000c0   000000c0    r-- .intvecs
  000000c0    000000c0    000017d0   000017d0    r-x .text
  00001890    00001890    00001570   00001570    r-- .rodata
  00002e00    00002e00    00000030   00000030    r-- .cinit
20200000    20200000    0000046c   00000000    rw-
  20200000    20200000    00000250   00000000    rw- .bss
  20200250    20200250    00000200   00000000    rw- .sysmem
  20200450    20200450    0000001c   00000000    rw- .data
20207e00    20207e00    00000200   00000000    rw-
  20207e00    20207e00    00000200   00000000    rw- .stack


SECTION ALLOCATION MAP

 output                                  attributes/
section   page    origin      length       input sections
--------  ----  ----------  ----------   ----------------
.intvecs   0    00000000    000000c0     
                  00000000    000000c0     startup_mspm0g3507_ticlang.o (.intvecs)

.text      0    000000c0    000017d0     
                  000000c0    000002c4     ECE319K_Lab5Grader.o (.text.FFT)
                  00000384    00000280     ECE319K_Lab5Grader.o (.text.Lab5Grader)
                  00000604    0000024c     ECE319K_Lab5Grader.o (.text.lab5grader)
                  00000850    000001b4     Clock.o (.text.Clock_Init80MHz)
                  00000a04    00000158     ECE319K_Lab5Grader.o (.text.CheckInitialization)
                  00000b5c    00000134     ECE319K_Lab5Grader.o (.text.ADC_Init)
                  00000c90    00000130     UARTints.o (.text.UART_Init)
                  00000dc0    000000a8     Timer.o (.text.TimerG7_IntArm)
                  00000e68    000000a0     ECE319K_Lab5main.o (.text.main)
                  00000f08    00000008     libclang_rt.builtins.a : aeabi_memcpy.S.obj (.text.__aeabi_memcpy)
                  00000f10    00000088     libc.a : strcmp-armv6m.S.obj (.text:strcmp)
                  00000f98    0000007c     LaunchPad.o (.text.LaunchPad_Init)
                  00001014    0000007c     libc.a : copy_decompress_lzss.c.obj (.text:decompress:lzss)
                  00001090    00000060     Timer.o (.text.TimerG12_Init)
                  000010f0    0000005c     UARTints.o (.text.UART0_IRQHandler)
                  0000114c    00000058     UARTints.o (.text.copyHardwareToSoftware)
                  000011a4    00000056     libclang_rt.builtins.a : aeabi_idivmod.S.obj (.text.__aeabi_idivmod)
                  000011fa    00000002                            : aeabi_div0.c.obj (.text.__aeabi_idiv0)
                  000011fc    0000004c     FIFO.o (.text.RxFifo_Put)
                  00001248    0000004c     FIFO.o (.text.TxFifo_Get)
                  00001294    0000004c     FIFO.o (.text.TxFifo_Put)
                  000012e0    0000004c     UARTints.o (.text.copySoftwareToHardware)
                  0000132c    00000048     Dump.o (.text.Debug_Init)
                  00001374    00000044     ECE319K_Lab5main.o (.text.Sound_Init)
                  000013b8    00000040     UARTints.o (.text.UART_OutChar)
                  000013f8    00000040     libclang_rt.builtins.a : aeabi_uidivmod.S.obj (.text.__aeabi_uidivmod)
                  00001438    0000003c     DAC5.o (.text.DAC5_Init)
                  00001474    0000003c     libc.a : autoinit.c.obj (.text:__TI_auto_init_nobinit_nopinit)
                  000014b0    00000038     LaunchPad.o (.text.ActivatePortA_B)
                  000014e8    00000038     Key.o (.text.Key_Init)
                  00001520    00000036     UART.o (.text.UART_OutUDec)
                  00001556    00000034     ECE319K_Lab5Grader.o (.text.setUpper)
                  0000158a    00000002     --HOLE-- [fill = 0]
                  0000158c    00000030     ECE319K_Lab5main.o (.text.SysTick_Handler)
                  000015bc    0000002c     ECE319K_Lab5Grader.o (.text.ReadInput)
                  000015e8    00000028     ECE319K_Lab5Grader.o (.text.ADC_Start)
                  00001610    00000028     ECE319K_Lab5Grader.o (.text.Grader_Init)
                  00001638    00000028     ECE319K_Lab5Grader.o (.text.LogicAnalyzer)
                  00001660    00000028     libc.a : boot_cortex_m.c.obj (.text:_c_int00_noargs)
                  00001688    00000026     UART.o (.text.UART_OutString)
                  000016ae    00000002     --HOLE-- [fill = 0]
                  000016b0    00000024     ECE319K_Lab5Grader.o (.text.TIMG7_IRQHandler)
                  000016d4    00000020     Key.o (.text.Key_In)
                  000016f4    00000020     ECE319K_Lab5Grader.o (.text.Random32)
                  00001714    00000020     ECE319K_Lab5main.o (.text.Sound_Start)
                  00001734    0000001c     DAC5.o (.text.DAC5_Out)
                  00001750    0000001c     startup_mspm0g3507_ticlang.o (.text.Default_Handler)
                  0000176c    0000001c     startup_mspm0g3507_ticlang.o (.text.HardFault_Handler)
                  00001788    00000018     FIFO.o (.text.RxFifo_Size)
                  000017a0    00000018     ECE319K_Lab5Grader.o (.text.Scope)
                  000017b8    00000018     FIFO.o (.text.TxFifo_Size)
                  000017d0    00000016     libc.a : copy_zero_init.c.obj (.text:decompress:ZI:__TI_zero_init_nomemset)
                  000017e6    00000002     --HOLE-- [fill = 0]
                  000017e8    00000014     FIFO.o (.text.RxFifo_Init)
                  000017fc    00000014     FIFO.o (.text.TxFifo_Init)
                  00001810    00000012     libc.a : memcpy16.S.obj (.text:TI_memcpy_small)
                  00001822    00000012            : copy_decompress_none.c.obj (.text:decompress:none)
                  00001834    00000010     Clock.o (.text.Clock_Delay)
                  00001844    00000010     LaunchPad.o (.text.Delay)
                  00001854    00000010     ECE319K_Lab5Grader.o (.text.OutCRLF)
                  00001864    0000000c     Clock.o (.text.Clock_Freq)
                  00001870    0000000c     ECE319K_Lab5main.o (.text.Sound_Stop)
                  0000187c    00000004     startup_mspm0g3507_ticlang.o (.text.Reset_Handler)
                  00001880    00000004     libc.a : pre_init.c.obj (.text._system_pre_init)
                  00001884    00000004            : exit.c.obj (.text:abort)
                  00001888    00000008     --HOLE-- [fill = 0]

.cinit     0    00002e00    00000030     
                  00002e00    0000000c     (.cinit..data.load) [load image, compression = lzss]
                  00002e0c    0000000c     (__TI_handler_table)
                  00002e18    00000008     (.cinit..bss.load) [load image, compression = zero_init]
                  00002e20    00000010     (__TI_cinit_table)

.rodata    0    00001890    00001570     
                  00001890    00000ff0     ECE319K_Lab5main.o (.rodata.sound1)
                  00002880    00000280     ECE319K_Lab5Grader.o (.rodata.NotesProblem)
                  00002b00    00000080     ECE319K_Lab5Grader.o (.rodata.NotesPeriod)
                  00002b80    0000004b     ECE319K_Lab5Grader.o (.rodata.str1.50055286786680503271)
                  00002bcb    0000003a     ECE319K_Lab5Grader.o (.rodata.str1.145938324600070204741)
                  00002c05    00000038     ECE319K_Lab5Grader.o (.rodata.str1.184216038014363249021)
                  00002c3d    00000037     ECE319K_Lab5Grader.o (.rodata.str1.77916425379104532341)
                  00002c74    0000002f     ECE319K_Lab5Grader.o (.rodata.str1.88270396947434664971)
                  00002ca3    0000002e     ECE319K_Lab5Grader.o (.rodata.str1.82889096367739448671)
                  00002cd1    00000003     --HOLE-- [fill = 0]
                  00002cd4    00000020     ECE319K_Lab5Grader.o (.rodata.IMULTIPLIERS)
                  00002cf4    00000020     ECE319K_Lab5Grader.o (.rodata.RMULTIPLIERS)
                  00002d14    0000001c     ECE319K_Lab5Grader.o (.rodata.str1.33577952556368563241)
                  00002d30    00000015     ECE319K_Lab5Grader.o (.rodata.str1.89560966556991981321)
                  00002d45    00000014     ECE319K_Lab5Grader.o (.rodata.str1.88020494194792965821)
                  00002d59    00000014     ECE319K_Lab5Grader.o (.rodata.str1.93559642825387313591)
                  00002d6d    00000013     ECE319K_Lab5Grader.o (.rodata.str1.71487878760028771091)
                  00002d80    00000011     ECE319K_Lab5Grader.o (.rodata.str1.137129017328727778561)
                  00002d91    00000010     ECE319K_Lab5Grader.o (.rodata.str1.148502664100618170541)
                  00002da1    00000010     ECE319K_Lab5Grader.o (.rodata.str1.49863426935575252381)
                  00002db1    0000000f     ECE319K_Lab5Grader.o (.rodata.str1.53906281691987897811)
                  00002dc0    0000000e     ECE319K_Lab5Grader.o (.rodata.str1.70472600287729786481)
                  00002dce    0000000d     ECE319K_Lab5Grader.o (.rodata.str1.140600510716839632671)
                  00002ddb    00000008     ECE319K_Lab5main.o (.rodata.EID1)
                  00002de3    00000008     ECE319K_Lab5Grader.o (.rodata.str1.69147075008774735551)
                  00002deb    00000007     ECE319K_Lab5main.o (.rodata.EID2)
                  00002df2    00000007     ECE319K_Lab5Grader.o (.rodata.str1.19144040753989699301)
                  00002df9    00000007     --HOLE-- [fill = 0]

.init_array 
*          0    00000000    00000000     UNINITIALIZED

.binit     0    00000000    00000000     

.bss       0    20200000    00000250     UNINITIALIZED
                  20200000    000000c8     (.common:DataBuffer)
                  202000c8    000000c8     (.common:TimeBuffer)
                  20200190    00000040     FIFO.o (.bss.TxFifo)
                  202001d0    00000040     (.common:Last16ADCresults)
                  20200210    00000010     FIFO.o (.bss.RxFifo)
                  20200220    00000004     (.common:DebugCnt)
                  20200224    00000004     (.common:LastIn)
                  20200228    00000004     (.common:M)
                  2020022c    00000004     (.common:Mask)
                  20200230    00000004     (.common:PeriodicTask2)
                  20200234    00000004     (.common:RxGetI)
                  20200238    00000004     (.common:RxPutI)
                  2020023c    00000004     (.common:SampleFlag)
                  20200240    00000004     (.common:State)
                  20200244    00000004     (.common:TExaSadc)
                  20200248    00000004     (.common:TxGetI)
                  2020024c    00000004     (.common:TxPutI)

.sysmem    0    20200250    00000200     UNINITIALIZED
                  20200250    00000010     libc.a : memory.c.obj (.sysmem)
                  20200260    000001f0     --HOLE--

.data      0    20200450    0000001c     UNINITIALIZED
                  20200450    00000004     Clock.o (.data.BusFreq)
                  20200454    00000004     ECE319K_Lab5Grader.o (.data.Fail)
                  20200458    00000004     ECE319K_Lab5Grader.o (.data.Last16ADCindex)
                  2020045c    00000004     ECE319K_Lab5Grader.o (.data.NotesMode)
                  20200460    00000004     ECE319K_Lab5Grader.o (.data.Score)
                  20200464    00000004     ECE319K_Lab5Grader.o (.data.Time)
                  20200468    00000004     ECE319K_Lab5main.o (.data.waveIndex)

.stack     0    20207e00    00000200     UNINITIALIZED
                  20207e00    00000004     libc.a : boot_cortex_m.c.obj (.stack)
                  20207e04    000001fc     --HOLE--

__llvm_prf_cnts 
*          0    20200000    00000000     UNINITIALIZED

__llvm_prf_bits 
*          0    20200000    00000000     UNINITIALIZED

MODULE SUMMARY

       Module                         code   ro data   rw data
       ------                         ----   -------   -------
    .\
       ECE319K_Lab5main.o             320    4095      4      
       ECE319K_Lab5Grader.o           2912   1383      112    
       UARTints.o                     624    0         0      
       Dump.o                         72     0         404    
       Clock.o                        464    0         4      
       FIFO.o                         316    0         96     
       Timer.o                        264    0         0      
       LaunchPad.o                    196    0         0      
       UART.o                         92     0         0      
       DAC5.o                         88     0         0      
       Key.o                          88     0         0      
    +--+------------------------------+------+---------+---------+
       Total:                         5436   5478      620    
                                                              
    .\ticlang\
       startup_mspm0g3507_ticlang.o   60     192       0      
    +--+------------------------------+------+---------+---------+
       Total:                         60     192       0      
                                                              
    C:\ti\ccs2000\ccs\tools\compiler\ti-cgt-armllvm_4.0.1.LTS\lib\armv6m-ti-none-eabi/c/libc.a
       strcmp-armv6m.S.obj            136    0         0      
       copy_decompress_lzss.c.obj     124    0         0      
       autoinit.c.obj                 60     0         0      
       boot_cortex_m.c.obj            40     0         0      
       copy_zero_init.c.obj           22     0         0      
       copy_decompress_none.c.obj     18     0         0      
       memcpy16.S.obj                 18     0         0      
       exit.c.obj                     4      0         0      
       pre_init.c.obj                 4      0         0      
    +--+------------------------------+------+---------+---------+
       Total:                         426    0         0      
                                                              
    C:\ti\ccs2000\ccs\tools\compiler\ti-cgt-armllvm_4.0.1.LTS\lib\armv6m-ti-none-eabi/libclang_rt.builtins.a
       aeabi_idivmod.S.obj            86     0         0      
       aeabi_uidivmod.S.obj           64     0         0      
       aeabi_memcpy.S.obj             8      0         0      
       aeabi_div0.c.obj               2      0         0      
    +--+------------------------------+------+---------+---------+
       Total:                         160    0         0      
                                                              
       Heap:                          0      0         512    
       Stack:                         0      0         512    
       Linker Generated:              0      48        0      
    +--+------------------------------+------+---------+---------+
       Grand Total:                   6082   5718      1644   


LINKER GENERATED COPY TABLES

__TI_cinit_table @ 00002e20 records: 2, size/record: 8, table size: 16
	.data: load addr=00002e00, load size=0000000c bytes, run addr=20200450, run size=0000001c bytes, compression=lzss
	.bss: load addr=00002e18, load size=00000008 bytes, run addr=20200000, run size=00000250 bytes, compression=zero_init


LINKER GENERATED HANDLER TABLE

__TI_handler_table @ 00002e0c records: 3, size/record: 4, table size: 12
	index: 0, handler: __TI_decompress_lzss
	index: 1, handler: __TI_decompress_none
	index: 2, handler: __TI_zero_init


GLOBAL SYMBOLS: SORTED ALPHABETICALLY BY Name 

address   name                          
-------   ----                          
00001751  ADC0_IRQHandler               
00001751  ADC1_IRQHandler               
00000b5d  ADC_Init                      
000015e9  ADC_Start                     
00001751  AES_IRQHandler                
000014b1  ActivatePortA_B               
20200450  BusFreq                       
00001884  C$$EXIT                       
00001751  CANFD0_IRQHandler             
00000a05  CheckInitialization           
00001835  Clock_Delay                   
00001865  Clock_Freq                    
00000851  Clock_Init80MHz               
00001751  DAC0_IRQHandler               
00001439  DAC5_Init                     
00001735  DAC5_Out                      
00001751  DMA_IRQHandler                
20200000  DataBuffer                    
20200220  DebugCnt                      
0000132d  Debug_Init                    
00001751  Default_Handler               
00001845  Delay                         
00002ddb  EID1                          
00002deb  EID2                          
000000c1  FFT                           
00001751  GROUP0_IRQHandler             
00001751  GROUP1_IRQHandler             
00001611  Grader_Init                   
0000176d  HardFault_Handler             
00001751  I2C0_IRQHandler               
00001751  I2C1_IRQHandler               
00002cd4  IMULTIPLIERS                  
000016d5  Key_In                        
000014e9  Key_Init                      
00000385  Lab5Grader                    
20200458  Last16ADCindex                
202001d0  Last16ADCresults              
20200224  LastIn                        
00000f99  LaunchPad_Init                
00001639  LogicAnalyzer                 
20200228  M                             
2020022c  Mask                          
00001751  NMI_Handler                   
2020045c  NotesMode                     
00002b00  NotesPeriod                   
00002880  NotesProblem                  
00001855  OutCRLF                       
00001751  PendSV_Handler                
20200230  PeriodicTask2                 
00002cf4  RMULTIPLIERS                  
00001751  RTC_IRQHandler                
000016f5  Random32                      
000015bd  ReadInput                     
0000187d  Reset_Handler                 
000017e9  RxFifo_Init                   
000011fd  RxFifo_Put                    
00001789  RxFifo_Size                   
20200234  RxGetI                        
20200238  RxPutI                        
00001751  SPI0_IRQHandler               
00001751  SPI1_IRQHandler               
00001751  SVC_Handler                   
2020023c  SampleFlag                    
000017a1  Scope                         
00001375  Sound_Init                    
00001715  Sound_Start                   
00001871  Sound_Stop                    
20200240  State                         
0000158d  SysTick_Handler               
20200244  TExaSadc                      
00001751  TIMA0_IRQHandler              
00001751  TIMA1_IRQHandler              
00001751  TIMG0_IRQHandler              
00001751  TIMG12_IRQHandler             
00001751  TIMG6_IRQHandler              
000016b1  TIMG7_IRQHandler              
00001751  TIMG8_IRQHandler              
00001811  TI_memcpy_small               
202000c8  TimeBuffer                    
00001091  TimerG12_Init                 
00000dc1  TimerG7_IntArm                
00001249  TxFifo_Get                    
000017fd  TxFifo_Init                   
00001295  TxFifo_Put                    
000017b9  TxFifo_Size                   
20200248  TxGetI                        
2020024c  TxPutI                        
000010f1  UART0_IRQHandler              
00001751  UART1_IRQHandler              
00001751  UART2_IRQHandler              
00001751  UART3_IRQHandler              
00000c91  UART_Init                     
000013b9  UART_OutChar                  
00001689  UART_OutString                
00001521  UART_OutUDec                  
20208000  __STACK_END                   
00000200  __STACK_SIZE                  
00000200  __SYSMEM_SIZE                 
00000000  __TI_ATRegion0_region_sz      
00000000  __TI_ATRegion0_src_addr       
00000000  __TI_ATRegion0_trg_addr       
00000000  __TI_ATRegion1_region_sz      
00000000  __TI_ATRegion1_src_addr       
00000000  __TI_ATRegion1_trg_addr       
00000000  __TI_ATRegion2_region_sz      
00000000  __TI_ATRegion2_src_addr       
00000000  __TI_ATRegion2_trg_addr       
00002e20  __TI_CINIT_Base               
00002e30  __TI_CINIT_Limit              
00002e30  __TI_CINIT_Warm               
00002e0c  __TI_Handler_Table_Base       
00002e18  __TI_Handler_Table_Limit      
00001475  __TI_auto_init_nobinit_nopinit
00001015  __TI_decompress_lzss          
00001823  __TI_decompress_none          
ffffffff  __TI_pprof_out_hndl           
ffffffff  __TI_prof_data_size           
ffffffff  __TI_prof_data_start          
00000000  __TI_static_base__            
000017d1  __TI_zero_init_nomemset       
000011a5  __aeabi_idiv                  
000011fb  __aeabi_idiv0                 
000011a5  __aeabi_idivmod               
00000f09  __aeabi_memcpy                
00000f09  __aeabi_memcpy4               
00000f09  __aeabi_memcpy8               
000013f9  __aeabi_uidiv                 
000013f9  __aeabi_uidivmod              
ffffffff  __binit__                     
UNDEFED   __mpu_init                    
20207e00  __stack                       
20200000  __start___llvm_prf_bits       
20200000  __start___llvm_prf_cnts       
20200000  __stop___llvm_prf_bits        
20200000  __stop___llvm_prf_cnts        
00001661  _c_int00_noargs               
20200250  _sys_memory                   
UNDEFED   _system_post_cinit            
00001881  _system_pre_init              
00001885  abort                         
ffffffff  binit                         
00000000  interruptVectors              
00000605  lab5grader                    
00000e69  main                          
00001557  setUpper                      
00001890  sound1                        
00000f11  strcmp                        
20200468  waveIndex                     


GLOBAL SYMBOLS: SORTED BY Symbol Address 

address   name                          
-------   ----                          
00000000  __TI_ATRegion0_region_sz      
00000000  __TI_ATRegion0_src_addr       
00000000  __TI_ATRegion0_trg_addr       
00000000  __TI_ATRegion1_region_sz      
00000000  __TI_ATRegion1_src_addr       
00000000  __TI_ATRegion1_trg_addr       
00000000  __TI_ATRegion2_region_sz      
00000000  __TI_ATRegion2_src_addr       
00000000  __TI_ATRegion2_trg_addr       
00000000  __TI_static_base__            
00000000  interruptVectors              
000000c1  FFT                           
00000200  __STACK_SIZE                  
00000200  __SYSMEM_SIZE                 
00000385  Lab5Grader                    
00000605  lab5grader                    
00000851  Clock_Init80MHz               
00000a05  CheckInitialization           
00000b5d  ADC_Init                      
00000c91  UART_Init                     
00000dc1  TimerG7_IntArm                
00000e69  main                          
00000f09  __aeabi_memcpy                
00000f09  __aeabi_memcpy4               
00000f09  __aeabi_memcpy8               
00000f11  strcmp                        
00000f99  LaunchPad_Init                
00001015  __TI_decompress_lzss          
00001091  TimerG12_Init                 
000010f1  UART0_IRQHandler              
000011a5  __aeabi_idiv                  
000011a5  __aeabi_idivmod               
000011fb  __aeabi_idiv0                 
000011fd  RxFifo_Put                    
00001249  TxFifo_Get                    
00001295  TxFifo_Put                    
0000132d  Debug_Init                    
00001375  Sound_Init                    
000013b9  UART_OutChar                  
000013f9  __aeabi_uidiv                 
000013f9  __aeabi_uidivmod              
00001439  DAC5_Init                     
00001475  __TI_auto_init_nobinit_nopinit
000014b1  ActivatePortA_B               
000014e9  Key_Init                      
00001521  UART_OutUDec                  
00001557  setUpper                      
0000158d  SysTick_Handler               
000015bd  ReadInput                     
000015e9  ADC_Start                     
00001611  Grader_Init                   
00001639  LogicAnalyzer                 
00001661  _c_int00_noargs               
00001689  UART_OutString                
000016b1  TIMG7_IRQHandler              
000016d5  Key_In                        
000016f5  Random32                      
00001715  Sound_Start                   
00001735  DAC5_Out                      
00001751  ADC0_IRQHandler               
00001751  ADC1_IRQHandler               
00001751  AES_IRQHandler                
00001751  CANFD0_IRQHandler             
00001751  DAC0_IRQHandler               
00001751  DMA_IRQHandler                
00001751  Default_Handler               
00001751  GROUP0_IRQHandler             
00001751  GROUP1_IRQHandler             
00001751  I2C0_IRQHandler               
00001751  I2C1_IRQHandler               
00001751  NMI_Handler                   
00001751  PendSV_Handler                
00001751  RTC_IRQHandler                
00001751  SPI0_IRQHandler               
00001751  SPI1_IRQHandler               
00001751  SVC_Handler                   
00001751  TIMA0_IRQHandler              
00001751  TIMA1_IRQHandler              
00001751  TIMG0_IRQHandler              
00001751  TIMG12_IRQHandler             
00001751  TIMG6_IRQHandler              
00001751  TIMG8_IRQHandler              
00001751  UART1_IRQHandler              
00001751  UART2_IRQHandler              
00001751  UART3_IRQHandler              
0000176d  HardFault_Handler             
00001789  RxFifo_Size                   
000017a1  Scope                         
000017b9  TxFifo_Size                   
000017d1  __TI_zero_init_nomemset       
000017e9  RxFifo_Init                   
000017fd  TxFifo_Init                   
00001811  TI_memcpy_small               
00001823  __TI_decompress_none          
00001835  Clock_Delay                   
00001845  Delay                         
00001855  OutCRLF                       
00001865  Clock_Freq                    
00001871  Sound_Stop                    
0000187d  Reset_Handler                 
00001881  _system_pre_init              
00001884  C$$EXIT                       
00001885  abort                         
00001890  sound1                        
00002880  NotesProblem                  
00002b00  NotesPeriod                   
00002cd4  IMULTIPLIERS                  
00002cf4  RMULTIPLIERS                  
00002ddb  EID1                          
00002deb  EID2                          
00002e0c  __TI_Handler_Table_Base       
00002e18  __TI_Handler_Table_Limit      
00002e20  __TI_CINIT_Base               
00002e30  __TI_CINIT_Limit              
00002e30  __TI_CINIT_Warm               
20200000  DataBuffer                    
20200000  __start___llvm_prf_bits       
20200000  __start___llvm_prf_cnts       
20200000  __stop___llvm_prf_bits        
20200000  __stop___llvm_prf_cnts        
202000c8  TimeBuffer                    
202001d0  Last16ADCresults              
20200220  DebugCnt                      
20200224  LastIn                        
20200228  M                             
2020022c  Mask                          
20200230  PeriodicTask2                 
20200234  RxGetI                        
20200238  RxPutI                        
2020023c  SampleFlag                    
20200240  State                         
20200244  TExaSadc                      
20200248  TxGetI                        
2020024c  TxPutI                        
20200250  _sys_memory                   
20200450  BusFreq                       
20200458  Last16ADCindex                
2020045c  NotesMode                     
20200468  waveIndex                     
20207e00  __stack                       
20208000  __STACK_END                   
ffffffff  __TI_pprof_out_hndl           
ffffffff  __TI_prof_data_size           
ffffffff  __TI_prof_data_start          
ffffffff  __binit__                     
ffffffff  binit                         
UNDEFED   __mpu_init                    
UNDEFED   _system_post_cinit            

[148 symbols]
