******************************************************************************
            TI ARM Clang Linker PC v4.0.1                      
******************************************************************************
>> Linked Tue Feb  4 01:28:38 2025

OUTPUT FILE NAME:   <ECE319K_Lab2 - Copy.out>
ENTRY POINT SYMBOL: "_c_int00_noargs"  address: 00000f81


MEMORY CONFIGURATION

         name            origin    length      used     unused   attr    fill
----------------------  --------  ---------  --------  --------  ----  --------
  FLASH                 00000000   00020000  000014f8  0001eb08  R  X
  SRAM                  20200000   00008000  0000044c  00007bb4  RW X
  BCR_CONFIG            41c00000   00000080  00000000  00000080  R   
  BSL_CONFIG            41c00100   00000080  00000000  00000080  R   


SEGMENT ALLOCATION MAP

run origin  load origin   length   init length attrs members
----------  ----------- ---------- ----------- ----- -------
00000000    00000000    000014f8   000014f8    r-x
  00000000    00000000    000000c0   000000c0    r-- .intvecs
  000000c0    000000c0    00000ff0   00000ff0    r-x .text
  000010b0    000010b0    00000418   00000418    r-- .rodata
  000014c8    000014c8    00000030   00000030    r-- .cinit
20200000    20200000    0000024c   00000000    rw-
  20200000    20200000    00000200   00000000    rw- .sysmem
  20200200    20200200    00000034   00000000    rw- .bss
  20200234    20200234    00000018   00000000    rw- .data
20207e00    20207e00    00000200   00000000    rw-
  20207e00    20207e00    00000200   00000000    rw- .stack


SECTION ALLOCATION MAP

 output                                  attributes/
section   page    origin      length       input sections
--------  ----  ----------  ----------   ----------------
.intvecs   0    00000000    000000c0     
                  00000000    000000c0     startup_mspm0g3507_ticlang.o (.intvecs)

.text      0    000000c0    00000ff0     
                  000000c0    000001b4     Clock.o (.text.Clock_Init80MHz)
                  00000274    00000188     ECE319K_Lab2main.o (.text.TIMG0_IRQHandler)
                  000003fc    00000168     ECE319K_Lab2main.o (.text.Lab2Grader)
                  00000564    00000134     ECE319K_Lab2main.o (.text.ADC_Init)
                  00000698    000000e8     UARTbusywait.o (.text.UART_Init)
                  00000780    000000e4     ECE319K_Lab2.o (.text)
                  00000864    000000ac     ECE319K_Lab2main.o (.text.ShowProblem)
                  00000910    000000a8     Timer.o (.text.TimerG7_IntArm)
                  000009b8    000000a4     ECE319K_Lab2main.o (.text.CheckInit)
                  00000a5c    000000a4     Timer.o (.text.TimerG0_IntArm)
                  00000b00    00000094     ECE319K_Lab2main.o (.text.main)
                  00000b94    0000000c     Clock.o (.text.Clock_Freq)
                  00000ba0    00000088     libc.a : strcmp-armv6m.S.obj (.text:strcmp)
                  00000c28    0000007c     LaunchPad.o (.text.LaunchPad_Init)
                  00000ca4    0000007c     libc.a : copy_decompress_lzss.c.obj (.text:decompress:lzss)
                  00000d20    0000005c     ECE319K_Lab2main.o (.text.AddPoints)
                  00000d7c    0000005c     ECE319K_Lab2main.o (.text.TIMG7_IRQHandler)
                  00000dd8    00000040     libclang_rt.builtins.a : aeabi_uidivmod.S.obj (.text.__aeabi_uidivmod)
                  00000e18    0000003c     libc.a : autoinit.c.obj (.text:__TI_auto_init_nobinit_nopinit)
                  00000e54    00000038     LaunchPad.o (.text.ActivatePortA_B)
                  00000e8c    00000036     UART.o (.text.UART_OutUDec)
                  00000ec2    00000002     Dump.o (.text.Debug_Init)
                  00000ec4    00000034     ECE319K_Lab2main.o (.text.EndLab2)
                  00000ef8    00000034     ECE319K_Lab2main.o (.text.setUpper)
                  00000f2c    0000002c     UARTbusywait.o (.text.UART_OutChar)
                  00000f58    00000028     ECE319K_Lab2main.o (.text.ADC_Start)
                  00000f80    00000028     libc.a : boot_cortex_m.c.obj (.text:_c_int00_noargs)
                  00000fa8    00000026     UART.o (.text.UART_OutString)
                  00000fce    00000002     libclang_rt.builtins.a : aeabi_div0.c.obj (.text.__aeabi_idiv0)
                  00000fd0    00000020     ECE319K_Lab2main.o (.text.Random32)
                  00000ff0    0000001c     startup_mspm0g3507_ticlang.o (.text.Default_Handler)
                  0000100c    0000001c     startup_mspm0g3507_ticlang.o (.text.HardFault_Handler)
                  00001028    00000018     ECE319K_Lab2main.o (.text.Random)
                  00001040    00000016     libc.a : copy_zero_init.c.obj (.text:decompress:ZI:__TI_zero_init_nomemset)
                  00001056    00000012            : memcpy16.S.obj (.text:TI_memcpy_small)
                  00001068    00000012            : copy_decompress_none.c.obj (.text:decompress:none)
                  0000107a    00000010     Clock.o (.text.Clock_Delay)
                  0000108a    00000010     LaunchPad.o (.text.Delay)
                  0000109a    00000002     --HOLE-- [fill = 0]
                  0000109c    00000008     libclang_rt.builtins.a : aeabi_memcpy.S.obj (.text.__aeabi_memcpy)
                  000010a4    00000004     startup_mspm0g3507_ticlang.o (.text.Reset_Handler)
                  000010a8    00000004     libc.a : pre_init.c.obj (.text._system_pre_init)
                  000010ac    00000004            : exit.c.obj (.text:abort)

.cinit     0    000014c8    00000030     
                  000014c8    0000000c     (.cinit..data.load) [load image, compression = lzss]
                  000014d4    0000000c     (__TI_handler_table)
                  000014e0    00000008     (.cinit..bss.load) [load image, compression = zero_init]
                  000014e8    00000010     (__TI_cinit_table)

.rodata    0    000010b0    00000418     
                  000010b0    00000140     ECE319K_Lab2main.o (.rodata.ChangeProblem)
                  000011f0    000000f0     ECE319K_Lab2main.o (.rodata.LEDProblem)
                  000012e0    00000080     ECE319K_Lab2main.o (.rodata.Duties)
                  00001360    0000002c     ECE319K_Lab2main.o (.rodata.str1.72387407528414735151)
                  0000138c    00000023     ECE319K_Lab2main.o (.rodata.str1.119244376489615108221)
                  000013af    00000023     ECE319K_Lab2main.o (.rodata.str1.135301900289581272511)
                  000013d2    00000022     ECE319K_Lab2main.o (.rodata.str1.128144458046839886001)
                  000013f4    0000001e     ECE319K_Lab2main.o (.rodata.str1.44660700354681502381)
                  00001412    0000001c     ECE319K_Lab2main.o (.rodata.str1.148095700443330669951)
                  0000142e    00000019     ECE319K_Lab2main.o (.rodata.str1.103003801458660166821)
                  00001447    00000017     ECE319K_Lab2main.o (.rodata.str1.73042674459103176111)
                  0000145e    00000002     --HOLE-- [fill = 0]
                  00001460    00000010     ECE319K_Lab2main.o (.rodata.ChangeMask)
                  00001470    00000010     ECE319K_Lab2main.o (.rodata.InMux)
                  00001480    0000000e     ECE319K_Lab2main.o (.rodata.str1.31021446546990648301)
                  0000148e    00000002     --HOLE-- [fill = 0]
                  00001490    0000000c     ECE319K_Lab2main.o (.rodata.LEDMask)
                  0000149c    0000000c     ECE319K_Lab2main.o (.rodata.OutMux)
                  000014a8    0000000b     ECE319K_Lab2main.o (.rodata.str1.171022728720343290241)
                  000014b3    00000008     ECE319K_Lab2main.o (.rodata.str1.141530679939114444391)
                  000014bb    00000007     ECE319K_Lab2main.o (.rodata.str1.102385045963333170191)
                  000014c2    00000003     ECE319K_Lab2main.o (.rodata.str1.77521282747640933751)
                  000014c5    00000003     --HOLE-- [fill = 0]

.init_array 
*          0    00000000    00000000     UNINITIALIZED

.binit     0    00000000    00000000     

.sysmem    0    20200000    00000200     UNINITIALIZED
                  20200000    00000010     libc.a : memory.c.obj (.sysmem)
                  20200010    000001f0     --HOLE--

.bss       0    20200200    00000034     UNINITIALIZED
                  20200200    00000010     (.common:Inflag)
                  20200210    00000004     (.common:Duty)
                  20200214    00000004     (.common:FirstCount)
                  20200218    00000004     (.common:LastLED)
                  2020021c    00000004     (.common:M)
                  20200220    00000004     (.common:Period)
                  20200224    00000004     (.common:Phase)
                  20200228    00000004     (.common:SecondCount)
                  2020022c    00000004     (.common:SizeofEID)
                  20200230    00000004     (.common:TExaSadc)

.data      0    20200234    00000018     UNINITIALIZED
                  20200234    00000004     Clock.o (.data.BusFreq)
                  20200238    00000004     ECE319K_Lab2main.o (.data.Mode0)
                  2020023c    00000004     ECE319K_Lab2main.o (.data.Mode1)
                  20200240    00000004     ECE319K_Lab2main.o (.data.Mode2)
                  20200244    00000004     ECE319K_Lab2main.o (.data.Score)
                  20200248    00000004     ECE319K_Lab2main.o (.data.Time)

.stack     0    20207e00    00000200     UNINITIALIZED
                  20207e00    00000004     libc.a : boot_cortex_m.c.obj (.stack)
                  20207e04    000001fc     --HOLE--

__llvm_prf_cnts 
*          0    20200000    00000000     UNINITIALIZED

__llvm_prf_bits 
*          0    20200000    00000000     UNINITIALIZED

MODULE SUMMARY

       Module                         code   ro data   rw data
       ------                         ----   -------   -------
    .\
       ECE319K_Lab2main.o             1928   1041      72     
       Clock.o                        464    0         4      
       Timer.o                        332    0         0      
       UARTbusywait.o                 276    0         0      
       ECE319K_Lab2.o                 228    0         0      
       LaunchPad.o                    196    0         0      
       UART.o                         92     0         0      
       Dump.o                         2      0         0      
    +--+------------------------------+------+---------+---------+
       Total:                         3518   1041      76     
                                                              
    .\ticlang\
       startup_mspm0g3507_ticlang.o   60     192       0      
    +--+------------------------------+------+---------+---------+
       Total:                         60     192       0      
                                                              
    C:\ti\ccs2000\ccs\tools\compiler\ti-cgt-armllvm_4.0.1.LTS\lib\armv6m-ti-none-eabi/c/libc.a
       strcmp-armv6m.S.obj            136    0         0      
       copy_decompress_lzss.c.obj     124    0         0      
       autoinit.c.obj                 60     0         0      
       boot_cortex_m.c.obj            40     0         0      
       copy_zero_init.c.obj           22     0         0      
       copy_decompress_none.c.obj     18     0         0      
       memcpy16.S.obj                 18     0         0      
       exit.c.obj                     4      0         0      
       pre_init.c.obj                 4      0         0      
    +--+------------------------------+------+---------+---------+
       Total:                         426    0         0      
                                                              
    C:\ti\ccs2000\ccs\tools\compiler\ti-cgt-armllvm_4.0.1.LTS\lib\armv6m-ti-none-eabi/libclang_rt.builtins.a
       aeabi_uidivmod.S.obj           64     0         0      
       aeabi_memcpy.S.obj             8      0         0      
       aeabi_div0.c.obj               2      0         0      
    +--+------------------------------+------+---------+---------+
       Total:                         74     0         0      
                                                              
       Heap:                          0      0         512    
       Stack:                         0      0         512    
       Linker Generated:              0      48        0      
    +--+------------------------------+------+---------+---------+
       Grand Total:                   4078   1281      1100   


LINKER GENERATED COPY TABLES

__TI_cinit_table @ 000014e8 records: 2, size/record: 8, table size: 16
	.data: load addr=000014c8, load size=0000000c bytes, run addr=20200234, run size=00000018 bytes, compression=lzss
	.bss: load addr=000014e0, load size=00000008 bytes, run addr=20200200, run size=00000034 bytes, compression=zero_init


LINKER GENERATED HANDLER TABLE

__TI_handler_table @ 000014d4 records: 3, size/record: 4, table size: 12
	index: 0, handler: __TI_decompress_lzss
	index: 1, handler: __TI_decompress_none
	index: 2, handler: __TI_zero_init


GLOBAL SYMBOLS: SORTED ALPHABETICALLY BY Name 

address   name                          
-------   ----                          
00000ff1  ADC0_IRQHandler               
00000ff1  ADC1_IRQHandler               
00000565  ADC_Init                      
00000f59  ADC_Start                     
00000ff1  AES_IRQHandler                
00000e55  ActivatePortA_B               
00000d21  AddPoints                     
20200234  BusFreq                       
000010ac  C$$EXIT                       
00000ff1  CANFD0_IRQHandler             
00001460  ChangeMask                    
000010b0  ChangeProblem                 
000009b9  CheckInit                     
0000107b  Clock_Delay                   
00000b95  Clock_Freq                    
000000c1  Clock_Init80MHz               
00000ff1  DAC0_IRQHandler               
00000ff1  DMA_IRQHandler                
00000ec3  Debug_Init                    
00000ff1  Default_Handler               
0000108b  Delay                         
000012e0  Duties                        
20200210  Duty                          
00000780  EID                           
00000ec5  EndLab2                       
20200214  FirstCount                    
00000ff1  GROUP0_IRQHandler             
00000ff1  GROUP1_IRQHandler             
0000100d  HardFault_Handler             
00000ff1  I2C0_IRQHandler               
00000ff1  I2C1_IRQHandler               
00001470  InMux                         
20200200  Inflag                        
00001490  LEDMask                       
000011f0  LEDProblem                    
000007b8  Lab2                          
000003fd  Lab2Grader                    
20200218  LastLED                       
00000c29  LaunchPad_Init                
2020021c  M                             
20200238  Mode0                         
2020023c  Mode1                         
20200240  Mode2                         
00000ff1  NMI_Handler                   
0000149c  OutMux                        
00000ff1  PendSV_Handler                
20200220  Period                        
20200224  Phase                         
00000ff1  RTC_IRQHandler                
00001029  Random                        
00000fd1  Random32                      
000010a5  Reset_Handler                 
00000ff1  SPI0_IRQHandler               
00000ff1  SPI1_IRQHandler               
00000ff1  SVC_Handler                   
20200244  Score                         
20200228  SecondCount                   
00000865  ShowProblem                   
2020022c  SizeofEID                     
00000ff1  SysTick_Handler               
20200230  TExaSadc                      
00000ff1  TIMA0_IRQHandler              
00000ff1  TIMA1_IRQHandler              
00000275  TIMG0_IRQHandler              
00000ff1  TIMG12_IRQHandler             
00000ff1  TIMG6_IRQHandler              
00000d7d  TIMG7_IRQHandler              
00000ff1  TIMG8_IRQHandler              
00001057  TI_memcpy_small               
20200248  Time                          
00000a5d  TimerG0_IntArm                
00000911  TimerG7_IntArm                
00000ff1  UART0_IRQHandler              
00000ff1  UART1_IRQHandler              
00000ff1  UART2_IRQHandler              
00000ff1  UART3_IRQHandler              
00000699  UART_Init                     
00000f2d  UART_OutChar                  
00000fa9  UART_OutString                
00000e8d  UART_OutUDec                  
20208000  __STACK_END                   
00000200  __STACK_SIZE                  
00000200  __SYSMEM_SIZE                 
00000000  __TI_ATRegion0_region_sz      
00000000  __TI_ATRegion0_src_addr       
00000000  __TI_ATRegion0_trg_addr       
00000000  __TI_ATRegion1_region_sz      
00000000  __TI_ATRegion1_src_addr       
00000000  __TI_ATRegion1_trg_addr       
00000000  __TI_ATRegion2_region_sz      
00000000  __TI_ATRegion2_src_addr       
00000000  __TI_ATRegion2_trg_addr       
000014e8  __TI_CINIT_Base               
000014f8  __TI_CINIT_Limit              
000014f8  __TI_CINIT_Warm               
000014d4  __TI_Handler_Table_Base       
000014e0  __TI_Handler_Table_Limit      
00000e19  __TI_auto_init_nobinit_nopinit
00000ca5  __TI_decompress_lzss          
00001069  __TI_decompress_none          
ffffffff  __TI_pprof_out_hndl           
ffffffff  __TI_prof_data_size           
ffffffff  __TI_prof_data_start          
00000000  __TI_static_base__            
00001041  __TI_zero_init_nomemset       
00000fcf  __aeabi_idiv0                 
0000109d  __aeabi_memcpy                
0000109d  __aeabi_memcpy4               
0000109d  __aeabi_memcpy8               
00000dd9  __aeabi_uidiv                 
00000dd9  __aeabi_uidivmod              
ffffffff  __binit__                     
UNDEFED   __mpu_init                    
20207e00  __stack                       
20200000  __start___llvm_prf_bits       
20200000  __start___llvm_prf_cnts       
20200000  __stop___llvm_prf_bits        
20200000  __stop___llvm_prf_cnts        
00000f81  _c_int00_noargs               
20200000  _sys_memory                   
UNDEFED   _system_post_cinit            
000010a9  _system_pre_init              
000010ad  abort                         
ffffffff  binit                         
00000000  interruptVectors              
00000b01  main                          
00000ef9  setUpper                      
00000ba1  strcmp                        


GLOBAL SYMBOLS: SORTED BY Symbol Address 

address   name                          
-------   ----                          
00000000  __TI_ATRegion0_region_sz      
00000000  __TI_ATRegion0_src_addr       
00000000  __TI_ATRegion0_trg_addr       
00000000  __TI_ATRegion1_region_sz      
00000000  __TI_ATRegion1_src_addr       
00000000  __TI_ATRegion1_trg_addr       
00000000  __TI_ATRegion2_region_sz      
00000000  __TI_ATRegion2_src_addr       
00000000  __TI_ATRegion2_trg_addr       
00000000  __TI_static_base__            
00000000  interruptVectors              
000000c1  Clock_Init80MHz               
00000200  __STACK_SIZE                  
00000200  __SYSMEM_SIZE                 
00000275  TIMG0_IRQHandler              
000003fd  Lab2Grader                    
00000565  ADC_Init                      
00000699  UART_Init                     
00000780  EID                           
000007b8  Lab2                          
00000865  ShowProblem                   
00000911  TimerG7_IntArm                
000009b9  CheckInit                     
00000a5d  TimerG0_IntArm                
00000b01  main                          
00000b95  Clock_Freq                    
00000ba1  strcmp                        
00000c29  LaunchPad_Init                
00000ca5  __TI_decompress_lzss          
00000d21  AddPoints                     
00000d7d  TIMG7_IRQHandler              
00000dd9  __aeabi_uidiv                 
00000dd9  __aeabi_uidivmod              
00000e19  __TI_auto_init_nobinit_nopinit
00000e55  ActivatePortA_B               
00000e8d  UART_OutUDec                  
00000ec3  Debug_Init                    
00000ec5  EndLab2                       
00000ef9  setUpper                      
00000f2d  UART_OutChar                  
00000f59  ADC_Start                     
00000f81  _c_int00_noargs               
00000fa9  UART_OutString                
00000fcf  __aeabi_idiv0                 
00000fd1  Random32                      
00000ff1  ADC0_IRQHandler               
00000ff1  ADC1_IRQHandler               
00000ff1  AES_IRQHandler                
00000ff1  CANFD0_IRQHandler             
00000ff1  DAC0_IRQHandler               
00000ff1  DMA_IRQHandler                
00000ff1  Default_Handler               
00000ff1  GROUP0_IRQHandler             
00000ff1  GROUP1_IRQHandler             
00000ff1  I2C0_IRQHandler               
00000ff1  I2C1_IRQHandler               
00000ff1  NMI_Handler                   
00000ff1  PendSV_Handler                
00000ff1  RTC_IRQHandler                
00000ff1  SPI0_IRQHandler               
00000ff1  SPI1_IRQHandler               
00000ff1  SVC_Handler                   
00000ff1  SysTick_Handler               
00000ff1  TIMA0_IRQHandler              
00000ff1  TIMA1_IRQHandler              
00000ff1  TIMG12_IRQHandler             
00000ff1  TIMG6_IRQHandler              
00000ff1  TIMG8_IRQHandler              
00000ff1  UART0_IRQHandler              
00000ff1  UART1_IRQHandler              
00000ff1  UART2_IRQHandler              
00000ff1  UART3_IRQHandler              
0000100d  HardFault_Handler             
00001029  Random                        
00001041  __TI_zero_init_nomemset       
00001057  TI_memcpy_small               
00001069  __TI_decompress_none          
0000107b  Clock_Delay                   
0000108b  Delay                         
0000109d  __aeabi_memcpy                
0000109d  __aeabi_memcpy4               
0000109d  __aeabi_memcpy8               
000010a5  Reset_Handler                 
000010a9  _system_pre_init              
000010ac  C$$EXIT                       
000010ad  abort                         
000010b0  ChangeProblem                 
000011f0  LEDProblem                    
000012e0  Duties                        
00001460  ChangeMask                    
00001470  InMux                         
00001490  LEDMask                       
0000149c  OutMux                        
000014d4  __TI_Handler_Table_Base       
000014e0  __TI_Handler_Table_Limit      
000014e8  __TI_CINIT_Base               
000014f8  __TI_CINIT_Limit              
000014f8  __TI_CINIT_Warm               
20200000  __start___llvm_prf_bits       
20200000  __start___llvm_prf_cnts       
20200000  __stop___llvm_prf_bits        
20200000  __stop___llvm_prf_cnts        
20200000  _sys_memory                   
20200200  Inflag                        
20200210  Duty                          
20200214  FirstCount                    
20200218  LastLED                       
2020021c  M                             
20200220  Period                        
20200224  Phase                         
20200228  SecondCount                   
2020022c  SizeofEID                     
20200230  TExaSadc                      
20200234  BusFreq                       
20200238  Mode0                         
2020023c  Mode1                         
20200240  Mode2                         
20200244  Score                         
20200248  Time                          
20207e00  __stack                       
20208000  __STACK_END                   
ffffffff  __TI_pprof_out_hndl           
ffffffff  __TI_prof_data_size           
ffffffff  __TI_prof_data_start          
ffffffff  __binit__                     
ffffffff  binit                         
UNDEFED   __mpu_init                    
UNDEFED   _system_post_cinit            

[128 symbols]
