******************************************************************************
            TI ARM Clang Linker PC v4.0.1                      
******************************************************************************
>> Linked Thu Feb 13 14:02:21 2025

OUTPUT FILE NAME:   <ECE319K_Lab3.out>
ENTRY POINT SYMBOL: "_c_int00_noargs"  address: 00000bd5


MEMORY CONFIGURATION

         name            origin    length      used     unused   attr    fill
----------------------  --------  ---------  --------  --------  ----  --------
  FLASH                 00000000   00020000  00000df0  0001f210  R  X
  SRAM                  20200000   00008000  0000059c  00007a64  RW X
  BCR_CONFIG            41c00000   00000080  00000000  00000080  R   
  BSL_CONFIG            41c00100   00000080  00000000  00000080  R   


SEGMENT ALLOCATION MAP

run origin  load origin   length   init length attrs members
----------  ----------- ---------- ----------- ----- -------
00000000    00000000    00000df0   00000df0    r-x
  00000000    00000000    000000c0   000000c0    r-- .intvecs
  000000c0    000000c0    00000c30   00000c30    r-x .text
  00000cf0    00000cf0    000000d0   000000d0    r-- .rodata
  00000dc0    00000dc0    00000030   00000030    r-- .cinit
20200000    20200000    0000039c   00000000    rw-
  20200000    20200000    00000200   00000000    rw- .sysmem
  20200200    20200200    00000198   00000000    rw- .bss
  20200398    20200398    00000004   00000000    rw- .data
20207e00    20207e00    00000200   00000000    rw-
  20207e00    20207e00    00000200   00000000    rw- .stack


SECTION ALLOCATION MAP

 output                                  attributes/
section   page    origin      length       input sections
--------  ----  ----------  ----------   ----------------
.intvecs   0    00000000    000000c0     
                  00000000    000000c0     startup_mspm0g3507_ticlang.o (.intvecs)

.text      0    000000c0    00000c30     
                  000000c0    000003bc     ECE319K_Lab3Grader.o (.text.Lab3Grader)
                  0000047c    000001b4     Clock.o (.text.Clock_Init80MHz)
                  00000630    00000124     Dump.o (.text.Debug_Period)
                  00000754    000000e8     UARTbusywait.o (.text.UART_Init)
                  0000083c    00000004     startup_mspm0g3507_ticlang.o (.text.Reset_Handler)
                  00000840    00000088     libc.a : strcmp-armv6m.S.obj (.text:strcmp)
                  000008c8    0000007c     LaunchPad.o (.text.LaunchPad_Init)
                  00000944    0000007c     libc.a : copy_decompress_lzss.c.obj (.text:decompress:lzss)
                  000009c0    00000060     Timer.o (.text.TimerG12_Init)
                  00000a20    00000054     Dump.o (.text.Debug_Dump)
                  00000a74    00000048     Dump.o (.text.Debug_Init)
                  00000abc    00000040     libclang_rt.builtins.a : aeabi_uidivmod.S.obj (.text.__aeabi_uidivmod)
                  00000afc    0000003c     libc.a : autoinit.c.obj (.text:__TI_auto_init_nobinit_nopinit)
                  00000b38    00000038     LaunchPad.o (.text.ActivatePortA_B)
                  00000b70    00000036     UART.o (.text.UART_OutUDec)
                  00000ba6    00000002     libclang_rt.builtins.a : aeabi_div0.c.obj (.text.__aeabi_idiv0)
                  00000ba8    0000002c     UARTbusywait.o (.text.UART_OutChar)
                  00000bd4    00000028     libc.a : boot_cortex_m.c.obj (.text:_c_int00_noargs)
                  00000bfc    00000026     UART.o (.text.UART_OutString)
                  00000c22    00000002     --HOLE-- [fill = 0]
                  00000c24    0000001c     startup_mspm0g3507_ticlang.o (.text.Default_Handler)
                  00000c40    0000001c     startup_mspm0g3507_ticlang.o (.text.HardFault_Handler)
                  00000c5c    00000016     libc.a : copy_zero_init.c.obj (.text:decompress:ZI:__TI_zero_init_nomemset)
                  00000c72    00000014     ECE319K_Lab3main.o (.text.main)
                  00000c86    00000012     libc.a : memcpy16.S.obj (.text:TI_memcpy_small)
                  00000c98    00000012            : copy_decompress_none.c.obj (.text:decompress:none)
                  00000caa    00000010     Clock.o (.text.Clock_Delay)
                  00000cba    00000010     LaunchPad.o (.text.Delay)
                  00000cca    00000002     --HOLE-- [fill = 0]
                  00000ccc    0000000c     Clock.o (.text.Clock_Freq)
                  00000cd8    00000008     libclang_rt.builtins.a : aeabi_memcpy.S.obj (.text.__aeabi_memcpy)
                  00000ce0    00000004     libc.a : pre_init.c.obj (.text._system_pre_init)
                  00000ce4    00000004            : exit.c.obj (.text:abort)
                  00000ce8    00000008     --HOLE-- [fill = 0]

.cinit     0    00000dc0    00000030     
                  00000dc0    0000000c     (__TI_handler_table)
                  00000dcc    00000008     (.cinit..bss.load) [load image, compression = zero_init]
                  00000dd4    00000008     (.cinit..data.load) [load image, compression = lzss]
                  00000ddc    00000010     (__TI_cinit_table)
                  00000dec    00000004     --HOLE-- [fill = 0]

.rodata    0    00000cf0    000000d0     
                  00000cf0    00000026     ECE319K_Lab3Grader.o (.rodata.str1.148530592931530432931)
                  00000d16    00000021     ECE319K_Lab3Grader.o (.rodata.str1.43233605451242065941)
                  00000d37    0000001b     ECE319K_Lab3Grader.o (.rodata.str1.118097411013454371911)
                  00000d52    00000014     ECE319K_Lab3Grader.o (.rodata.str1.76212714557060750971)
                  00000d66    0000000b     ECE319K_Lab3Grader.o (.rodata.str1.158650454643309746951)
                  00000d71    0000000b     ECE319K_Lab3Grader.o (.rodata.str1.25744857926175138811)
                  00000d7c    0000000b     ECE319K_Lab3Grader.o (.rodata.str1.41417377938327300691)
                  00000d87    0000000b     ECE319K_Lab3Grader.o (.rodata.str1.7883138719346243601)
                  00000d92    0000000a     ECE319K_Lab3Grader.o (.rodata.str1.172335072210135717591)
                  00000d9c    00000008     ECE319K_Lab3main.o (.rodata.Lab3EID)
                  00000da4    00000008     ECE319K_Lab3Grader.o (.rodata.str1.1574144288561467151)
                  00000dac    00000007     ECE319K_Lab3Grader.o (.rodata.str1.136942465366434895261)
                  00000db3    00000006     ECE319K_Lab3Grader.o (.rodata.str1.65126809904986568231)
                  00000db9    00000007     --HOLE-- [fill = 0]

.init_array 
*          0    00000000    00000000     UNINITIALIZED

.binit     0    00000000    00000000     

.sysmem    0    20200000    00000200     UNINITIALIZED
                  20200000    00000010     libc.a : memory.c.obj (.sysmem)
                  20200010    000001f0     --HOLE--

.bss       0    20200200    00000198     UNINITIALIZED
                  20200200    000000c8     (.common:DataBuffer)
                  202002c8    000000c8     (.common:TimeBuffer)
                  20200390    00000004     (.common:DebugCnt)
                  20200394    00000004     (.common:Score)

.data      0    20200398    00000004     UNINITIALIZED
                  20200398    00000004     Clock.o (.data.BusFreq)

.stack     0    20207e00    00000200     UNINITIALIZED
                  20207e00    00000004     libc.a : boot_cortex_m.c.obj (.stack)
                  20207e04    000001fc     --HOLE--

__llvm_prf_cnts 
*          0    20200000    00000000     UNINITIALIZED

__llvm_prf_bits 
*          0    20200000    00000000     UNINITIALIZED

MODULE SUMMARY

       Module                         code   ro data   rw data
       ------                         ----   -------   -------
    .\
       ECE319K_Lab3Grader.o           956    193       4      
       Dump.o                         448    0         404    
       Clock.o                        464    0         4      
       UARTbusywait.o                 276    0         0      
       LaunchPad.o                    196    0         0      
       Timer.o                        96     0         0      
       UART.o                         92     0         0      
       ECE319K_Lab3main.o             20     8         0      
    +--+------------------------------+------+---------+---------+
       Total:                         2548   201       412    
                                                              
    .\ticlang\
       startup_mspm0g3507_ticlang.o   60     192       0      
    +--+------------------------------+------+---------+---------+
       Total:                         60     192       0      
                                                              
    C:\ti\ccs2000\ccs\tools\compiler\ti-cgt-armllvm_4.0.1.LTS\lib\armv6m-ti-none-eabi/c/libc.a
       strcmp-armv6m.S.obj            136    0         0      
       copy_decompress_lzss.c.obj     124    0         0      
       autoinit.c.obj                 60     0         0      
       boot_cortex_m.c.obj            40     0         0      
       copy_zero_init.c.obj           22     0         0      
       copy_decompress_none.c.obj     18     0         0      
       memcpy16.S.obj                 18     0         0      
       exit.c.obj                     4      0         0      
       pre_init.c.obj                 4      0         0      
    +--+------------------------------+------+---------+---------+
       Total:                         426    0         0      
                                                              
    C:\ti\ccs2000\ccs\tools\compiler\ti-cgt-armllvm_4.0.1.LTS\lib\armv6m-ti-none-eabi/libclang_rt.builtins.a
       aeabi_uidivmod.S.obj           64     0         0      
       aeabi_memcpy.S.obj             8      0         0      
       aeabi_div0.c.obj               2      0         0      
    +--+------------------------------+------+---------+---------+
       Total:                         74     0         0      
                                                              
       Heap:                          0      0         512    
       Stack:                         0      0         512    
       Linker Generated:              0      44        0      
    +--+------------------------------+------+---------+---------+
       Grand Total:                   3108   437       1436   


LINKER GENERATED COPY TABLES

__TI_cinit_table @ 00000ddc records: 2, size/record: 8, table size: 16
	.bss: load addr=00000dcc, load size=00000008 bytes, run addr=20200200, run size=00000198 bytes, compression=zero_init
	.data: load addr=00000dd4, load size=00000008 bytes, run addr=20200398, run size=00000004 bytes, compression=lzss


LINKER GENERATED HANDLER TABLE

__TI_handler_table @ 00000dc0 records: 3, size/record: 4, table size: 12
	index: 0, handler: __TI_decompress_lzss
	index: 1, handler: __TI_decompress_none
	index: 2, handler: __TI_zero_init


GLOBAL SYMBOLS: SORTED ALPHABETICALLY BY Name 

address   name                          
-------   ----                          
00000c25  ADC0_IRQHandler               
00000c25  ADC1_IRQHandler               
00000c25  AES_IRQHandler                
00000b39  ActivatePortA_B               
20200398  BusFreq                       
00000ce4  C$$EXIT                       
00000c25  CANFD0_IRQHandler             
00000cab  Clock_Delay                   
00000ccd  Clock_Freq                    
0000047d  Clock_Init80MHz               
00000c25  DAC0_IRQHandler               
00000c25  DMA_IRQHandler                
20200200  DataBuffer                    
20200390  DebugCnt                      
00000a21  Debug_Dump                    
00000a75  Debug_Init                    
00000631  Debug_Period                  
00000c25  Default_Handler               
00000cbb  Delay                         
00000c25  GROUP0_IRQHandler             
00000c25  GROUP1_IRQHandler             
00000c41  HardFault_Handler             
00000c25  I2C0_IRQHandler               
00000c25  I2C1_IRQHandler               
00000d9c  Lab3EID                       
000000c1  Lab3Grader                    
000008c9  LaunchPad_Init                
00000c25  NMI_Handler                   
00000c25  PendSV_Handler                
00000c25  RTC_IRQHandler                
0000083d  Reset_Handler                 
00000c25  SPI0_IRQHandler               
00000c25  SPI1_IRQHandler               
00000c25  SVC_Handler                   
20200394  Score                         
00000c25  SysTick_Handler               
00000c25  TIMA0_IRQHandler              
00000c25  TIMA1_IRQHandler              
00000c25  TIMG0_IRQHandler              
00000c25  TIMG12_IRQHandler             
00000c25  TIMG6_IRQHandler              
00000c25  TIMG7_IRQHandler              
00000c25  TIMG8_IRQHandler              
00000c87  TI_memcpy_small               
202002c8  TimeBuffer                    
000009c1  TimerG12_Init                 
00000c25  UART0_IRQHandler              
00000c25  UART1_IRQHandler              
00000c25  UART2_IRQHandler              
00000c25  UART3_IRQHandler              
00000755  UART_Init                     
00000ba9  UART_OutChar                  
00000bfd  UART_OutString                
00000b71  UART_OutUDec                  
20208000  __STACK_END                   
00000200  __STACK_SIZE                  
00000200  __SYSMEM_SIZE                 
00000000  __TI_ATRegion0_region_sz      
00000000  __TI_ATRegion0_src_addr       
00000000  __TI_ATRegion0_trg_addr       
00000000  __TI_ATRegion1_region_sz      
00000000  __TI_ATRegion1_src_addr       
00000000  __TI_ATRegion1_trg_addr       
00000000  __TI_ATRegion2_region_sz      
00000000  __TI_ATRegion2_src_addr       
00000000  __TI_ATRegion2_trg_addr       
00000ddc  __TI_CINIT_Base               
00000dec  __TI_CINIT_Limit              
00000dec  __TI_CINIT_Warm               
00000dc0  __TI_Handler_Table_Base       
00000dcc  __TI_Handler_Table_Limit      
00000afd  __TI_auto_init_nobinit_nopinit
00000945  __TI_decompress_lzss          
00000c99  __TI_decompress_none          
ffffffff  __TI_pprof_out_hndl           
ffffffff  __TI_prof_data_size           
ffffffff  __TI_prof_data_start          
00000000  __TI_static_base__            
00000c5d  __TI_zero_init_nomemset       
00000ba7  __aeabi_idiv0                 
00000cd9  __aeabi_memcpy                
00000cd9  __aeabi_memcpy4               
00000cd9  __aeabi_memcpy8               
00000abd  __aeabi_uidiv                 
00000abd  __aeabi_uidivmod              
ffffffff  __binit__                     
UNDEFED   __mpu_init                    
20207e00  __stack                       
20200000  __start___llvm_prf_bits       
20200000  __start___llvm_prf_cnts       
20200000  __stop___llvm_prf_bits        
20200000  __stop___llvm_prf_cnts        
00000bd5  _c_int00_noargs               
20200000  _sys_memory                   
UNDEFED   _system_post_cinit            
00000ce1  _system_pre_init              
00000ce5  abort                         
ffffffff  binit                         
00000000  interruptVectors              
00000c73  main                          
00000841  strcmp                        


GLOBAL SYMBOLS: SORTED BY Symbol Address 

address   name                          
-------   ----                          
00000000  __TI_ATRegion0_region_sz      
00000000  __TI_ATRegion0_src_addr       
00000000  __TI_ATRegion0_trg_addr       
00000000  __TI_ATRegion1_region_sz      
00000000  __TI_ATRegion1_src_addr       
00000000  __TI_ATRegion1_trg_addr       
00000000  __TI_ATRegion2_region_sz      
00000000  __TI_ATRegion2_src_addr       
00000000  __TI_ATRegion2_trg_addr       
00000000  __TI_static_base__            
00000000  interruptVectors              
000000c1  Lab3Grader                    
00000200  __STACK_SIZE                  
00000200  __SYSMEM_SIZE                 
0000047d  Clock_Init80MHz               
00000631  Debug_Period                  
00000755  UART_Init                     
0000083d  Reset_Handler                 
00000841  strcmp                        
000008c9  LaunchPad_Init                
00000945  __TI_decompress_lzss          
000009c1  TimerG12_Init                 
00000a21  Debug_Dump                    
00000a75  Debug_Init                    
00000abd  __aeabi_uidiv                 
00000abd  __aeabi_uidivmod              
00000afd  __TI_auto_init_nobinit_nopinit
00000b39  ActivatePortA_B               
00000b71  UART_OutUDec                  
00000ba7  __aeabi_idiv0                 
00000ba9  UART_OutChar                  
00000bd5  _c_int00_noargs               
00000bfd  UART_OutString                
00000c25  ADC0_IRQHandler               
00000c25  ADC1_IRQHandler               
00000c25  AES_IRQHandler                
00000c25  CANFD0_IRQHandler             
00000c25  DAC0_IRQHandler               
00000c25  DMA_IRQHandler                
00000c25  Default_Handler               
00000c25  GROUP0_IRQHandler             
00000c25  GROUP1_IRQHandler             
00000c25  I2C0_IRQHandler               
00000c25  I2C1_IRQHandler               
00000c25  NMI_Handler                   
00000c25  PendSV_Handler                
00000c25  RTC_IRQHandler                
00000c25  SPI0_IRQHandler               
00000c25  SPI1_IRQHandler               
00000c25  SVC_Handler                   
00000c25  SysTick_Handler               
00000c25  TIMA0_IRQHandler              
00000c25  TIMA1_IRQHandler              
00000c25  TIMG0_IRQHandler              
00000c25  TIMG12_IRQHandler             
00000c25  TIMG6_IRQHandler              
00000c25  TIMG7_IRQHandler              
00000c25  TIMG8_IRQHandler              
00000c25  UART0_IRQHandler              
00000c25  UART1_IRQHandler              
00000c25  UART2_IRQHandler              
00000c25  UART3_IRQHandler              
00000c41  HardFault_Handler             
00000c5d  __TI_zero_init_nomemset       
00000c73  main                          
00000c87  TI_memcpy_small               
00000c99  __TI_decompress_none          
00000cab  Clock_Delay                   
00000cbb  Delay                         
00000ccd  Clock_Freq                    
00000cd9  __aeabi_memcpy                
00000cd9  __aeabi_memcpy4               
00000cd9  __aeabi_memcpy8               
00000ce1  _system_pre_init              
00000ce4  C$$EXIT                       
00000ce5  abort                         
00000d9c  Lab3EID                       
00000dc0  __TI_Handler_Table_Base       
00000dcc  __TI_Handler_Table_Limit      
00000ddc  __TI_CINIT_Base               
00000dec  __TI_CINIT_Limit              
00000dec  __TI_CINIT_Warm               
20200000  __start___llvm_prf_bits       
20200000  __start___llvm_prf_cnts       
20200000  __stop___llvm_prf_bits        
20200000  __stop___llvm_prf_cnts        
20200000  _sys_memory                   
20200200  DataBuffer                    
202002c8  TimeBuffer                    
20200390  DebugCnt                      
20200394  Score                         
20200398  BusFreq                       
20207e00  __stack                       
20208000  __STACK_END                   
ffffffff  __TI_pprof_out_hndl           
ffffffff  __TI_prof_data_size           
ffffffff  __TI_prof_data_start          
ffffffff  __binit__                     
ffffffff  binit                         
UNDEFED   __mpu_init                    
UNDEFED   _system_post_cinit            

[101 symbols]
